05-06 17:54:52.562  1365  4433 E WindowManager: win=Window{d5e5bb5 u0 com.sec.android.app.launcher/com.samsung.app.honeyspace.edge.CocktailBarService} destroySurfaces: appStopped=true cleanupOnResume=false win.mWindowRemovalAllowed=false win.mRemoveOnExit=false win.mViewVisibility=8 caller=com.android.server.wm.WindowManagerService.tryStartExitingAnimation:2980 com.android.server.wm.WindowManagerService.relayoutWindow:2685 com.android.server.wm.Session.relayout:282 android.view.IWindowSession$Stub.onTransact:782 com.android.server.wm.Session.onTransact:204 android.os.Binder.execTransactInternal:1375 android.os.Binder.execTransact:1311 
05-06 17:54:53.128  1150  1167 E SEC_DRM_PLUGIN_Omafl: OmaPlugin::onOpenDecryptSession(fd)::Drm2IsDrmFileByExtFd::file is NOT DRM by extension
05-06 17:54:53.673 22438 22438 E RestrictModeUtil: isDexMode() : desktop mode manager is null, so it can't be decided
05-06 17:54:53.693 22438 22438 E RestrictModeUtil: isDexMode() : desktop mode manager is null, so it can't be decided
05-06 17:54:54.423  1365  8698 E TaskPersister: File error accessing recents directory (directory doesn't exist?).
05-06 17:54:54.707  1040  1071 E BatteryDump: !@new_battery_dump : 4189,-665,100,100,88,301,308,367,0,0,313,367,0,Discharging,NO_CHARGING,None,Good,NONE,0,Normal,0,0,9420,0x40000000,0x10000,0x0,0,0000,0000,00000000,0,0,0,0,143,4227,8450,958,0,
05-06 17:55:03.167   506 25848 E WLBTD   : failed No such file or directory to open /dev/scsc_log_in_dram_0
05-06 17:55:03.968  1365  1454 E Watchdog: !@Sync: 2191 heap: 95 / 104 FD: 1032 [2025-05-06 17:55:03.967]
05-06 17:55:05.779  1065  1726 E NativeCustomFrequencyManager: [NativeCFMS] BpCustomFrequencyManager::acquire()
05-06 17:55:08.091  1365  4176 E WindowManager: win=Window{d5e5bb5 u0 com.sec.android.app.launcher/com.samsung.app.honeyspace.edge.CocktailBarService} destroySurfaces: appStopped=true cleanupOnResume=false win.mWindowRemovalAllowed=false win.mRemoveOnExit=false win.mViewVisibility=8 caller=com.android.server.wm.WindowManagerService.tryStartExitingAnimation:2980 com.android.server.wm.WindowManagerService.relayoutWindow:2685 com.android.server.wm.Session.relayout:282 android.view.IWindowSession$Stub.onTransact:782 com.android.server.wm.Session.onTransact:204 android.os.Binder.execTransactInternal:1375 android.os.Binder.execTransact:1311 
05-06 17:55:08.171  1065  1726 E NativeCustomFrequencyManager: [NativeCFMS] BpCustomFrequencyManager::acquire()
05-06 17:55:11.275  1365  4176 E WindowManager: win=Window{d5e5bb5 u0 com.sec.android.app.launcher/com.samsung.app.honeyspace.edge.CocktailBarService} destroySurfaces: appStopped=true cleanupOnResume=false win.mWindowRemovalAllowed=false win.mRemoveOnExit=false win.mViewVisibility=8 caller=com.android.server.wm.WindowManagerService.tryStartExitingAnimation:2980 com.android.server.wm.WindowManagerService.relayoutWindow:2685 com.android.server.wm.Session.relayout:282 android.view.IWindowSession$Stub.onTransact:782 com.android.server.wm.Session.onTransact:204 android.os.Binder.execTransactInternal:1375 android.os.Binder.execTransact:1311 
05-06 17:55:11.354  1065  1726 E NativeCustomFrequencyManager: [NativeCFMS] BpCustomFrequencyManager::acquire()
05-06 17:55:24.756  1040  1071 E BatteryDump: !@new_battery_dump : 4197,-261,100,100,88,303,310,336,0,0,316,336,0,Discharging,NO_CHARGING,None,Good,NONE,0,Normal,0,0,9420,0x40000000,0x10000,0x0,0,0000,0000,00000000,0,0,0,0,143,4227,8440,958,0,
05-06 17:55:28.865  1365  1750 E KernelCpuUidFullTimeReader: Negative delta from freq time for uid: 90000, delta: -291
05-06 17:55:28.865  1365  1750 E KernelCpuUidFullTimeReader: Negative delta from freq time for uid: 90001, delta: -5
05-06 17:55:28.865  1365  1750 E KernelCpuUidFullTimeReader: Negative delta from freq time for uid: 90002, delta: -2
05-06 17:55:33.983  1365  1454 E Watchdog: !@Sync: 2192 heap: 95 / 104 FD: 1040 [2025-05-06 17:55:33.982]
05-06 17:55:35.953 25928 25928 E Parcel  : Reading a NULL string not supported here.
05-06 17:55:35.984   987   987 E audit   : type=1400 audit(1746546935.977:38585): avc:  denied  { call } for  pid=25928 comm="service" scontext=u:r:shell:s0 tcontext=u:r:netd:s0 tclass=binder permissive=0 SEPF_SM-A546B_13_0001 audit_filtered
05-06 17:55:35.984   987   987 E audit   : type=1400 audit(1746546935.977:38586): avc:  denied  { call } for  pid=25928 comm="service" scontext=u:r:shell:s0 tcontext=u:r:system_suspend:s0 tclass=binder permissive=0 SEPF_SM-A546B_13_0001 audit_filtered
05-06 17:55:35.984 25928 25928 E Parcel  : Reading a NULL string not supported here.
05-06 17:55:35.990 25928 25928 E Parcel  : Reading a NULL string not supported here.
05-06 17:55:35.991 25928 25928 E Parcel  : Reading a NULL string not supported here.
05-06 17:55:35.993 25928 25928 E Parcel  : Reading a NULL string not supported here.
05-06 17:55:35.994   987   987 E audit   : type=1400 audit(1746546935.989:38587): avc:  denied  { call } for  pid=25928 comm="service" scontext=u:r:shell:s0 tcontext=u:r:fabriccrypto:s0 tclass=binder permissive=0 SEPF_SM-A546B_13_0001 audit_filtered
05-06 17:55:35.997 25928 25928 E Parcel  : Reading a NULL string not supported here.
05-06 17:55:35.998 25928 25928 E Parcel  : Reading a NULL string not supported here.
05-06 17:55:35.999 25928 25928 E Parcel  : Reading a NULL string not supported here.
05-06 17:55:36.000 25928 25928 E Parcel  : Reading a NULL string not supported here.
05-06 17:55:36.001 25928 25928 E Parcel  : Reading a NULL string not supported here.
05-06 17:55:36.005 25928 25928 E Parcel  : Reading a NULL string not supported here.
05-06 17:55:36.010 25928 25928 E Parcel  : Reading a NULL string not supported here.
05-06 17:55:36.018   987   987 E audit   : type=1400 audit(1746546936.013:38588): avc:  denied  { call } for  pid=25928 comm="service" scontext=u:r:shell:s0 tcontext=u:r:kumihodecoder:s0 tclass=binder permissive=0 SEPF_SM-A546B_13_0001 audit_filtered
05-06 17:55:36.020 25928 25928 E Parcel  : Reading a NULL string not supported here.
05-06 17:55:36.021 25928 25928 E Parcel  : Reading a NULL string not supported here.
05-06 17:55:36.027 25928 25928 E Parcel  : Reading a NULL string not supported here.
05-06 17:55:36.033 25928 25928 E Parcel  : Reading a NULL string not supported here.
05-06 17:55:36.039 25928 25928 E Parcel  : Reading a NULL string not supported here.
05-06 17:55:36.040 25928 25928 E Parcel  : Reading a NULL string not supported here.
05-06 17:55:36.045 25928 25928 E Parcel  : Reading a NULL string not supported here.
05-06 17:55:36.052 25928 25928 E Parcel  : Reading a NULL string not supported here.
05-06 17:55:36.054   987   987 E audit   : type=1400 audit(1746546936.049:38589): avc:  denied  { call } for  pid=25928 comm="service" scontext=u:r:shell:s0 tcontext=u:r:speg_helper_daemon:s0 tclass=binder permissive=0 SEPF_SM-A546B_13_0001 audit_filtered
05-06 17:55:36.054   987   987 E audit   : type=1400 audit(1746546936.049:38590): avc:  denied  { call } for  pid=25928 comm="service" scontext=u:r:shell:s0 tcontext=u:r:spqr_service_daemon:s0 tclass=binder permissive=0 SEPF_SM-A546B_13_0001 audit_filtered
05-06 17:55:36.057 25928 25928 E Parcel  : Reading a NULL string not supported here.
05-06 17:55:36.059 25928 25928 E Parcel  : Reading a NULL string not supported here.
05-06 17:55:36.063 25928 25928 E Parcel  : Reading a NULL string not supported here.
05-06 17:55:36.073   987   987 E audit   : type=1400 audit(1746546936.069:38591): avc:  denied  { call } for  pid=25928 comm="service" scontext=u:r:shell:s0 tcontext=u:r:wificond:s0 tclass=binder permissive=0 SEPF_SM-A546B_13_0001 audit_filtered
05-06 17:55:36.142 25930 25930 E Parcel  : Reading a NULL string not supported here.
05-06 17:55:36.166   987   987 E audit   : type=1400 audit(1746546936.161:38592): avc:  denied  { call } for  pid=25930 comm="service" scontext=u:r:shell:s0 tcontext=u:r:netd:s0 tclass=binder permissive=0 SEPF_SM-A546B_13_0001 audit_filtered
05-06 17:55:36.167   987   987 E audit   : type=1400 audit(1746546936.161:38593): avc:  denied  { call } for  pid=25930 comm="service" scontext=u:r:shell:s0 tcontext=u:r:system_suspend:s0 tclass=binder permissive=0 SEPF_SM-A546B_13_0001 audit_filtered
05-06 17:55:36.167 25930 25930 E Parcel  : Reading a NULL string not supported here.
05-06 17:55:36.173 25930 25930 E Parcel  : Reading a NULL string not supported here.
05-06 17:55:36.174 25930 25930 E Parcel  : Reading a NULL string not supported here.
05-06 17:55:36.175 25930 25930 E Parcel  : Reading a NULL string not supported here.
05-06 17:55:36.180 25930 25930 E Parcel  : Reading a NULL string not supported here.
05-06 17:55:36.181 25930 25930 E Parcel  : Reading a NULL string not supported here.
05-06 17:55:36.181 25930 25930 E Parcel  : Reading a NULL string not supported here.
05-06 17:55:36.183 25930 25930 E Parcel  : Reading a NULL string not supported here.
05-06 17:55:36.183 25930 25930 E Parcel  : Reading a NULL string not supported here.
05-06 17:55:36.186 25930 25930 E Parcel  : Reading a NULL string not supported here.
05-06 17:55:36.191 25930 25930 E Parcel  : Reading a NULL string not supported here.
05-06 17:55:36.203 25930 25930 E Parcel  : Reading a NULL string not supported here.
05-06 17:55:36.204 25930 25930 E Parcel  : Reading a NULL string not supported here.
05-06 17:55:36.210 25930 25930 E Parcel  : Reading a NULL string not supported here.
05-06 17:55:36.215 25930 25930 E Parcel  : Reading a NULL string not supported here.
05-06 17:55:36.221 25930 25930 E Parcel  : Reading a NULL string not supported here.
05-06 17:55:36.222 25930 25930 E Parcel  : Reading a NULL string not supported here.
05-06 17:55:36.226 25930 25930 E Parcel  : Reading a NULL string not supported here.
05-06 17:55:36.232 25930 25930 E Parcel  : Reading a NULL string not supported here.
05-06 17:55:36.237 25930 25930 E Parcel  : Reading a NULL string not supported here.
05-06 17:55:36.239 25930 25930 E Parcel  : Reading a NULL string not supported here.
05-06 17:55:36.243 25930 25930 E Parcel  : Reading a NULL string not supported here.
05-06 17:55:39.418 27374 27419 E AbstractLogEventBuilder: The provided ProductIdOrigin 3 is not one of the process-level expected values: 1 or 2
05-06 17:55:39.601 25950 25950 E entsScanService: Not starting debugger since process cannot load the jdwp agent.
05-06 17:55:39.678 27374 25650 E AbstractLogEventBuilder: The provided ProductIdOrigin 3 is not one of the process-level expected values: 1 or 2
05-06 17:55:41.150 27374 25643 E AbstractLogEventBuilder: The provided ProductIdOrigin 3 is not one of the process-level expected values: 1 or 2
05-06 17:55:41.152 27374 27405 E AbstractLogEventBuilder: The provided ProductIdOrigin 3 is not one of the process-level expected values: 1 or 2
05-06 17:55:41.452  1016 25833 E audio_hw_proxy2: offload_out-proxy_offload_compress_func: wait
05-06 17:55:41.535  1065  1726 E NativeCustomFrequencyManager: [NativeCFMS] BpCustomFrequencyManager::acquire()
05-06 17:55:41.601  1365  2098 E AppOps  : attributionTag VCN not declared in manifest of android
05-06 17:55:41.726  1365  2098 E AppOps  : attributionTag VCN not declared in manifest of android
05-06 17:55:41.798  1365  2098 E AppOps  : attributionTag VCN not declared in manifest of android
05-06 17:55:41.840 24112 24112 E FILP/PackageIntentReceiver: This package is not a effect filter
05-06 17:55:41.850  1365  4261 E AppSearchAppsIndexerImpl: Certificate not found for package: org.chromium.webapk.ae8595e9ca099cb93_v2
05-06 17:55:41.851 27374 27419 E Finsky  : [294] aglv.y(47): [Counters] attempted to use a non-positive increment for: 4752
05-06 17:55:41.852 27374 27419 E Finsky  : [294] aglv.y(47): [Counters] attempted to use a non-positive increment for: 4753
05-06 17:55:41.901 27374 27414 E Finsky  : [289] aglv.y(47): [Counters] attempted to use a non-positive increment for: 4752
05-06 17:55:41.901 27374 27414 E Finsky  : [289] aglv.y(47): [Counters] attempted to use a non-positive increment for: 4753
05-06 17:55:41.911 27374 27424 E AppIconSolution: Using cached contents available for com.needwin.Eclipse2.appicon
05-06 17:55:41.931 27374 27419 E Finsky  : [294] aglv.y(47): [Counters] attempted to use a non-positive increment for: 4752
05-06 17:55:41.932 27374 27419 E Finsky  : [294] aglv.y(47): [Counters] attempted to use a non-positive increment for: 4753
05-06 17:55:41.969 27374 27414 E Finsky  : [289] aglv.y(47): [Counters] attempted to use a non-positive increment for: 4752
05-06 17:55:41.984 27374 27414 E Finsky  : [289] aglv.y(47): [Counters] attempted to use a non-positive increment for: 4753
05-06 17:55:42.053  1065  1065 E BpTransactionCompletedListener: Failed to transact (-32)
05-06 17:55:42.053  1065  1065 E BpTransactionCompletedListener: Failed to transact (-32)
05-06 17:55:42.055  1365  4261 E AppSearchAppsIndexerAppSearchHelper: Ran into error while indexing apps: [FAILURE(3)]: Key cannot contain a null character '\0'
05-06 17:55:42.056  2675 25742 E AppIconSolution: Using cached contents available for com.needwin.Eclipse2.appicon
05-06 17:55:42.074  2675  3876 E HoneySpace.PackageUtils: com.samsung.android.app.spage is not installed 
05-06 17:55:42.074  2675  3876 E HoneySpace.PackageUtils: com.samsung.android.app.spage is not installed 
05-06 17:55:42.087  1365  4261 E AppSearchAppsIndexerImpl: Certificate not found for package: org.chromium.webapk.ae8595e9ca099cb93_v2
05-06 17:55:42.177 24103 24103 E Routine@Core[4.6.02.0]: InstanceCleaner: deleteRoutines: id=[]
05-06 17:55:42.231  1365  4261 E AppSearchAppsIndexerAppSearchHelper: Ran into error while indexing apps: [FAILURE(3)]: Key cannot contain a null character '\0'
05-06 17:55:42.521 18717 18757 E chromium: [ERROR:get_updates_processor.cc(267)] PostClientToServerMessage() failed during GetUpdates with error Network error (ERR_INTERNET_DISCONNECTED)
05-06 17:55:45.052  1365  8698 E TaskPersister: File error accessing recents directory (directory doesn't exist?).
05-06 17:55:50.914  3052 26044 E pageboostd: alp start : app comalejandroacgchoicebound
05-06 17:55:50.914  1365  2237 E ActivityTaskManager: TouchDown intent received, starting ActiveLaunch
05-06 17:55:50.926  3052 26044 E pageboostd: comalejandroacgchoicebound, amt 0 scnt 0 fcnt 0
05-06 17:55:50.926  3052 26044 E pageboostd: comalejandroacgchoicebound, amt 0 scnt 0 fcnt 0
05-06 17:55:50.926  3052 26044 E pageboostd: alp end : app comalejandroacgchoicebound data_amount 0
05-06 17:55:50.930  2245  2325 E AppIconSolution: Using cached contents available for com.needwin.Eclipse2.appicon
05-06 17:55:51.016  3052  3052 E pageboostd: Received HALT command code 2
05-06 17:55:51.106  1065  1726 E NativeCustomFrequencyManager: [NativeCFMS] BpCustomFrequencyManager::acquire()
05-06 17:55:51.215 26045 26070 E acg.choicebound: No package ID 75 found for resource ID 0x7506000e.
05-06 17:55:51.681   987   987 E audit   : type=1400 audit(1746546951.673:38599): avc:  denied  { search } for  pid=1063 comm="perfmond" name="host0" dev="sysfs" ino=67898 scontext=u:r:perfmond:s0 tcontext=u:object_r:sysfs_ski_ufs_writable:s0 tclass=dir permissive=0 SEPF_SM-A546B_13_0001 audit_filtered
05-06 17:55:51.682  3052  3052 E pageboostd: Received HALT command code 2
05-06 17:55:51.682  1365  4179 E WindowManager: win=Window{3369253 u0 com.sec.android.app.launcher/com.sec.android.app.launcher.activities.LauncherActivity} destroySurfaces: appStopped=true cleanupOnResume=false win.mWindowRemovalAllowed=false win.mRemoveOnExit=false win.mViewVisibility=8 caller=com.android.server.wm.ActivityRecord.destroySurfaces:6952 com.android.server.wm.ActivityRecord.destroySurfaces:6933 com.android.server.wm.ActivityRecord.activityStopped:7633 com.android.server.wm.ActivityClientController.activityStopped:321 android.app.IActivityClientController$Stub.onTransact:702 com.android.server.wm.ActivityClientController.onTransact:186 android.os.Binder.execTransactInternal:1380 
05-06 17:55:51.725  1365  1386 E WindowManager: win=Window{d5e5bb5 u0 com.sec.android.app.launcher/com.samsung.app.honeyspace.edge.CocktailBarService} destroySurfaces: appStopped=true cleanupOnResume=false win.mWindowRemovalAllowed=false win.mRemoveOnExit=false win.mViewVisibility=8 caller=com.android.server.wm.WindowManagerService.tryStartExitingAnimation:2980 com.android.server.wm.WindowManagerService.relayoutWindow:2685 com.android.server.wm.Session.relayout:282 android.view.IWindowSession$Stub.onTransact:782 com.android.server.wm.Session.onTransact:204 android.os.Binder.execTransactInternal:1375 android.os.Binder.execTransact:1311 
05-06 17:55:52.288  1150  1167 E SEC_DRM_PLUGIN_Omafl: OmaPlugin::onOpenDecryptSession(fd)::Drm2IsDrmFileByExtFd::file is NOT DRM by extension
05-06 17:55:52.851 22438 22438 E RestrictModeUtil: isDexMode() : desktop mode manager is null, so it can't be decided
05-06 17:55:52.865 22438 22438 E RestrictModeUtil: isDexMode() : desktop mode manager is null, so it can't be decided
05-06 17:55:53.795  1065  1726 E NativeCustomFrequencyManager: [NativeCFMS] BpCustomFrequencyManager::acquire()
05-06 17:55:54.814  1040  1071 E BatteryDump: !@new_battery_dump : 4174,-658,100,100,87,305,312,360,0,0,319,360,0,Discharging,NO_CHARGING,None,Good,NONE,0,Normal,0,0,9420,0x40000000,0x10000,0x0,0,0000,0000,00000000,0,0,0,0,143,4226,8430,958,0,
05-06 17:55:55.099  1365  8698 E TaskPersister: File error accessing recents directory (directory doesn't exist?).
05-06 17:55:55.438   506 26107 E WLBTD   : failed No such file or directory to open /dev/scsc_log_in_dram_0
05-06 17:55:56.125  1365  1386 E WindowManager: win=Window{d5e5bb5 u0 com.sec.android.app.launcher/com.samsung.app.honeyspace.edge.CocktailBarService} destroySurfaces: appStopped=true cleanupOnResume=false win.mWindowRemovalAllowed=false win.mRemoveOnExit=false win.mViewVisibility=8 caller=com.android.server.wm.WindowManagerService.tryStartExitingAnimation:2980 com.android.server.wm.WindowManagerService.relayoutWindow:2685 com.android.server.wm.Session.relayout:282 android.view.IWindowSession$Stub.onTransact:782 com.android.server.wm.Session.onTransact:204 android.os.Binder.execTransactInternal:1375 android.os.Binder.execTransact:1311 
05-06 17:55:56.206  1065  1726 E NativeCustomFrequencyManager: [NativeCFMS] BpCustomFrequencyManager::acquire()
05-06 17:56:02.636  1065  1726 E NativeCustomFrequencyManager: [NativeCFMS] BpCustomFrequencyManager::acquire()
05-06 17:56:03.228   987   987 E audit   : type=1400 audit(1746546963.221:38600): avc:  denied  { search } for  pid=1063 comm="perfmond" name="host0" dev="sysfs" ino=67898 scontext=u:r:perfmond:s0 tcontext=u:object_r:sysfs_ski_ufs_writable:s0 tclass=dir permissive=0 SEPF_SM-A546B_13_0001 audit_filtered
05-06 17:56:03.720  4929 26209 E AtomicFile: Failed to rename /data/user_de/0/com.samsung.android.honeyboard/files/selected.json.new to /data/user_de/0/com.samsung.android.honeyboard/files/selected.json
05-06 17:56:03.732  1365  1750 E WindowManager: win=Window{64b404f u0 com.alejandroacg.choicebound/com.alejandroacg.choicebound.android.AndroidLauncher} destroySurfaces: appStopped=true cleanupOnResume=false win.mWindowRemovalAllowed=false win.mRemoveOnExit=false win.mViewVisibility=8 caller=com.android.server.wm.ActivityRecord.destroySurfaces:6952 com.android.server.wm.ActivityRecord.destroySurfaces:6933 com.android.server.wm.ActivityRecord.activityStopped:7633 com.android.server.wm.ActivityClientController.activityStopped:321 android.app.IActivityClientController$Stub.onTransact:702 com.android.server.wm.ActivityClientController.onTransact:186 android.os.Binder.execTransactInternal:1380 
05-06 17:56:03.993  1365  1454 E Watchdog: !@Sync: 2193 heap: 88 / 111 FD: 1037 [2025-05-06 17:56:03.992]
05-06 17:56:04.079  1063  1073 E perfmond: [PERFMOND][BOTTLENECK_HINT]  HINT ON  WIN=0 AVG=0 JANK=5
05-06 17:56:04.081  1063  1073 E PerfHint: REPORT_BOTTLENECK_HINT_TRANSACTION :: name = perfmond
05-06 17:56:04.444 26214 26214 E android.dqagent: Not starting debugger since process cannot load the jdwp agent.
05-06 17:56:04.544  3052  3052 E pageboostd: Received HALT command code 2
05-06 17:56:04.548  1365  8698 E TaskPersister: File error accessing recents directory (directory doesn't exist?).
05-06 17:56:04.684  1065  1065 E BpTransactionCompletedListener: Failed to transact (-32)
05-06 17:56:04.724  1016 26132 E audio_hw_proxy2: offload_out-proxy_offload_compress_func: wait
05-06 17:56:04.882  1365  4179 E WindowManager: win=Window{a2edfa9 u0 com.sec.android.app.launcher/com.android.quickstep.RecentsActivity} destroySurfaces: appStopped=true cleanupOnResume=false win.mWindowRemovalAllowed=false win.mRemoveOnExit=false win.mViewVisibility=8 caller=com.android.server.wm.ActivityRecord.destroySurfaces:6952 com.android.server.wm.ActivityRecord.destroySurfaces:6933 com.android.server.wm.ActivityRecord.activityStopped:7633 com.android.server.wm.ActivityClientController.activityStopped:321 android.app.IActivityClientController$Stub.onTransact:702 com.android.server.wm.ActivityClientController.onTransact:186 android.os.Binder.execTransactInternal:1380 
05-06 17:56:05.086  1063  1074 E PerfHint: PerfHint release
05-06 17:56:05.086  1063  1074 E perfmond: [PERFMOND][BOTTLENECK_HINT]  HINT OFF  WIN=0 AVG=0
05-06 17:56:05.789  3052 26249 E pageboostd: alp start : app comalejandroacgchoicebound
05-06 17:56:05.790  1365  2237 E ActivityTaskManager: TouchDown intent received, starting ActiveLaunch
05-06 17:56:05.795  2245  2325 E AppIconSolution: Using cached contents available for com.needwin.Eclipse2.appicon
05-06 17:56:05.800  3052 26249 E pageboostd: comalejandroacgchoicebound, amt 10326016 scnt 2 fcnt 0
05-06 17:56:05.801  3052 26249 E pageboostd: comalejandroacgchoicebound, amt 69632 scnt 10 fcnt 5
05-06 17:56:05.801  3052 26249 E pageboostd: alp end : app comalejandroacgchoicebound data_amount 10395648
05-06 17:56:05.873  3052  3052 E pageboostd: Received HALT command code 2
05-06 17:56:05.964  1065  1726 E NativeCustomFrequencyManager: [NativeCFMS] BpCustomFrequencyManager::acquire()
05-06 17:56:06.094 26250 26276 E acg.choicebound: No package ID 75 found for resource ID 0x7506000e.
05-06 17:56:06.582   987   987 E audit   : type=1400 audit(1746546966.577:38601): avc:  denied  { search } for  pid=1063 comm="perfmond" name="host0" dev="sysfs" ino=67898 scontext=u:r:perfmond:s0 tcontext=u:object_r:sysfs_ski_ufs_writable:s0 tclass=dir permissive=0 SEPF_SM-A546B_13_0001 audit_filtered
05-06 17:56:06.591  1365  4179 E WindowManager: win=Window{3369253 u0 com.sec.android.app.launcher/com.sec.android.app.launcher.activities.LauncherActivity} destroySurfaces: appStopped=true cleanupOnResume=false win.mWindowRemovalAllowed=false win.mRemoveOnExit=false win.mViewVisibility=8 caller=com.android.server.wm.ActivityRecord.destroySurfaces:6952 com.android.server.wm.ActivityRecord.destroySurfaces:6933 com.android.server.wm.ActivityRecord.activityStopped:7633 com.android.server.wm.ActivityClientController.activityStopped:321 android.app.IActivityClientController$Stub.onTransact:702 com.android.server.wm.ActivityClientController.onTransact:186 android.os.Binder.execTransactInternal:1380 
05-06 17:56:06.618  3052  3052 E pageboostd: Received HALT command code 2
05-06 17:56:06.631  1365  4468 E WindowManager: win=Window{d5e5bb5 u0 com.sec.android.app.launcher/com.samsung.app.honeyspace.edge.CocktailBarService} destroySurfaces: appStopped=true cleanupOnResume=false win.mWindowRemovalAllowed=false win.mRemoveOnExit=false win.mViewVisibility=8 caller=com.android.server.wm.WindowManagerService.tryStartExitingAnimation:2980 com.android.server.wm.WindowManagerService.relayoutWindow:2685 com.android.server.wm.Session.relayout:282 android.view.IWindowSession$Stub.onTransact:782 com.android.server.wm.Session.onTransact:204 android.os.Binder.execTransactInternal:1375 android.os.Binder.execTransact:1311 
05-06 17:56:07.234  1150  1167 E SEC_DRM_PLUGIN_Omafl: OmaPlugin::onOpenDecryptSession(fd)::Drm2IsDrmFileByExtFd::file is NOT DRM by extension
05-06 17:56:07.778 22438 22438 E RestrictModeUtil: isDexMode() : desktop mode manager is null, so it can't be decided
05-06 17:56:07.794 22438 22438 E RestrictModeUtil: isDexMode() : desktop mode manager is null, so it can't be decided
05-06 17:56:08.206  1365  8698 E TaskPersister: File error accessing recents directory (directory doesn't exist?).
05-06 17:56:17.021 26354 26354 E .provider.badge: Not starting debugger since process cannot load the jdwp agent.
05-06 17:56:17.221   987   987 E audit   : type=1400 audit(1746546977.217:38602): avc:  granted  { execute } for  pid=15625 comm="ParallelMediaDo" path="/data/data/com.whatsapp/files/decompressed/libs.spo/libfbjni.so" dev="dm-55" ino=123135 scontext=u:r:untrusted_app:s0:c81,c257,c512,c768 tcontext=u:object_r:app_data_file:s0:c81,c257,c512,c768 tclass=file SEPF_SM-A546B_13_0001 audit_filtered
05-06 17:56:17.224   987   987 E audit   : type=1400 audit(1746546977.217:38603): avc:  granted  { execute } for  pid=15625 comm="ParallelMediaDo" path="/data/data/com.whatsapp/files/decompressed/libs.spo/libglog.so" dev="dm-55" ino=136291 scontext=u:r:untrusted_app:s0:c81,c257,c512,c768 tcontext=u:object_r:app_data_file:s0:c81,c257,c512,c768 tclass=file SEPF_SM-A546B_13_0001 audit_filtered
05-06 17:56:17.225   987   987 E audit   : type=1400 audit(1746546977.221:38604): avc:  granted  { execute } for  pid=15625 comm="ParallelMediaDo" path="/data/data/com.whatsapp/files/decompressed/libs.spo/libfb.so" dev="dm-55" ino=196055 scontext=u:r:untrusted_app:s0:c81,c257,c512,c768 tcontext=u:object_r:app_data_file:s0:c81,c257,c512,c768 tclass=file SEPF_SM-A546B_13_0001 audit_filtered
05-06 17:56:17.227   987   987 E audit   : type=1400 audit(1746546977.221:38605): avc:  granted  { execute } for  pid=15625 comm="ParallelMediaDo" path="/data/data/com.whatsapp/files/decompressed/libs.spo/libstatic-webp.so" dev="dm-55" ino=117732 scontext=u:r:untrusted_app:s0:c81,c257,c512,c768 tcontext=u:object_r:app_data_file:s0:c81,c257,c512,c768 tclass=file SEPF_SM-A546B_13_0001 audit_filtered
05-06 17:56:17.833 26371 26371 E ung.android.scs: Not starting debugger since process cannot load the jdwp agent.
05-06 17:56:18.987 26371 26407 E SCS@AiSearch user 0: (MD5Utils) verifyHashChanged(): assetsHash null
05-06 17:56:19.001 26371 26407 E SCS@AiSearch user 0: (MD5Utils) verifyHashChanged(): assetsHash null
05-06 17:56:19.001 26371 26407 E SCS@AiSearch user 0: (MD5Utils) verifyHashChanged(): assetsHash null
05-06 17:56:19.002 26371 26407 E SCS@AiSearch user 0: (MD5Utils) verifyHashChanged(): assetsHash null
05-06 17:56:19.003 26371 26407 E SCS@AiSearch user 0: (MD5Utils) verifyHashChanged(): assetsHash null
05-06 17:56:19.003 26371 26407 E SCS@AiSearch user 0: (MD5Utils) verifyHashChanged(): assetsHash null
05-06 17:56:19.004 26371 26407 E SCS@AiSearch user 0: (MD5Utils) verifyHashChanged(): assetsHash null
05-06 17:56:19.004 26371 26407 E SCS@AiSearch user 0: (MD5Utils) verifyHashChanged(): assetsHash null
05-06 17:56:19.005 26371 26407 E SCS@AiSearch user 0: (MD5Utils) verifyHashChanged(): assetsHash null
05-06 17:56:19.005 26371 26407 E SCS@AiSearch user 0: (MD5Utils) verifyHashChanged(): assetsHash null
05-06 17:56:19.006 26371 26407 E SCS@AiSearch user 0: (MD5Utils) verifyHashChanged(): assetsHash null
05-06 17:56:19.006 26371 26407 E SCS@AiSearch user 0: (MD5Utils) verifyHashChanged(): assetsHash null
05-06 17:56:19.007 26371 26407 E SCS@AiSearch user 0: (MD5Utils) verifyHashChanged(): assetsHash null
05-06 17:56:19.007 26371 26407 E SCS@AiSearch user 0: (MD5Utils) verifyHashChanged(): assetsHash null
05-06 17:56:19.008 26371 26407 E SCS@AiSearch user 0: (MD5Utils) verifyHashChanged(): assetsHash null
05-06 17:56:24.041  1065  1726 E NativeCustomFrequencyManager: [NativeCFMS] BpCustomFrequencyManager::acquire()
05-06 17:56:24.580   987   987 E audit   : type=1400 audit(1746546984.573:38606): avc:  denied  { search } for  pid=1063 comm="perfmond" name="host0" dev="sysfs" ino=67898 scontext=u:r:perfmond:s0 tcontext=u:object_r:sysfs_ski_ufs_writable:s0 tclass=dir permissive=0 SEPF_SM-A546B_13_0001 audit_filtered
05-06 17:56:24.802  1040  1071 E BatteryDump: !@new_battery_dump : 4142,-368,100,100,87,305,313,353,0,0,321,353,0,Discharging,NO_CHARGING,None,Good,NONE,0,Normal,0,0,9420,0x40000000,0x10000,0x0,0,0000,0000,00000000,0,0,0,0,143,4224,8420,958,0,
05-06 17:56:25.002  1365  1386 E WindowManager: win=Window{45c6d91 u0 com.alejandroacg.choicebound/com.alejandroacg.choicebound.android.AndroidLauncher} destroySurfaces: appStopped=true cleanupOnResume=false win.mWindowRemovalAllowed=false win.mRemoveOnExit=false win.mViewVisibility=8 caller=com.android.server.wm.ActivityRecord.destroySurfaces:6952 com.android.server.wm.ActivityRecord.destroySurfaces:6933 com.android.server.wm.ActivityRecord.activityStopped:7633 com.android.server.wm.ActivityClientController.activityStopped:321 android.app.IActivityClientController$Stub.onTransact:702 com.android.server.wm.ActivityClientController.onTransact:186 android.os.Binder.execTransactInternal:1380 
05-06 17:56:25.358  1365  8698 E TaskPersister: File error accessing recents directory (directory doesn't exist?).
05-06 17:56:25.375  3052  3052 E pageboostd: Received HALT command code 2
05-06 17:56:25.499  1065  1065 E BpTransactionCompletedListener: Failed to transact (-32)
05-06 17:56:25.536  1016 26318 E audio_hw_proxy2: offload_out-proxy_offload_compress_func: wait
05-06 17:56:25.700  1365  4176 E WindowManager: win=Window{a2edfa9 u0 com.sec.android.app.launcher/com.android.quickstep.RecentsActivity} destroySurfaces: appStopped=true cleanupOnResume=false win.mWindowRemovalAllowed=false win.mRemoveOnExit=false win.mViewVisibility=8 caller=com.android.server.wm.ActivityRecord.destroySurfaces:6952 com.android.server.wm.ActivityRecord.destroySurfaces:6933 com.android.server.wm.ActivityRecord.activityStopped:7633 com.android.server.wm.ActivityClientController.activityStopped:321 android.app.IActivityClientController$Stub.onTransact:702 com.android.server.wm.ActivityClientController.onTransact:186 android.os.Binder.execTransactInternal:1380 
05-06 17:56:26.639  3052 26441 E pageboostd: alp start : app comalejandroacgchoicebound
05-06 17:56:26.641  3052 26441 E pageboostd: comalejandroacgchoicebound, amt 10326016 scnt 2 fcnt 0
05-06 17:56:26.641  1365  2237 E ActivityTaskManager: TouchDown intent received, starting ActiveLaunch
05-06 17:56:26.642  3052 26441 E pageboostd: comalejandroacgchoicebound, amt 69632 scnt 10 fcnt 5
05-06 17:56:26.642  3052 26441 E pageboostd: alp end : app comalejandroacgchoicebound data_amount 10395648
05-06 17:56:26.647  2245  2325 E AppIconSolution: Using cached contents available for com.needwin.Eclipse2.appicon
05-06 17:56:26.710  3052  3052 E pageboostd: Received HALT command code 2
05-06 17:56:26.797  1065  1726 E NativeCustomFrequencyManager: [NativeCFMS] BpCustomFrequencyManager::acquire()
05-06 17:56:26.950 26442 26466 E acg.choicebound: No package ID 75 found for resource ID 0x7506000e.
05-06 17:56:27.389   987   987 E audit   : type=1400 audit(1746546987.385:38607): avc:  denied  { search } for  pid=1063 comm="perfmond" name="host0" dev="sysfs" ino=67898 scontext=u:r:perfmond:s0 tcontext=u:object_r:sysfs_ski_ufs_writable:s0 tclass=dir permissive=0 SEPF_SM-A546B_13_0001 audit_filtered
05-06 17:56:27.398  1365  3985 E WindowManager: win=Window{3369253 u0 com.sec.android.app.launcher/com.sec.android.app.launcher.activities.LauncherActivity} destroySurfaces: appStopped=true cleanupOnResume=false win.mWindowRemovalAllowed=false win.mRemoveOnExit=false win.mViewVisibility=8 caller=com.android.server.wm.ActivityRecord.destroySurfaces:6952 com.android.server.wm.ActivityRecord.destroySurfaces:6933 com.android.server.wm.ActivityRecord.activityStopped:7633 com.android.server.wm.ActivityClientController.activityStopped:321 android.app.IActivityClientController$Stub.onTransact:702 com.android.server.wm.ActivityClientController.onTransact:186 android.os.Binder.execTransactInternal:1380 
05-06 17:56:27.427  3052  3052 E pageboostd: Received HALT command code 2
05-06 17:56:27.456  1365  4918 E WindowManager: win=Window{d5e5bb5 u0 com.sec.android.app.launcher/com.samsung.app.honeyspace.edge.CocktailBarService} destroySurfaces: appStopped=true cleanupOnResume=false win.mWindowRemovalAllowed=false win.mRemoveOnExit=false win.mViewVisibility=8 caller=com.android.server.wm.WindowManagerService.tryStartExitingAnimation:2980 com.android.server.wm.WindowManagerService.relayoutWindow:2685 com.android.server.wm.Session.relayout:282 android.view.IWindowSession$Stub.onTransact:782 com.android.server.wm.Session.onTransact:204 android.os.Binder.execTransactInternal:1375 android.os.Binder.execTransact:1311 
05-06 17:56:28.009  1150  1167 E SEC_DRM_PLUGIN_Omafl: OmaPlugin::onOpenDecryptSession(fd)::Drm2IsDrmFileByExtFd::file is NOT DRM by extension
05-06 17:56:28.557 22438 22438 E RestrictModeUtil: isDexMode() : desktop mode manager is null, so it can't be decided
05-06 17:56:28.571 22438 22438 E RestrictModeUtil: isDexMode() : desktop mode manager is null, so it can't be decided
05-06 17:56:29.029  1365  8698 E TaskPersister: File error accessing recents directory (directory doesn't exist?).
05-06 17:56:29.035  1365  1386 E KernelCpuUidFullTimeReader: Negative delta from freq time for uid: 90000, delta: -291
05-06 17:56:29.035  1365  1386 E KernelCpuUidFullTimeReader: Negative delta from freq time for uid: 90001, delta: -5
05-06 17:56:29.035  1365  1386 E KernelCpuUidFullTimeReader: Negative delta from freq time for uid: 90002, delta: -2
05-06 17:56:34.006  1365  1454 E Watchdog: !@Sync: 2194 heap: 98 / 105 FD: 1042 [2025-05-06 17:56:34.006]
05-06 17:56:54.859  1040  1071 E BatteryDump: !@new_battery_dump : 4197,-340,100,100,87,307,314,339,0,0,324,339,0,Discharging,NO_CHARGING,None,Good,NONE,0,Normal,0,0,9420,0x40000000,0x10000,0x0,0,0000,0000,00000000,0,0,0,0,143,4223,8410,958,0,
05-06 17:57:04.023  1365  1454 E Watchdog: !@Sync: 2195 heap: 83 / 103 FD: 1037 [2025-05-06 17:57:04.022]
05-06 17:57:04.430 26537 26537 E Parcel  : Reading a NULL string not supported here.
05-06 17:57:04.456   987   987 E audit   : type=1400 audit(1746547024.449:38608): avc:  denied  { call } for  pid=26537 comm="service" scontext=u:r:shell:s0 tcontext=u:r:netd:s0 tclass=binder permissive=0 SEPF_SM-A546B_13_0001 audit_filtered
05-06 17:57:04.456   987   987 E audit   : type=1400 audit(1746547024.449:38609): avc:  denied  { call } for  pid=26537 comm="service" scontext=u:r:shell:s0 tcontext=u:r:system_suspend:s0 tclass=binder permissive=0 SEPF_SM-A546B_13_0001 audit_filtered
05-06 17:57:04.456 26537 26537 E Parcel  : Reading a NULL string not supported here.
05-06 17:57:04.462 26537 26537 E Parcel  : Reading a NULL string not supported here.
05-06 17:57:04.463 26537 26537 E Parcel  : Reading a NULL string not supported here.
05-06 17:57:04.464 26537 26537 E Parcel  : Reading a NULL string not supported here.
05-06 17:57:04.466   987   987 E audit   : type=1400 audit(1746547024.461:38610): avc:  denied  { call } for  pid=26537 comm="service" scontext=u:r:shell:s0 tcontext=u:r:fabriccrypto:s0 tclass=binder permissive=0 SEPF_SM-A546B_13_0001 audit_filtered
05-06 17:57:04.469 26537 26537 E Parcel  : Reading a NULL string not supported here.
05-06 17:57:04.470 26537 26537 E Parcel  : Reading a NULL string not supported here.
05-06 17:57:04.470 26537 26537 E Parcel  : Reading a NULL string not supported here.
05-06 17:57:04.472 26537 26537 E Parcel  : Reading a NULL string not supported here.
05-06 17:57:04.472 26537 26537 E Parcel  : Reading a NULL string not supported here.
05-06 17:57:04.476 26537 26537 E Parcel  : Reading a NULL string not supported here.
05-06 17:57:04.481 26537 26537 E Parcel  : Reading a NULL string not supported here.
05-06 17:57:04.489   987   987 E audit   : type=1400 audit(1746547024.485:38611): avc:  denied  { call } for  pid=26537 comm="service" scontext=u:r:shell:s0 tcontext=u:r:kumihodecoder:s0 tclass=binder permissive=0 SEPF_SM-A546B_13_0001 audit_filtered
05-06 17:57:04.491 26537 26537 E Parcel  : Reading a NULL string not supported here.
05-06 17:57:04.491 26537 26537 E Parcel  : Reading a NULL string not supported here.
05-06 17:57:04.498 26537 26537 E Parcel  : Reading a NULL string not supported here.
05-06 17:57:04.503 26537 26537 E Parcel  : Reading a NULL string not supported here.
05-06 17:57:04.509 26537 26537 E Parcel  : Reading a NULL string not supported here.
05-06 17:57:04.510 26537 26537 E Parcel  : Reading a NULL string not supported here.
05-06 17:57:04.514 26537 26537 E Parcel  : Reading a NULL string not supported here.
05-06 17:57:04.522 26537 26537 E Parcel  : Reading a NULL string not supported here.
05-06 17:57:04.525   987   987 E audit   : type=1400 audit(1746547024.517:38612): avc:  denied  { call } for  pid=26537 comm="service" scontext=u:r:shell:s0 tcontext=u:r:speg_helper_daemon:s0 tclass=binder permissive=0 SEPF_SM-A546B_13_0001 audit_filtered
05-06 17:57:04.525   987   987 E audit   : type=1400 audit(1746547024.521:38613): avc:  denied  { call } for  pid=26537 comm="service" scontext=u:r:shell:s0 tcontext=u:r:spqr_service_daemon:s0 tclass=binder permissive=0 SEPF_SM-A546B_13_0001 audit_filtered
05-06 17:57:04.529 26537 26537 E Parcel  : Reading a NULL string not supported here.
05-06 17:57:04.531 26537 26537 E Parcel  : Reading a NULL string not supported here.
05-06 17:57:04.535 26537 26537 E Parcel  : Reading a NULL string not supported here.
05-06 17:57:04.616 26539 26539 E Parcel  : Reading a NULL string not supported here.
05-06 17:57:04.641 26539 26539 E Parcel  : Reading a NULL string not supported here.
05-06 17:57:04.646 26539 26539 E Parcel  : Reading a NULL string not supported here.
05-06 17:57:04.647 26539 26539 E Parcel  : Reading a NULL string not supported here.
05-06 17:57:04.649 26539 26539 E Parcel  : Reading a NULL string not supported here.
05-06 17:57:04.653 26539 26539 E Parcel  : Reading a NULL string not supported here.
05-06 17:57:04.654 26539 26539 E Parcel  : Reading a NULL string not supported here.
05-06 17:57:04.655 26539 26539 E Parcel  : Reading a NULL string not supported here.
05-06 17:57:04.656 26539 26539 E Parcel  : Reading a NULL string not supported here.
05-06 17:57:04.657 26539 26539 E Parcel  : Reading a NULL string not supported here.
05-06 17:57:04.662 26539 26539 E Parcel  : Reading a NULL string not supported here.
05-06 17:57:04.668 26539 26539 E Parcel  : Reading a NULL string not supported here.
05-06 17:57:04.678 26539 26539 E Parcel  : Reading a NULL string not supported here.
05-06 17:57:04.679 26539 26539 E Parcel  : Reading a NULL string not supported here.
05-06 17:57:04.685 26539 26539 E Parcel  : Reading a NULL string not supported here.
05-06 17:57:04.692 26539 26539 E Parcel  : Reading a NULL string not supported here.
05-06 17:57:04.698 26539 26539 E Parcel  : Reading a NULL string not supported here.
05-06 17:57:04.699 26539 26539 E Parcel  : Reading a NULL string not supported here.
05-06 17:57:04.703 26539 26539 E Parcel  : Reading a NULL string not supported here.
05-06 17:57:04.710 26539 26539 E Parcel  : Reading a NULL string not supported here.
05-06 17:57:04.717 26539 26539 E Parcel  : Reading a NULL string not supported here.
05-06 17:57:04.719 26539 26539 E Parcel  : Reading a NULL string not supported here.
05-06 17:57:04.723 26539 26539 E Parcel  : Reading a NULL string not supported here.
05-06 17:57:08.636 27374 27405 E AbstractLogEventBuilder: The provided ProductIdOrigin 3 is not one of the process-level expected values: 1 or 2
05-06 17:57:08.837 26557 26557 E entsScanService: Not starting debugger since process cannot load the jdwp agent.
05-06 17:57:08.914 27374 26556 E AbstractLogEventBuilder: The provided ProductIdOrigin 3 is not one of the process-level expected values: 1 or 2
05-06 17:57:10.345 27374 26550 E AbstractLogEventBuilder: The provided ProductIdOrigin 3 is not one of the process-level expected values: 1 or 2
05-06 17:57:10.350 27374 27424 E AbstractLogEventBuilder: The provided ProductIdOrigin 3 is not one of the process-level expected values: 1 or 2
05-06 17:57:10.643  1016 26508 E audio_hw_proxy2: offload_out-proxy_offload_compress_func: wait
05-06 17:57:10.767  1065  1726 E NativeCustomFrequencyManager: [NativeCFMS] BpCustomFrequencyManager::acquire()
05-06 17:57:10.828  1365  2098 E AppOps  : attributionTag VCN not declared in manifest of android
05-06 17:57:10.910  1365  2098 E AppOps  : attributionTag VCN not declared in manifest of android
05-06 17:57:10.940  1365  2098 E AppOps  : attributionTag VCN not declared in manifest of android
05-06 17:57:11.037 27374 27419 E Finsky  : [294] aglv.y(47): [Counters] attempted to use a non-positive increment for: 4752
05-06 17:57:11.037 27374 27419 E Finsky  : [294] aglv.y(47): [Counters] attempted to use a non-positive increment for: 4753
05-06 17:57:11.041  1365  4261 E AppSearchAppsIndexerImpl: Certificate not found for package: org.chromium.webapk.ae8595e9ca099cb93_v2
05-06 17:57:11.057 27374 27414 E Finsky  : [289] aglv.y(47): [Counters] attempted to use a non-positive increment for: 4752
05-06 17:57:11.060 27374 27405 E AppIconSolution: Using cached contents available for com.needwin.Eclipse2.appicon
05-06 17:57:11.069 27374 27419 E Finsky  : [294] aglv.y(47): [Counters] attempted to use a non-positive increment for: 4753
05-06 17:57:11.071 27374 27424 E Finsky  : [296] aglv.y(47): [Counters] attempted to use a non-positive increment for: 4752
05-06 17:57:11.071 27374 27424 E Finsky  : [296] aglv.y(47): [Counters] attempted to use a non-positive increment for: 4753
05-06 17:57:11.091 24112 24112 E FILP/PackageIntentReceiver: This package is not a effect filter
05-06 17:57:11.117 27374 27424 E Finsky  : [296] aglv.y(47): [Counters] attempted to use a non-positive increment for: 4752
05-06 17:57:11.118 27374 27424 E Finsky  : [296] aglv.y(47): [Counters] attempted to use a non-positive increment for: 4753
05-06 17:57:11.177  2675 25738 E AppIconSolution: Using cached contents available for com.needwin.Eclipse2.appicon
05-06 17:57:11.191  2675 25166 E HoneySpace.PackageUtils: com.samsung.android.app.spage is not installed 
05-06 17:57:11.191  2675 25166 E HoneySpace.PackageUtils: com.samsung.android.app.spage is not installed 
05-06 17:57:11.237  1065  1065 E BpTransactionCompletedListener: Failed to transact (-32)
05-06 17:57:11.237  1065  1065 E BpTransactionCompletedListener: Failed to transact (-32)
05-06 17:57:11.274  1365  4261 E AppSearchAppsIndexerAppSearchHelper: Ran into error while indexing apps: [FAILURE(3)]: Key cannot contain a null character '\0'
05-06 17:57:11.295  1365  4261 E AppSearchAppsIndexerImpl: Certificate not found for package: org.chromium.webapk.ae8595e9ca099cb93_v2
05-06 17:57:11.403  1365  4261 E AppSearchAppsIndexerAppSearchHelper: Ran into error while indexing apps: [FAILURE(3)]: Key cannot contain a null character '\0'
05-06 17:57:11.412 24103 24103 E Routine@Core[4.6.02.0]: InstanceCleaner: deleteRoutines: id=[]
05-06 17:57:11.449 18717 18756 E chromium: [ERROR:get_updates_processor.cc(267)] PostClientToServerMessage() failed during GetUpdates with error Network error (ERR_INTERNET_DISCONNECTED)
05-06 17:57:12.024  1365  2237 E ActivityTaskManager: TouchDown intent received, starting ActiveLaunch
05-06 17:57:12.024  3052 26674 E pageboostd: alp start : app comalejandroacgchoicebound
05-06 17:57:12.032  3052 26674 E pageboostd: comalejandroacgchoicebound, amt 0 scnt 0 fcnt 0
05-06 17:57:12.033  3052 26674 E pageboostd: comalejandroacgchoicebound, amt 0 scnt 0 fcnt 0
05-06 17:57:12.033  3052 26674 E pageboostd: alp end : app comalejandroacgchoicebound data_amount 0
05-06 17:57:12.034  2245  2325 E AppIconSolution: Using cached contents available for com.needwin.Eclipse2.appicon
05-06 17:57:12.078  3052  3052 E pageboostd: Received HALT command code 2
05-06 17:57:12.277  1065  1726 E NativeCustomFrequencyManager: [NativeCFMS] BpCustomFrequencyManager::acquire()
05-06 17:57:12.350 26675 26698 E acg.choicebound: No package ID 75 found for resource ID 0x7506000e.
05-06 17:57:12.801   987   987 E audit   : type=1400 audit(1746547032.797:38622): avc:  denied  { search } for  pid=1063 comm="perfmond" name="host0" dev="sysfs" ino=67898 scontext=u:r:perfmond:s0 tcontext=u:object_r:sysfs_ski_ufs_writable:s0 tclass=dir permissive=0 SEPF_SM-A546B_13_0001 audit_filtered
05-06 17:57:12.801  1365  2334 E WindowManager: win=Window{3369253 u0 com.sec.android.app.launcher/com.sec.android.app.launcher.activities.LauncherActivity} destroySurfaces: appStopped=true cleanupOnResume=false win.mWindowRemovalAllowed=false win.mRemoveOnExit=false win.mViewVisibility=8 caller=com.android.server.wm.ActivityRecord.destroySurfaces:6952 com.android.server.wm.ActivityRecord.destroySurfaces:6933 com.android.server.wm.ActivityRecord.activityStopped:7633 com.android.server.wm.ActivityClientController.activityStopped:321 android.app.IActivityClientController$Stub.onTransact:702 com.android.server.wm.ActivityClientController.onTransact:186 android.os.Binder.execTransactInternal:1380 
05-06 17:57:12.811  3052  3052 E pageboostd: Received HALT command code 2
05-06 17:57:12.848  1365  1386 E WindowManager: win=Window{d5e5bb5 u0 com.sec.android.app.launcher/com.samsung.app.honeyspace.edge.CocktailBarService} destroySurfaces: appStopped=true cleanupOnResume=false win.mWindowRemovalAllowed=false win.mRemoveOnExit=false win.mViewVisibility=8 caller=com.android.server.wm.WindowManagerService.tryStartExitingAnimation:2980 com.android.server.wm.WindowManagerService.relayoutWindow:2685 com.android.server.wm.Session.relayout:282 android.view.IWindowSession$Stub.onTransact:782 com.android.server.wm.Session.onTransact:204 android.os.Binder.execTransactInternal:1375 android.os.Binder.execTransact:1311 
05-06 17:57:13.485  1150  1167 E SEC_DRM_PLUGIN_Omafl: OmaPlugin::onOpenDecryptSession(fd)::Drm2IsDrmFileByExtFd::file is NOT DRM by extension
05-06 17:57:14.035 22438 22438 E RestrictModeUtil: isDexMode() : desktop mode manager is null, so it can't be decided
05-06 17:57:14.045 22438 22438 E RestrictModeUtil: isDexMode() : desktop mode manager is null, so it can't be decided
05-06 17:57:15.275  1365  8698 E TaskPersister: File error accessing recents directory (directory doesn't exist?).
05-06 17:57:22.435   506 26752 E WLBTD   : failed No such file or directory to open /dev/scsc_log_in_dram_0
05-06 17:57:23.448  1065  1726 E NativeCustomFrequencyManager: [NativeCFMS] BpCustomFrequencyManager::acquire()
05-06 17:57:24.023   987   987 E audit   : type=1400 audit(1746547044.017:38623): avc:  denied  { search } for  pid=1063 comm="perfmond" name="host0" dev="sysfs" ino=67898 scontext=u:r:perfmond:s0 tcontext=u:object_r:sysfs_ski_ufs_writable:s0 tclass=dir permissive=0 SEPF_SM-A546B_13_0001 audit_filtered
05-06 17:57:24.392 27791 27847 E TraceManagerImpl: Trace BuglePhenotypeBroadcastReceiver Receive broadcast timed out after 2134562 ms. Complete trace: # enyj@1551acc0
05-06 17:57:24.392 27791 27847 E TraceManagerImpl: enyq: 
05-06 17:57:24.392 27791 27847 E TraceManagerImpl: 	at tk_trace.ExecutionState::runAfterCommit(Started After:0)
05-06 17:57:24.392 27791 27847 E TraceManagerImpl: 	at tk_trace.WorkQueueWorkerImpl#handleResultInner(Started After:0)
05-06 17:57:24.392 27791 27847 E TraceManagerImpl: 	at tk_trace.WorkQueueWorkerImpl.startWork(Started After:0)
05-06 17:57:24.392 27791 27847 E TraceManagerImpl: 	at tk_trace.WorkQueueBatchingImpl#schedulingDeferred(Started After:0)
05-06 17:57:24.392 27791 27847 E TraceManagerImpl: 	at tk_trace.WorkQueueBatchingImpl#queueWorkItems(Started After:0)
05-06 17:57:24.392 27791 27847 E TraceManagerImpl: 	at tk_trace.WorkQueueBatchingImpl#queueWorkItem(Started After:0)
05-06 17:57:24.392 27791 27847 E TraceManagerImpl: 	at tk_trace.PhenotypeHelper#onBuglePhenotypeChanged(Started After:0)
05-06 17:57:24.392 27791 27847 E TraceManagerImpl: 	at tk_trace.BuglePhenotypeBroadcastReceiver#doInBackgroundAsync(Started After:0)
05-06 17:57:24.392 27791 27847 E TraceManagerImpl: 	at tk_trace.ReceiverDoInBackground(Started After:0)
05-06 17:57:24.392 27791 27847 E TraceManagerImpl: 	at tk_trace.BuglePhenotypeBroadcastReceiver Receive broadcast(Started After:0)
05-06 17:57:24.393 27791 27848 E TraceManagerImpl: Trace BuglePhenotypeBroadcastReceiver Receive broadcast timed out after 2234194 ms. Complete trace: # enyj@41932a01
05-06 17:57:24.393 27791 27848 E TraceManagerImpl: enyq: 
05-06 17:57:24.393 27791 27848 E TraceManagerImpl: 	at tk_trace.TelephonySatelliteReporter#reportNtnSmsSupport(Started After:1)
05-06 17:57:24.393 27791 27848 E TraceManagerImpl: 	at tk_trace.PhenotypeHelper#onBuglePhenotypeChanged(Started After:0)
05-06 17:57:24.393 27791 27848 E TraceManagerImpl: 	at tk_trace.BuglePhenotypeBroadcastReceiver#doInBackgroundAsync(Started After:0)
05-06 17:57:24.393 27791 27848 E TraceManagerImpl: 	at tk_trace.ReceiverDoInBackground(Started After:0)
05-06 17:57:24.393 27791 27848 E TraceManagerImpl: 	at tk_trace.BuglePhenotypeBroadcastReceiver Receive broadcast(Started After:0)
05-06 17:57:24.465  4929 26825 E AtomicFile: Failed to rename /data/user_de/0/com.samsung.android.honeyboard/files/selected.json.new to /data/user_de/0/com.samsung.android.honeyboard/files/selected.json
