05-06 17:57:24.473  1365  1386 E WindowManager: win=Window{3e863e u0 com.alejandroacg.choicebound/com.alejandroacg.choicebound.android.AndroidLauncher} destroySurfaces: appStopped=true cleanupOnResume=false win.mWindowRemovalAllowed=false win.mRemoveOnExit=false win.mViewVisibility=8 caller=com.android.server.wm.ActivityRecord.destroySurfaces:6952 com.android.server.wm.ActivityRecord.destroySurfaces:6933 com.android.server.wm.ActivityRecord.activityStopped:7633 com.android.server.wm.ActivityClientController.activityStopped:321 android.app.IActivityClientController$Stub.onTransact:702 com.android.server.wm.ActivityClientController.onTransact:186 android.os.Binder.execTransactInternal:1380 
05-06 17:57:24.801  1365  8698 E TaskPersister: File error accessing recents directory (directory doesn't exist?).
05-06 17:57:24.814  3052  3052 E pageboostd: Received HALT command code 2
05-06 17:57:24.878  1040  1071 E BatteryDump: !@new_battery_dump : 4151,-495,100,100,87,308,315,369,0,0,323,369,0,Discharging,NO_CHARGING,None,Good,NONE,0,Normal,0,0,9420,0x40000000,0x10000,0x0,0,0000,0000,00000000,0,0,0,0,143,4223,8410,958,0,
05-06 17:57:24.936  1065  1065 E BpTransactionCompletedListener: Failed to transact (-32)
05-06 17:57:24.971  1016 26740 E audio_hw_proxy2: offload_out-proxy_offload_compress_func: wait
05-06 17:57:25.142  1365  4569 E WindowManager: win=Window{a2edfa9 u0 com.sec.android.app.launcher/com.android.quickstep.RecentsActivity} destroySurfaces: appStopped=true cleanupOnResume=false win.mWindowRemovalAllowed=false win.mRemoveOnExit=false win.mViewVisibility=8 caller=com.android.server.wm.ActivityRecord.destroySurfaces:6952 com.android.server.wm.ActivityRecord.destroySurfaces:6933 com.android.server.wm.ActivityRecord.activityStopped:7633 com.android.server.wm.ActivityClientController.activityStopped:321 android.app.IActivityClientController$Stub.onTransact:702 com.android.server.wm.ActivityClientController.onTransact:186 android.os.Binder.execTransactInternal:1380 
05-06 17:57:25.713  1056 22362 E NativeCustomFrequencyManager: [NativeCFMS] BpCustomFrequencyManager::acquire()
05-06 17:57:26.158  1365  4440 E WindowManager: win=Window{3369253 u0 com.sec.android.app.launcher/com.sec.android.app.launcher.activities.LauncherActivity} destroySurfaces: appStopped=true cleanupOnResume=false win.mWindowRemovalAllowed=false win.mRemoveOnExit=false win.mViewVisibility=8 caller=com.android.server.wm.ActivityRecord.destroySurfaces:6952 com.android.server.wm.ActivityRecord.destroySurfaces:6933 com.android.server.wm.ActivityRecord.activityStopped:7633 com.android.server.wm.ActivityClientController.activityStopped:321 android.app.IActivityClientController$Stub.onTransact:702 com.android.server.wm.ActivityClientController.onTransact:186 android.os.Binder.execTransactInternal:1380 
05-06 17:57:26.165  2868  3223 E BtGatt.GattService: [GSIM LOG]: gsimLogHandler, msg: MESSAGE_SCAN_STOP, appName: com.google.uid.shared, scannerId: 2, reportDelayMillis=0
05-06 17:57:26.168  2868  3223 E BtGatt.GattService: [GSIM LOG]: gsimLogHandler, msg: MESSAGE_SCAN_STOP, appName: com.google.uid.shared, scannerId: 1, reportDelayMillis=0
05-06 17:57:26.283  1365  1365 E PocketProximityManager: onSensorChanged : proxVal: 255.0
05-06 17:57:26.399  2245  2245 E AbsSettings: refreshInner: refreshedSettingsDBItem key SELECTED_THEME_CLOCK_TYPE val = 50004
05-06 17:57:26.399  2245  2245 E AbsSettings: refreshInner: refreshedSettingsDBItem key CLOCK_VERSION val = 300000
05-06 17:57:26.399  2245  2245 E AbsSettings: refreshInner: refreshedSettingsDBItem key PALETTE_VERSION val = 90000
05-06 17:57:26.404  2245  2245 E AbsSettings: refreshInner: refreshedSettingsDBItem key SELECTED_THEME_CLOCK_TYPE val = 50004
05-06 17:57:26.410  2245  2245 E AbsSettings: refreshInner: refreshedSettingsDBItem key SELECTED_THEME_CLOCK_TYPE val = 50004
05-06 17:57:26.423  1365  1605 E WindowManager: win=Window{d5e5bb5 u0 com.sec.android.app.launcher/com.samsung.app.honeyspace.edge.CocktailBarService} destroySurfaces: appStopped=true cleanupOnResume=false win.mWindowRemovalAllowed=false win.mRemoveOnExit=false win.mViewVisibility=8 caller=com.android.server.wm.WindowManagerService.tryStartExitingAnimation:2980 com.android.server.wm.WindowManagerService.relayoutWindow:2685 com.android.server.wm.Session.relayout:282 android.view.IWindowSession$Stub.onTransact:782 com.android.server.wm.Session.onTransact:204 android.os.Binder.execTransactInternal:1375 android.os.Binder.execTransact:1311 
05-06 17:57:26.427   994  1000 E engmode_world: Unknown token(00/00/00)
05-06 17:57:26.428   526   526 E engmode_hidl_service: error to server(0xd0060012)
05-06 17:57:26.459  2245  2245 E AbsSettings: refreshInner: refreshedSettingsDBItem key SELECTED_PALETTE_INDEX val = 0
05-06 17:57:26.459  2245  2245 E AbsSettings: refreshInner: refreshedSettingsDBItem key lock_theme_clock_package val = com.needwin.Eclipse2
05-06 17:57:26.460  2245  2245 E AbsSettings: refreshInner: refreshedSettingsDBItem key lock_theme_clock_package_settings val = com.needwin.Eclipse2
05-06 17:57:26.460  2245  2245 E AbsSettings: refreshInner: refreshedSettingsDBItem key CLOCK_VERSION val = 300000
05-06 17:57:26.460  2245  2245 E AbsSettings: refreshInner: refreshedSettingsDBItem key PALETTE_VERSION val = 400000
05-06 17:57:26.460  2245  2245 E AbsSettings: refreshInner: refreshedSettingsDBItem key lock_clock_scale_rate val = 1.0
05-06 17:57:26.460  2245  2245 E AbsSettings: refreshInner: refreshedSettingsDBItem key lock_clock_font_type val = 0
05-06 17:57:26.461  2245  2245 E AbsSettings: refreshInner: refreshedSettingsDBItem key lock_clock_visibility val = 0
05-06 17:57:26.461  2245  2245 E AbsSettings: refreshInner: refreshedSettingsDBItem key profile_id val = 0
05-06 17:57:26.461  1365  1365 E PocketModeEvent: ACTION_SCREEN_OFF
05-06 17:57:26.461  1365  1365 E PocketModeEvent: currentState : 1
05-06 17:57:26.462  2245  2245 E AbsSettings: refreshInner: refreshedSettingsDBItem key SELECTED_THEME_CLOCK_TYPE val = 50004
05-06 17:57:26.462  2245  2245 E AbsSettings: refreshInner: refreshedSettingsDBItem key SELECTED_THEME_CLOCK_TYPE val = 50004
05-06 17:57:26.462  2245  2245 E AbsSettings: refreshInner: refreshedSettingsDBItem key SELECTED_THEME_CLOCK_TYPE val = 50004
05-06 17:57:26.462  1365  2061 E PocketModeEvent: MSG_TYPE_STOP_SENSING
05-06 17:57:26.467  1365  1365 E PocketMotionManager: unregister activity tracker
05-06 17:57:26.483   994  1000 E engmode_world: Unknown token(00/00/00)
05-06 17:57:26.484   526   526 E engmode_hidl_service: error to server(0xd0060012)
05-06 17:57:26.487  2245 31144 E engmode_client_list: Cannot find client
05-06 17:57:26.488  2245 31144 E engmode_hidl_client_service: Client error
05-06 17:57:26.492   994  1000 E engmode_world: Unknown token(00/00/00)
05-06 17:57:26.493  2245  2245 E KeyguardPunchHoleVIView: onApplyWindowInsets() return - mVIDirector is null (a54xnaxx)
05-06 17:57:26.493   526   526 E engmode_hidl_service: error to server(0xd0060012)
05-06 17:57:26.504  2245  2245 E KeyguardPunchHoleVIView: onApplyWindowInsets() return - mVIDirector is null (a54xnaxx)
05-06 17:57:26.529 14854 26781 E LoadedApk: Exception : java.lang.NullPointerException: Attempt to invoke virtual method 'boolean android.os.Looper.isPerfLogEnable()' on a null object reference
05-06 17:57:26.548  2245  2245 E SystemUITextView: set Background Drawable!!
05-06 17:57:26.554  2245  2245 E SecLockPatternView: getScaledBitmapFor() return null - bitmap is null resId = 2131233576
05-06 17:57:26.571 14854 24936 E LoadedApk: Exception : java.lang.NullPointerException: Attempt to invoke virtual method 'boolean android.os.Looper.isPerfLogEnable()' on a null object reference
05-06 17:57:26.615 14854 24936 E LoadedApk: Exception : java.lang.NullPointerException: Attempt to invoke virtual method 'boolean android.os.Looper.isPerfLogEnable()' on a null object reference
05-06 17:57:27.945  1365  8698 E TaskPersister: File error accessing recents directory (directory doesn't exist?).
05-06 17:57:28.395  1365  1365 E ActivityManager: Cancel pending or running compactions as system is awake
05-06 17:57:28.420  2245  2245 E AbsSettings: refreshInner: refreshedSettingsDBItem key SELECTED_THEME_CLOCK_TYPE val = 50004
05-06 17:57:28.422  2245  2245 E LSO_LSOInterface: LSO Service is not yet ready!!!
05-06 17:57:28.425  1365  1365 E PocketModeEvent: ACTION_SCREEN_ON(by 1)
05-06 17:57:28.432  1365  1365 E SemContext.CaeProvider: setAttribute() : attribute is null!
05-06 17:57:28.432  1365  1365 E PocketMotionManager: register activity tracker
05-06 17:57:28.451  1365  2061 E PocketModeEvent: MSG_TYPE_START_SENSING
05-06 17:57:28.456  1365  1365 E PocketMotionManager: activity tracker 1, 1
05-06 17:57:28.514 14854 26659 E LoadedApk: Exception : java.lang.NullPointerException: Attempt to invoke virtual method 'boolean android.os.Looper.isPerfLogEnable()' on a null object reference
05-06 17:57:28.535  2868  3223 E BtGatt.GattService: [GSIM LOG]: gsimLogHandler, msg: MESSAGE_SCAN_START, appName: com.google.uid.shared, scannerId: 1, reportDelayMillis=0
05-06 17:57:28.566 14854 24936 E LoadedApk: Exception : java.lang.NullPointerException: Attempt to invoke virtual method 'boolean android.os.Looper.isPerfLogEnable()' on a null object reference
05-06 17:57:28.583 14854 24936 E LoadedApk: Exception : java.lang.NullPointerException: Attempt to invoke virtual method 'boolean android.os.Looper.isPerfLogEnable()' on a null object reference
05-06 17:57:28.607  1365  2061 E ActivityManager: Sending non-protected broadcast com.samsung.intent.action.RELEASE_POCKET_MODE from system 1365:system/1000 pkg android
05-06 17:57:28.607  1365  2061 E ActivityManager: java.lang.Throwable
05-06 17:57:28.607  1365  2061 E ActivityManager: 	at com.android.server.am.ActivityManagerService.checkBroadcastFromSystem(ActivityManagerService.java:17081)
05-06 17:57:28.607  1365  2061 E ActivityManager: 	at com.android.server.am.ActivityManagerService.broadcastIntentLockedTraced(ActivityManagerService.java:18026)
05-06 17:57:28.607  1365  2061 E ActivityManager: 	at com.android.server.am.ActivityManagerService.broadcastIntentLocked(ActivityManagerService.java:17169)
05-06 17:57:28.607  1365  2061 E ActivityManager: 	at com.android.server.am.ActivityManagerService.broadcastIntentLocked(ActivityManagerService.java:17146)
05-06 17:57:28.607  1365  2061 E ActivityManager: 	at com.android.server.am.ActivityManagerService.broadcastIntentWithFeature(ActivityManagerService.java:18253)
05-06 17:57:28.607  1365  2061 E ActivityManager: 	at android.app.ContextImpl.sendBroadcast(ContextImpl.java:1285)
05-06 17:57:28.607  1365  2061 E ActivityManager: 	at com.samsung.android.gesture.PocketModeEvent$1.handleMessage(PocketModeEvent.java:456)
05-06 17:57:28.607  1365  2061 E ActivityManager: 	at android.os.Handler.dispatchMessage(Handler.java:106)
05-06 17:57:28.607  1365  2061 E ActivityManager: 	at android.os.Looper.loopOnce(Looper.java:230)
05-06 17:57:28.607  1365  2061 E ActivityManager: 	at android.os.Looper.loop(Looper.java:319)
05-06 17:57:28.607  1365  2061 E ActivityManager: 	at android.os.HandlerThread.run(HandlerThread.java:67)
05-06 17:57:28.649  2245  2245 E MODManager: hideSubUIChargingInfo skip because mAODChargingInfoSubUiPresenter is null
05-06 17:57:28.723  1365  1365 E PocketProximityManager: onSensorChanged : proxVal: 10.0
05-06 17:57:29.059  1056  1407 E NativeCustomFrequencyManager: [NativeCFMS] BpCustomFrequencyManager::release()
05-06 17:57:29.210  1365  4436 E KernelCpuUidFullTimeReader: Negative delta from freq time for uid: 90000, delta: -291
05-06 17:57:29.210  1365  4436 E KernelCpuUidFullTimeReader: Negative delta from freq time for uid: 90001, delta: -5
05-06 17:57:29.210  1365  4436 E KernelCpuUidFullTimeReader: Negative delta from freq time for uid: 90002, delta: -2
05-06 17:57:29.435  1365  4438 E WindowManager: win=Window{d5e5bb5 u0 com.sec.android.app.launcher/com.samsung.app.honeyspace.edge.CocktailBarService} destroySurfaces: appStopped=true cleanupOnResume=false win.mWindowRemovalAllowed=false win.mRemoveOnExit=false win.mViewVisibility=8 caller=com.android.server.wm.WindowManagerService.tryStartExitingAnimation:2980 com.android.server.wm.WindowManagerService.relayoutWindow:2685 com.android.server.wm.Session.relayout:282 android.view.IWindowSession$Stub.onTransact:782 com.android.server.wm.Session.onTransact:204 android.os.Binder.execTransactInternal:1375 android.os.Binder.execTransact:1311 
05-06 17:57:29.696  2245  2245 E KeyguardPunchHoleVIView: onApplyWindowInsets() return - mVIDirector is null (a54xnaxx)
05-06 17:57:29.751  1065  1726 E NativeCustomFrequencyManager: [NativeCFMS] BpCustomFrequencyManager::acquire()
05-06 17:57:30.570  1365  2211 E ProcessStateTracker: java.lang.ClassCastException: java.lang.Boolean cannot be cast to java.lang.String
05-06 17:57:30.572  2245  2245 E KeyguardViewMediator: mHideAnimationFinishedRunnable#run
05-06 17:57:30.660  1056  2117 E NativeCustomFrequencyManager: [NativeCFMS] BpCustomFrequencyManager::acquire()
05-06 17:57:30.673  1365  2058 E MotionRecognitionService: Receiver: ACTION_USER_PRESENT - UNLOCK SCREEN
05-06 17:57:30.679   994  1000 E engmode_world: Unknown token(00/00/00)
05-06 17:57:30.680   526   526 E engmode_hidl_service: error to server(0xd0060012)
05-06 17:57:30.681  2245 24805 E engmode_client_list: Cannot find client
05-06 17:57:30.681  2245 24805 E engmode_hidl_client_service: Client error
05-06 17:57:30.687   994  1000 E engmode_world: Unknown token(00/00/00)
05-06 17:57:30.689   526   526 E engmode_hidl_service: error to server(0xd0060012)
05-06 17:57:30.691  2245  2245 E KeyguardPunchHoleVIView: onApplyWindowInsets() return - mVIDirector is null (a54xnaxx)
05-06 17:57:30.745  2868  3223 E BtGatt.GattService: [GSIM LOG]: gsimLogHandler, msg: MESSAGE_SCAN_START, appName: com.google.uid.shared, scannerId: 2, reportDelayMillis=0
05-06 17:57:30.945  1365  2369 E WindowManager: win=Window{f5afa65 u0 NotificationShade} destroySurfaces: appStopped=true cleanupOnResume=false win.mWindowRemovalAllowed=false win.mRemoveOnExit=false win.mViewVisibility=4 caller=com.android.server.wm.WindowManagerService.tryStartExitingAnimation:2980 com.android.server.wm.WindowManagerService.relayoutWindow:2685 com.android.server.wm.Session.relayout:282 android.view.IWindowSession$Stub.onTransact:782 com.android.server.wm.Session.onTransact:204 android.os.Binder.execTransactInternal:1375 android.os.Binder.execTransact:1311 
05-06 17:57:31.015  3052 26921 E pageboostd: alp start : app comandroidchrome
05-06 17:57:31.016  1365  2237 E ActivityTaskManager: TouchDown intent received, starting ActiveLaunch
05-06 17:57:31.018  3052 26921 E pageboostd: aal_prefetch_file alp wrong file name:/data/app/~~I4AsD0gALhB4SxehMYfdQQ==/com.android.chrome-o3WYEHOfsuDuUKt7LPcdCg==/oat/arm64/split_dev_ui.odex
05-06 17:57:31.018  3052 26921 E pageboostd: aal_prefetch_file alp wrong file name:/data/app/~~I4AsD0gALhB4SxehMYfdQQ==/com.android.chrome-o3WYEHOfsuDuUKt7LPcdCg==/oat/arm64/split_stack_unwinder.odex
05-06 17:57:31.018  3052 26921 E pageboostd: aal_prefetch_file alp wrong file name:/data/app/~~I4AsD0gALhB4SxehMYfdQQ==/com.android.chrome-o3WYEHOfsuDuUKt7LPcdCg==/oat/arm64/split_test_dummy.odex
05-06 17:57:31.019  3052 26921 E pageboostd: aal_prefetch_file alp wrong file name:/data/app/~~I4AsD0gALhB4SxehMYfdQQ==/com.android.chrome-o3WYEHOfsuDuUKt7LPcdCg==/oat/arm/split_dev_ui.odex
05-06 17:57:31.019  3052 26921 E pageboostd: aal_prefetch_file alp wrong file name:/data/app/~~I4AsD0gALhB4SxehMYfdQQ==/com.android.chrome-o3WYEHOfsuDuUKt7LPcdCg==/oat/arm/split_stack_unwinder.odex
05-06 17:57:31.019  3052 26921 E pageboostd: aal_prefetch_file alp wrong file name:/data/app/~~I4AsD0gALhB4SxehMYfdQQ==/com.android.chrome-o3WYEHOfsuDuUKt7LPcdCg==/oat/arm/split_test_dummy.odex
05-06 17:57:31.019  3052 26921 E pageboostd: comandroidchrome, amt 14959812 scnt 23 fcnt 6
05-06 17:57:31.020   987   987 E audit   : type=1400 audit(1746547051.013:38624): avc:  denied  { search } for  pid=3052 comm="pageboostd" name="com.google.android.gms" dev="dm-55" ino=5422 scontext=u:r:pageboostd:s0 tcontext=u:object_r:privapp_data_file:s0:c512,c768 tclass=dir permissive=0 SEPF_SM-A546B_13_0001 audit_filtered
05-06 17:57:31.020   987   987 E audit   : type=1400 audit(1746547051.013:38625): avc:  denied  { search } for  pid=3052 comm="pageboostd" name="com.google.android.gms" dev="dm-55" ino=5422 scontext=u:r:pageboostd:s0 tcontext=u:object_r:privapp_data_file:s0:c512,c768 tclass=dir permissive=0 SEPF_SM-A546B_13_0001 audit_filtered
05-06 17:57:31.038  2245  2325 E AppIconSolution: Using cached contents available for com.needwin.Eclipse2.appicon
05-06 17:57:31.038  2245  2325 E AppIconSolution: Using cached contents available for com.needwin.Eclipse2.appicon
05-06 17:57:31.045  2245  2325 E AppIconSolution: Using cached contents available for com.needwin.Eclipse2.appicon
05-06 17:57:31.097  3052 26921 E pageboostd: comandroidchrome, amt 49971200 scnt 22 fcnt 158
05-06 17:57:31.097  3052 26921 E pageboostd: alp end : app comandroidchrome data_amount 64931012
05-06 17:57:31.115  3052  3052 E pageboostd: Received HALT command code 2
05-06 17:57:31.450  3052 26925 E pageboostd: alp start : app comalejandroacgchoicebound
05-06 17:57:31.451  3052 26925 E pageboostd: comalejandroacgchoicebound, amt 10326016 scnt 2 fcnt 0
05-06 17:57:31.452  3052 26925 E pageboostd: comalejandroacgchoicebound, amt 69632 scnt 10 fcnt 5
05-06 17:57:31.452  3052 26925 E pageboostd: alp end : app comalejandroacgchoicebound data_amount 10395648
05-06 17:57:31.453  1365  2237 E ActivityTaskManager: TouchDown intent received, starting ActiveLaunch
05-06 17:57:31.467  2245  2325 E AppIconSolution: Using cached contents available for com.needwin.Eclipse2.appicon
05-06 17:57:31.514  3052  3052 E pageboostd: Received HALT command code 2
05-06 17:57:31.611  1065  1726 E NativeCustomFrequencyManager: [NativeCFMS] BpCustomFrequencyManager::acquire()
05-06 17:57:31.778 26926 26950 E acg.choicebound: No package ID 75 found for resource ID 0x7506000e.
05-06 17:57:32.221   987   987 E audit   : type=1400 audit(1746547052.213:38626): avc:  denied  { search } for  pid=1063 comm="perfmond" name="host0" dev="sysfs" ino=67898 scontext=u:r:perfmond:s0 tcontext=u:object_r:sysfs_ski_ufs_writable:s0 tclass=dir permissive=0 SEPF_SM-A546B_13_0001 audit_filtered
05-06 17:57:32.227  3052  3052 E pageboostd: Received HALT command code 2
05-06 17:57:32.257  1365  4440 E WindowManager: win=Window{3369253 u0 com.sec.android.app.launcher/com.sec.android.app.launcher.activities.LauncherActivity} destroySurfaces: appStopped=true cleanupOnResume=false win.mWindowRemovalAllowed=false win.mRemoveOnExit=false win.mViewVisibility=8 caller=com.android.server.wm.ActivityRecord.destroySurfaces:6952 com.android.server.wm.ActivityRecord.destroySurfaces:6933 com.android.server.wm.ActivityRecord.activityStopped:7633 com.android.server.wm.ActivityClientController.activityStopped:321 android.app.IActivityClientController$Stub.onTransact:702 com.android.server.wm.ActivityClientController.onTransact:186 android.os.Binder.execTransactInternal:1380 
05-06 17:57:32.301  1365  4419 E WindowManager: win=Window{d5e5bb5 u0 com.sec.android.app.launcher/com.samsung.app.honeyspace.edge.CocktailBarService} destroySurfaces: appStopped=true cleanupOnResume=false win.mWindowRemovalAllowed=false win.mRemoveOnExit=false win.mViewVisibility=8 caller=com.android.server.wm.WindowManagerService.tryStartExitingAnimation:2980 com.android.server.wm.WindowManagerService.relayoutWindow:2685 com.android.server.wm.Session.relayout:282 android.view.IWindowSession$Stub.onTransact:782 com.android.server.wm.Session.onTransact:204 android.os.Binder.execTransactInternal:1375 android.os.Binder.execTransact:1311 
05-06 17:57:32.899  1150  1167 E SEC_DRM_PLUGIN_Omafl: OmaPlugin::onOpenDecryptSession(fd)::Drm2IsDrmFileByExtFd::file is NOT DRM by extension
05-06 17:57:33.143  1016  4062 E audio_hw_proxy2: fast_out-proxy_write_playback_buffer: failed to write to PCM Device: wait error: hw 0x1adc0 app 0x1b0c0 avail 0: Broken pipe
05-06 17:57:33.145  1016  4062 E audio_hw_proxy2: fast_out-proxy_write_playback_buffer: failed to write to PCM Device: cannot start channel: Broken pipe
05-06 17:57:33.452 22438 22438 E RestrictModeUtil: isDexMode() : desktop mode manager is null, so it can't be decided
05-06 17:57:33.457 22438 22438 E RestrictModeUtil: isDexMode() : desktop mode manager is null, so it can't be decided
05-06 17:57:33.983  1056  1407 E NativeCustomFrequencyManager: [NativeCFMS] BpCustomFrequencyManager::release()
05-06 17:57:34.028  1365  1454 E Watchdog: !@Sync: 2196 heap: 80 / 103 FD: 1040 [2025-05-06 17:57:34.028]
05-06 17:57:34.516  1365  8698 E TaskPersister: File error accessing recents directory (directory doesn't exist?).
05-06 17:57:36.764  2868  3223 E BtGatt.GattService: [GSIM LOG]: gsimLogHandler, msg: MESSAGE_SCAN_STOP, appName: com.google.uid.shared, scannerId: 2, reportDelayMillis=0
05-06 17:57:36.791  2868  3223 E BtGatt.GattService: [GSIM LOG]: gsimLogHandler, msg: MESSAGE_SCAN_START, appName: com.google.uid.shared, scannerId: 2, reportDelayMillis=0
05-06 17:57:48.440  1365  2061 E PocketModeEvent: MSG_TYPE_STOP_SENSING
05-06 17:57:48.441  1365  2061 E PocketModeEvent: unregisterSensor L : -1 P : 0
05-06 17:57:54.927  1040  1071 E BatteryDump: !@new_battery_dump : 4194,-245,100,100,87,309,317,350,0,0,329,350,0,Discharging,NO_CHARGING,None,Good,NONE,0,Normal,0,0,9420,0x40000000,0x10000,0x0,0,0000,0000,00000000,0,0,0,0,143,4221,8400,958,0,
05-06 17:58:04.038  1365  1454 E Watchdog: !@Sync: 2197 heap: 92 / 103 FD: 1046 [2025-05-06 17:58:04.037]
05-06 17:58:24.974  1040  1071 E BatteryDump: !@new_battery_dump : 4196,-251,100,100,87,310,317,338,0,0,329,338,0,Discharging,NO_CHARGING,None,Good,NONE,0,Normal,0,0,9420,0x40000000,0x10000,0x0,0,0000,0000,00000000,0,0,0,0,143,4221,8390,958,0,
05-06 17:58:29.392  1365  4440 E KernelCpuUidFullTimeReader: Negative delta from freq time for uid: 90000, delta: -291
05-06 17:58:29.393  1365  4440 E KernelCpuUidFullTimeReader: Negative delta from freq time for uid: 90001, delta: -5
05-06 17:58:29.393  1365  4440 E KernelCpuUidFullTimeReader: Negative delta from freq time for uid: 90002, delta: -2
05-06 17:58:34.050  1365  1454 E Watchdog: !@Sync: 2198 heap: 98 / 103 FD: 1050 [2025-05-06 17:58:34.050]
05-06 17:58:41.095 21391 24685 E LoadedApk: Exception : java.lang.NullPointerException: Attempt to invoke virtual method 'boolean android.os.Looper.isPerfLogEnable()' on a null object reference
05-06 17:58:41.103 21391 24685 E LoadedApk: Exception : java.lang.NullPointerException: Attempt to invoke virtual method 'boolean android.os.Looper.isPerfLogEnable()' on a null object reference
05-06 17:58:41.197 21391 24685 E LoadedApk: Exception : java.lang.NullPointerException: Attempt to invoke virtual method 'boolean android.os.Looper.isPerfLogEnable()' on a null object reference
05-06 17:58:41.203 21391 24685 E LoadedApk: Exception : java.lang.NullPointerException: Attempt to invoke virtual method 'boolean android.os.Looper.isPerfLogEnable()' on a null object reference
05-06 17:58:41.236  1365  2369 E Transition: Trying to add a ready-group twice: Display{#0 state=ON size=1080x2340 ROTATION_0}
05-06 17:58:41.237  3052  3052 E pageboostd: Received HALT command code 2
05-06 17:58:41.259 27039 27039 E .android.gms.ui: Not starting debugger since process cannot load the jdwp agent.
05-06 17:58:41.412 27039 27039 E .android.gms.ui: Invalid resource ID 0x00000000.
05-06 17:58:41.458   987   987 E audit   : type=1400 audit(1746547121.453:38627): avc:  denied  { read } for  pid=27039 comm=".android.gms.ui" name="u:object_r:system_sensor_prop:s0" dev="tmpfs" ino=418 scontext=u:r:gmscore_app:s0:c512,c768 tcontext=u:object_r:system_sensor_prop:s0 tclass=file permissive=0 SEPF_SM-A546B_13_0001 audit_filtered
05-06 17:58:41.458   987   987 E audit   : type=1400 audit(1746547121.453:38628): avc:  denied  { read } for  pid=27039 comm=".android.gms.ui" name="u:object_r:system_sensor_prop:s0" dev="tmpfs" ino=418 scontext=u:r:gmscore_app:s0:c512,c768 tcontext=u:object_r:system_sensor_prop:s0 tclass=file permissive=0 SEPF_SM-A546B_13_0001 audit_filtered
05-06 17:58:41.556   987   987 E audit   : type=1400 audit(1746547121.549:38629): avc:  denied  { search } for  pid=1063 comm="perfmond" name="host0" dev="sysfs" ino=67898 scontext=u:r:perfmond:s0 tcontext=u:object_r:sysfs_ski_ufs_writable:s0 tclass=dir permissive=0 SEPF_SM-A546B_13_0001 audit_filtered
05-06 17:58:41.580  3052  3052 E pageboostd: Received HALT command code 2
05-06 17:58:41.611  4929 27112 E AtomicFile: Failed to rename /data/user_de/0/com.samsung.android.honeyboard/files/selected.json.new to /data/user_de/0/com.samsung.android.honeyboard/files/selected.json
05-06 17:58:41.628  1065  1726 E NativeCustomFrequencyManager: [NativeCFMS] BpCustomFrequencyManager::acquire()
05-06 17:58:44.251  1365  1452 E WindowManager: win=Window{c2c6bc6 u0 com.google.android.gms/com.google.android.gms.auth.api.credentials.assistedsignin.ui.AssistedSignInActivity EXITING} destroySurfaces: appStopped=false cleanupOnResume=false win.mWindowRemovalAllowed=true win.mRemoveOnExit=true win.mViewVisibility=8 caller=com.android.server.wm.WindowState.onExitAnimationDone:5764 com.android.server.wm.WindowStateAnimator.onAnimationFinished:208 com.android.server.wm.WindowState.onAnimationFinished:5995 com.android.server.wm.WindowContainer$$ExternalSyntheticLambda4.onAnimationFinished:0 com.android.server.wm.SurfaceAnimator.cancelAnimation:400 com.android.server.wm.SurfaceAnimator.cancelAnimation:274 com.android.server.wm.WindowContainer.setParent:618 
05-06 17:58:44.261  1365  4436 E WindowManager: win=Window{d5e5bb5 u0 com.sec.android.app.launcher/com.samsung.app.honeyspace.edge.CocktailBarService} destroySurfaces: appStopped=true cleanupOnResume=false win.mWindowRemovalAllowed=false win.mRemoveOnExit=false win.mViewVisibility=8 caller=com.android.server.wm.WindowManagerService.tryStartExitingAnimation:2980 com.android.server.wm.WindowManagerService.relayoutWindow:2685 com.android.server.wm.Session.relayout:282 android.view.IWindowSession$Stub.onTransact:782 com.android.server.wm.Session.onTransact:204 android.os.Binder.execTransactInternal:1375 android.os.Binder.execTransact:1311 
05-06 17:58:44.400  1065  1726 E NativeCustomFrequencyManager: [NativeCFMS] BpCustomFrequencyManager::acquire()
05-06 17:58:44.707 22438 22438 E RestrictModeUtil: isDexMode() : desktop mode manager is null, so it can't be decided
05-06 17:58:44.710 22438 22438 E RestrictModeUtil: isDexMode() : desktop mode manager is null, so it can't be decided
05-06 17:58:46.032   987   987 E audit   : type=1400 audit(1746547126.025:38630): avc:  denied  { search } for  pid=1063 comm="perfmond" name="host0" dev="sysfs" ino=67898 scontext=u:r:perfmond:s0 tcontext=u:object_r:sysfs_ski_ufs_writable:s0 tclass=dir permissive=0 SEPF_SM-A546B_13_0001 audit_filtered
05-06 17:58:46.093  1065  1726 E NativeCustomFrequencyManager: [NativeCFMS] BpCustomFrequencyManager::acquire()
05-06 17:58:46.451  4929 27154 E AtomicFile: Failed to rename /data/user_de/0/com.samsung.android.honeyboard/files/selected.json.new to /data/user_de/0/com.samsung.android.honeyboard/files/selected.json
05-06 17:58:46.485  1365  4419 E WindowManager: win=Window{b555be6 u0 com.alejandroacg.choicebound/com.alejandroacg.choicebound.android.AndroidLauncher} destroySurfaces: appStopped=true cleanupOnResume=false win.mWindowRemovalAllowed=false win.mRemoveOnExit=false win.mViewVisibility=8 caller=com.android.server.wm.ActivityRecord.destroySurfaces:6952 com.android.server.wm.ActivityRecord.destroySurfaces:6933 com.android.server.wm.ActivityRecord.activityStopped:7633 com.android.server.wm.ActivityClientController.activityStopped:321 android.app.IActivityClientController$Stub.onTransact:702 com.android.server.wm.ActivityClientController.onTransact:186 android.os.Binder.execTransactInternal:1380 
05-06 17:58:46.761  1365  8698 E TaskPersister: File error accessing recents directory (directory doesn't exist?).
05-06 17:58:46.776  3052  3052 E pageboostd: Received HALT command code 2
05-06 17:58:46.915  1065  1065 E BpTransactionCompletedListener: Failed to transact (-32)
05-06 17:58:46.956  1016 26999 E audio_hw_proxy2: offload_out-proxy_offload_compress_func: wait
05-06 17:58:47.141  1365  1386 E WindowManager: win=Window{a2edfa9 u0 com.sec.android.app.launcher/com.android.quickstep.RecentsActivity} destroySurfaces: appStopped=true cleanupOnResume=false win.mWindowRemovalAllowed=false win.mRemoveOnExit=false win.mViewVisibility=8 caller=com.android.server.wm.ActivityRecord.destroySurfaces:6952 com.android.server.wm.ActivityRecord.destroySurfaces:6933 com.android.server.wm.ActivityRecord.activityStopped:7633 com.android.server.wm.ActivityClientController.activityStopped:321 android.app.IActivityClientController$Stub.onTransact:702 com.android.server.wm.ActivityClientController.onTransact:186 android.os.Binder.execTransactInternal:1380 
05-06 17:58:47.525  1056  2117 E NativeCustomFrequencyManager: [NativeCFMS] BpCustomFrequencyManager::acquire()
05-06 17:58:47.935  2868  3223 E BtGatt.GattService: [GSIM LOG]: gsimLogHandler, msg: MESSAGE_SCAN_STOP, appName: com.google.uid.shared, scannerId: 1, reportDelayMillis=0
05-06 17:58:47.942  1365  3628 E WindowManager: win=Window{3369253 u0 com.sec.android.app.launcher/com.sec.android.app.launcher.activities.LauncherActivity} destroySurfaces: appStopped=true cleanupOnResume=false win.mWindowRemovalAllowed=false win.mRemoveOnExit=false win.mViewVisibility=8 caller=com.android.server.wm.ActivityRecord.destroySurfaces:6952 com.android.server.wm.ActivityRecord.destroySurfaces:6933 com.android.server.wm.ActivityRecord.activityStopped:7633 com.android.server.wm.ActivityClientController.activityStopped:321 android.app.IActivityClientController$Stub.onTransact:702 com.android.server.wm.ActivityClientController.onTransact:186 android.os.Binder.execTransactInternal:1380 
05-06 17:58:47.945  2868  3223 E BtGatt.GattService: [GSIM LOG]: gsimLogHandler, msg: MESSAGE_SCAN_STOP, appName: com.google.uid.shared, scannerId: 2, reportDelayMillis=0
05-06 17:58:48.073  1365  1365 E PocketProximityManager: onSensorChanged : proxVal: 255.0
05-06 17:58:48.166  2245  2245 E AbsSettings: refreshInner: refreshedSettingsDBItem key SELECTED_THEME_CLOCK_TYPE val = 50004
05-06 17:58:48.167  2245  2245 E AbsSettings: refreshInner: refreshedSettingsDBItem key CLOCK_VERSION val = 300000
05-06 17:58:48.167  2245  2245 E AbsSettings: refreshInner: refreshedSettingsDBItem key PALETTE_VERSION val = 90000
05-06 17:58:48.177  2245  2245 E AbsSettings: refreshInner: refreshedSettingsDBItem key SELECTED_THEME_CLOCK_TYPE val = 50004
05-06 17:58:48.185  2245  2245 E AbsSettings: refreshInner: refreshedSettingsDBItem key SELECTED_THEME_CLOCK_TYPE val = 50004
05-06 17:58:48.188  1365  4436 E WindowManager: win=Window{d5e5bb5 u0 com.sec.android.app.launcher/com.samsung.app.honeyspace.edge.CocktailBarService} destroySurfaces: appStopped=true cleanupOnResume=false win.mWindowRemovalAllowed=false win.mRemoveOnExit=false win.mViewVisibility=8 caller=com.android.server.wm.WindowManagerService.tryStartExitingAnimation:2980 com.android.server.wm.WindowManagerService.relayoutWindow:2685 com.android.server.wm.Session.relayout:282 android.view.IWindowSession$Stub.onTransact:782 com.android.server.wm.Session.onTransact:204 android.os.Binder.execTransactInternal:1375 android.os.Binder.execTransact:1311 
05-06 17:58:48.213   994  1000 E engmode_world: Unknown token(00/00/00)
05-06 17:58:48.214   526   526 E engmode_hidl_service: error to server(0xd0060012)
05-06 17:58:48.234  1365  1365 E PocketModeEvent: ACTION_SCREEN_OFF
05-06 17:58:48.234  1365  1365 E PocketModeEvent: currentState : 1
05-06 17:58:48.236  1365  2061 E PocketModeEvent: MSG_TYPE_STOP_SENSING
05-06 17:58:48.238  2245  2245 E AbsSettings: refreshInner: refreshedSettingsDBItem key SELECTED_PALETTE_INDEX val = 0
05-06 17:58:48.238  2245  2245 E AbsSettings: refreshInner: refreshedSettingsDBItem key lock_theme_clock_package val = com.needwin.Eclipse2
05-06 17:58:48.238  2245  2245 E AbsSettings: refreshInner: refreshedSettingsDBItem key lock_theme_clock_package_settings val = com.needwin.Eclipse2
05-06 17:58:48.239  2245  2245 E AbsSettings: refreshInner: refreshedSettingsDBItem key CLOCK_VERSION val = 300000
05-06 17:58:48.239  2245  2245 E AbsSettings: refreshInner: refreshedSettingsDBItem key PALETTE_VERSION val = 400000
05-06 17:58:48.239  2245  2245 E AbsSettings: refreshInner: refreshedSettingsDBItem key lock_clock_scale_rate val = 1.0
05-06 17:58:48.239  2245  2245 E AbsSettings: refreshInner: refreshedSettingsDBItem key lock_clock_font_type val = 0
05-06 17:58:48.239  2245  2245 E AbsSettings: refreshInner: refreshedSettingsDBItem key lock_clock_visibility val = 0
05-06 17:58:48.239  2245  2245 E AbsSettings: refreshInner: refreshedSettingsDBItem key profile_id val = 0
05-06 17:58:48.241  2245  2245 E AbsSettings: refreshInner: refreshedSettingsDBItem key SELECTED_THEME_CLOCK_TYPE val = 50004
05-06 17:58:48.241  2245  2245 E AbsSettings: refreshInner: refreshedSettingsDBItem key SELECTED_THEME_CLOCK_TYPE val = 50004
05-06 17:58:48.241  2245  2245 E AbsSettings: refreshInner: refreshedSettingsDBItem key SELECTED_THEME_CLOCK_TYPE val = 50004
05-06 17:58:48.246  1365  1365 E PocketMotionManager: unregister activity tracker
05-06 17:58:48.263  2245 24805 E engmode_client_list: Cannot find client
05-06 17:58:48.263  2245 24805 E engmode_hidl_client_service: Client error
05-06 17:58:48.266  2245  2245 E KeyguardPunchHoleVIView: onApplyWindowInsets() return - mVIDirector is null (a54xnaxx)
05-06 17:58:48.267   994  1000 E engmode_world: Unknown token(00/00/00)
05-06 17:58:48.268   526   526 E engmode_hidl_service: error to server(0xd0060012)
05-06 17:58:48.275  2245  2245 E KeyguardPunchHoleVIView: onApplyWindowInsets() return - mVIDirector is null (a54xnaxx)
05-06 17:58:48.313  2245  2245 E SystemUITextView: set Background Drawable!!
05-06 17:58:48.320  2245  2245 E SecLockPatternView: getScaledBitmapFor() return null - bitmap is null resId = 2131233576
05-06 17:58:48.337 14854 26658 E LoadedApk: Exception : java.lang.NullPointerException: Attempt to invoke virtual method 'boolean android.os.Looper.isPerfLogEnable()' on a null object reference
05-06 17:58:48.355  1365  1465 E system_server: updateValue is called with a value {0, 0, 0, 0, 0, 0, 0, 0, 0, 0, 0, 0, 0, 0, 0, 0, 0, 0, 0, 0, 0, 0, 0, 0, 0, 0, 0, 0, 0, 0, 0, 0, 0, 0, 0, 0}, which is lower than the previous value {0, 0, 0, 0, 0, 0, 0, 0, 0, 0, 0, 0, 0, 4, 0, 1493, 0, 0, 0, 0, 0, 0, 0, 0, 0, 0, 0, 0, 0, 0, 0, 0, 0, 0, 0, 15}
05-06 17:58:48.369   994  1000 E engmode_world: Unknown token(00/00/00)
05-06 17:58:48.370   526   526 E engmode_hidl_service: error to server(0xd0060012)
05-06 17:58:48.389 14854 24936 E LoadedApk: Exception : java.lang.NullPointerException: Attempt to invoke virtual method 'boolean android.os.Looper.isPerfLogEnable()' on a null object reference
05-06 17:58:48.396 14854 24936 E LoadedApk: Exception : java.lang.NullPointerException: Attempt to invoke virtual method 'boolean android.os.Looper.isPerfLogEnable()' on a null object reference
05-06 17:58:49.937  1365  8698 E TaskPersister: File error accessing recents directory (directory doesn't exist?).
05-06 17:58:50.831  1056  1407 E NativeCustomFrequencyManager: [NativeCFMS] BpCustomFrequencyManager::release()
05-06 17:58:55.027  1040  1071 E BatteryDump: !@new_battery_dump : 4207,-24,100,100,87,310,316,346,0,0,325,346,0,Discharging,NO_CHARGING,None,Good,NONE,0,Normal,0,0,9420,0x40000000,0x10000,0x0,0,0000,0000,00000000,0,0,0,0,143,4220,8380,958,0,
05-06 17:59:04.067  1365  1454 E Watchdog: !@Sync: 2199 heap: 94 / 105 FD: 1026 [2025-05-06 17:59:04.066]
05-06 17:59:25.086  1040  1071 E BatteryDump: !@new_battery_dump : 4211,-16,100,100,87,308,312,317,0,0,328,317,0,Discharging,NO_CHARGING,None,Good,NONE,0,Normal,0,0,9420,0x40000000,0x10000,0x0,0,0000,0000,00000000,0,0,0,0,143,4220,8380,958,0,
05-06 17:59:34.092  1365  1454 E Watchdog: !@Sync: 2200 heap: 95 / 105 FD: 1026 WaitTime: 2370.132 GCcnt: 11 FullGC: 0 [2025-05-06 17:59:34.090]
05-06 17:59:47.194  5351 27194 E FirebaseMessaging: Default FirebaseApp has not been initialized. Skip logging event to GA.
05-06 17:59:55.135  1040  1071 E BatteryDump: !@new_battery_dump : 4212,-42,100,100,87,305,307,313,0,0,320,313,0,Discharging,NO_CHARGING,None,Good,NONE,0,Normal,0,0,9420,0x40000000,0x10000,0x0,0,0000,0000,00000000,0,0,0,0,143,4219,8380,958,0,
05-06 18:00:04.113  1365  1454 E Watchdog: !@Sync: 2201 heap: 87 / 105 FD: 1035 [2025-05-06 18:00:04.112]
05-06 18:00:25.187  1040  1071 E BatteryDump: !@new_battery_dump : 4213,-54,100,100,87,302,303,306,0,0,316,306,0,Discharging,NO_CHARGING,None,Good,NONE,0,Normal,0,0,9420,0x40000000,0x10000,0x0,0,0000,0000,00000000,0,0,0,0,143,4218,8370,958,0,
05-06 18:00:34.133  1365  1454 E Watchdog: !@Sync: 2202 heap: 88 / 105 FD: 1035 [2025-05-06 18:00:34.131]
05-06 18:00:51.571  1040  1071 E BatteryDump: !@new_battery_dump : 4207,-54,100,100,87,299,299,305,0,0,313,305,0,Discharging,NO_CHARGING,None,Good,NONE,0,Normal,0,0,9420,0x40000000,0x10000,0x0,0,0000,0000,00000000,0,0,0,0,143,4218,8370,958,0,
05-06 18:00:54.454  1040  1071 E BatteryDump: !@new_battery_dump : 4209,-54,100,100,87,299,299,304,0,0,309,304,0,Discharging,NO_CHARGING,None,Good,NONE,0,Normal,0,0,9420,0x40000000,0x10000,0x0,0,0000,0000,00000000,0,0,0,0,143,4218,8370,958,0,
05-06 18:00:57.010  1040  1071 E BatteryDump: !@new_battery_dump : 4214,-54,100,100,87,298,299,303,0,0,309,303,0,Discharging,NO_CHARGING,None,Good,NONE,0,Normal,0,0,9420,0x40000000,0x10000,0x0,0,0000,0000,00000000,0,0,0,0,143,4218,8370,958,0,
05-06 18:00:59.575  1040  1071 E BatteryDump: !@new_battery_dump : 4214,-54,100,100,87,298,299,303,0,0,309,303,0,Discharging,NO_CHARGING,None,Good,NONE,0,Normal,0,0,9420,0x40000000,0x10000,0x0,0,0000,0000,00000000,0,0,0,0,143,4218,8370,958,0,
05-06 18:01:02.341  1040  1071 E BatteryDump: !@new_battery_dump : 4211,-54,100,100,87,298,298,302,0,0,309,302,0,Discharging,NO_CHARGING,None,Good,NONE,0,Normal,0,0,9420,0x40000000,0x10000,0x0,0,0000,0000,00000000,0,0,0,0,143,4218,8370,958,0,
05-06 18:01:04.890  1044  1044 E SehThermal-HAL: need_to_update: 17027
05-06 18:01:04.895  1040  1071 E BatteryDump: !@new_battery_dump : 4214,-54,100,100,87,298,298,302,0,0,309,302,0,Discharging,NO_CHARGING,None,Good,NONE,0,Normal,0,0,9420,0x40000000,0x10000,0x0,0,0000,0000,00000000,0,0,0,0,143,4218,8370,958,0,
05-06 18:01:06.547  1040  1071 E BatteryDump: !@new_battery_dump : 4212,-54,100,100,87,297,297,301,0,0,307,301,0,Discharging,NO_CHARGING,None,Good,NONE,0,Normal,0,0,9420,0x40000000,0x10000,0x0,0,0000,0000,00000000,0,0,0,0,143,4218,8370,958,0,
05-06 18:01:09.917  1040  1071 E BatteryDump: !@new_battery_dump : 4214,-54,100,100,87,297,297,302,0,0,307,302,0,Discharging,NO_CHARGING,None,Good,NONE,0,Normal,0,0,9420,0x40000000,0x10000,0x0,0,0000,0000,00000000,0,0,0,0,143,4218,8370,958,0,
05-06 18:01:14.844  1040  1071 E BatteryDump: !@new_battery_dump : 4204,-54,100,100,87,297,297,301,0,0,307,301,0,Discharging,NO_CHARGING,None,Good,NONE,0,Normal,0,0,9420,0x40000000,0x10000,0x0,0,0000,0000,00000000,0,0,0,0,143,4218,8370,958,0,
05-06 18:01:16.484  1040  1071 E BatteryDump: !@new_battery_dump : 4209,-54,100,100,87,296,297,301,0,0,307,301,0,Discharging,NO_CHARGING,None,Good,NONE,0,Normal,0,0,9420,0x40000000,0x10000,0x0,0,0000,0000,00000000,0,0,0,0,143,4218,8370,958,0,
05-06 18:01:18.755  1040  1071 E BatteryDump: !@new_battery_dump : 4213,-54,100,100,87,296,297,301,0,0,307,301,0,Discharging,NO_CHARGING,None,Good,NONE,0,Normal,0,0,9420,0x40000000,0x10000,0x0,0,0000,0000,00000000,0,0,0,0,143,4218,8370,958,0,
05-06 18:01:20.579  1040  1071 E BatteryDump: !@new_battery_dump : 4209,-54,100,100,87,296,297,300,0,0,307,300,0,Discharging,NO_CHARGING,None,Good,NONE,0,Normal,0,0,9420,0x40000000,0x10000,0x0,0,0000,0000,00000000,0,0,0,0,143,4218,8370,958,0,
05-06 18:01:22.232  1040  1071 E BatteryDump: !@new_battery_dump : 4211,-54,100,100,87,296,296,300,0,0,307,300,0,Discharging,NO_CHARGING,None,Good,NONE,0,Normal,0,0,9420,0x40000000,0x10000,0x0,0,0000,0000,00000000,0,0,0,0,143,4218,8370,958,0,
05-06 18:01:23.306  1040  1071 E BatteryDump: !@new_battery_dump : 4213,-54,100,100,87,296,296,300,0,0,307,300,0,Discharging,NO_CHARGING,None,Good,NONE,0,Normal,0,0,9420,0x40000000,0x10000,0x0,0,0000,0000,00000000,0,0,0,0,143,4218,8370,958,0,
05-06 18:01:23.735  1365  1454 E Watchdog: !@Sync: 2203 heap: 83 / 105 FD: 1032 [2025-05-06 18:01:23.734]
05-06 18:01:25.590  1040  1071 E BatteryDump: !@new_battery_dump : 4209,-54,100,100,87,295,296,300,0,0,307,300,0,Discharging,NO_CHARGING,None,Good,NONE,0,Normal,0,0,9420,0x40000000,0x10000,0x0,0,0000,0000,00000000,0,0,0,0,143,4218,8370,958,0,
05-06 18:01:27.710  1040  1071 E BatteryDump: !@new_battery_dump : 4212,-54,100,100,87,295,296,300,0,0,307,300,0,Discharging,NO_CHARGING,None,Good,NONE,0,Normal,0,0,9420,0x40000000,0x10000,0x0,0,0000,0000,00000000,0,0,0,0,143,4218,8370,958,0,
05-06 18:01:27.718  1044  1044 E SehThermal-HAL: need_to_update: 15603
05-06 18:01:28.546  1044  1113 E SehThermal-HAL: skip_to_update: 828
05-06 18:01:29.939  1040  1071 E BatteryDump: !@new_battery_dump : 4207,-54,100,100,87,295,296,300,0,0,305,300,0,Discharging,NO_CHARGING,None,Good,NONE,0,Normal,0,0,9420,0x40000000,0x10000,0x0,0,0000,0000,00000000,0,0,0,0,143,4218,8370,958,0,
05-06 18:01:32.155  1040  1071 E BatteryDump: !@new_battery_dump : 4209,-54,100,100,87,295,295,299,0,0,305,299,0,Discharging,NO_CHARGING,None,Good,NONE,0,Normal,0,0,9420,0x40000000,0x10000,0x0,0,0000,0000,00000000,0,0,0,0,143,4218,8370,958,0,
05-06 18:01:32.228  1365  1365 E ActivityManager: Cancel pending or running compactions as system is awake
05-06 18:01:32.291  2245  2245 E AbsSettings: refreshInner: refreshedSettingsDBItem key SELECTED_THEME_CLOCK_TYPE val = 50004
05-06 18:01:32.294  2245  2245 E LSO_LSOInterface: LSO Service is not yet ready!!!
05-06 18:01:32.302  1365  1365 E PocketModeEvent: ACTION_SCREEN_ON(by 1)
05-06 18:01:32.313  1365  1365 E SemContext.CaeProvider: setAttribute() : attribute is null!
05-06 18:01:32.313  1365  1365 E PocketMotionManager: register activity tracker
05-06 18:01:32.321  1365  2061 E PocketModeEvent: MSG_TYPE_START_SENSING
05-06 18:01:32.323  2868  3223 E BtGatt.GattService: [GSIM LOG]: gsimLogHandler, msg: MESSAGE_SCAN_START, appName: com.google.uid.shared, scannerId: 1, reportDelayMillis=0
05-06 18:01:32.340  1365  1365 E PocketMotionManager: activity tracker 1, 1
05-06 18:01:32.372 14854 27109 E LoadedApk: Exception : java.lang.NullPointerException: Attempt to invoke virtual method 'boolean android.os.Looper.isPerfLogEnable()' on a null object reference
05-06 18:01:32.392 14854 21095 E LoadedApk: Exception : java.lang.NullPointerException: Attempt to invoke virtual method 'boolean android.os.Looper.isPerfLogEnable()' on a null object reference
05-06 18:01:32.399 14854 24936 E LoadedApk: Exception : java.lang.NullPointerException: Attempt to invoke virtual method 'boolean android.os.Looper.isPerfLogEnable()' on a null object reference
05-06 18:01:32.477  1365  2061 E ActivityManager: Sending non-protected broadcast com.samsung.intent.action.RELEASE_POCKET_MODE from system 1365:system/1000 pkg android
05-06 18:01:32.477  1365  2061 E ActivityManager: java.lang.Throwable
05-06 18:01:32.477  1365  2061 E ActivityManager: 	at com.android.server.am.ActivityManagerService.checkBroadcastFromSystem(ActivityManagerService.java:17081)
05-06 18:01:32.477  1365  2061 E ActivityManager: 	at com.android.server.am.ActivityManagerService.broadcastIntentLockedTraced(ActivityManagerService.java:18026)
05-06 18:01:32.477  1365  2061 E ActivityManager: 	at com.android.server.am.ActivityManagerService.broadcastIntentLocked(ActivityManagerService.java:17169)
05-06 18:01:32.477  1365  2061 E ActivityManager: 	at com.android.server.am.ActivityManagerService.broadcastIntentLocked(ActivityManagerService.java:17146)
05-06 18:01:32.477  1365  2061 E ActivityManager: 	at com.android.server.am.ActivityManagerService.broadcastIntentWithFeature(ActivityManagerService.java:18253)
05-06 18:01:32.477  1365  2061 E ActivityManager: 	at android.app.ContextImpl.sendBroadcast(ContextImpl.java:1285)
05-06 18:01:32.477  1365  2061 E ActivityManager: 	at com.samsung.android.gesture.PocketModeEvent$1.handleMessage(PocketModeEvent.java:456)
05-06 18:01:32.477  1365  2061 E ActivityManager: 	at android.os.Handler.dispatchMessage(Handler.java:106)
05-06 18:01:32.477  1365  2061 E ActivityManager: 	at android.os.Looper.loopOnce(Looper.java:230)
05-06 18:01:32.477  1365  2061 E ActivityManager: 	at android.os.Looper.loop(Looper.java:319)
05-06 18:01:32.477  1365  2061 E ActivityManager: 	at android.os.HandlerThread.run(HandlerThread.java:67)
05-06 18:01:32.480  2245  2245 E MODManager: hideSubUIChargingInfo skip because mAODChargingInfoSubUiPresenter is null
05-06 18:01:32.547  1365  1365 E PocketProximityManager: onSensorChanged : proxVal: 10.0
05-06 18:01:32.552  4929  4929 E HBD     : g activeNetwork is null 
05-06 18:01:33.437  1365  4179 E WindowManager: win=Window{d5e5bb5 u0 com.sec.android.app.launcher/com.samsung.app.honeyspace.edge.CocktailBarService} destroySurfaces: appStopped=true cleanupOnResume=false win.mWindowRemovalAllowed=false win.mRemoveOnExit=false win.mViewVisibility=8 caller=com.android.server.wm.WindowManagerService.tryStartExitingAnimation:2980 com.android.server.wm.WindowManagerService.relayoutWindow:2685 com.android.server.wm.Session.relayout:282 android.view.IWindowSession$Stub.onTransact:782 com.android.server.wm.Session.onTransact:204 android.os.Binder.execTransactInternal:1375 android.os.Binder.execTransact:1311 
05-06 18:01:33.696  2245  2245 E KeyguardPunchHoleVIView: onApplyWindowInsets() return - mVIDirector is null (a54xnaxx)
05-06 18:01:33.752  1065  1726 E NativeCustomFrequencyManager: [NativeCFMS] BpCustomFrequencyManager::acquire()
05-06 18:01:34.647  2245  2245 E KeyguardViewMediator: mHideAnimationFinishedRunnable#run
05-06 18:01:34.697  1365  2211 E ProcessStateTracker: java.lang.ClassCastException: java.lang.Boolean cannot be cast to java.lang.String
05-06 18:01:34.775   994  1000 E engmode_world: Unknown token(00/00/00)
05-06 18:01:34.776   526   526 E engmode_hidl_service: error to server(0xd0060012)
05-06 18:01:34.783  2245 31143 E engmode_client_list: Cannot find client
05-06 18:01:34.783  2245 31143 E engmode_hidl_client_service: Client error
05-06 18:01:34.790  2245  2245 E KeyguardPunchHoleVIView: onApplyWindowInsets() return - mVIDirector is null (a54xnaxx)
05-06 18:01:34.798   994  1000 E engmode_world: Unknown token(00/00/00)
05-06 18:01:34.799   526   526 E engmode_hidl_service: error to server(0xd0060012)
05-06 18:01:34.803  1056 17902 E NativeCustomFrequencyManager: [NativeCFMS] BpCustomFrequencyManager::acquire()
05-06 18:01:34.838  1365  2058 E MotionRecognitionService: Receiver: ACTION_USER_PRESENT - UNLOCK SCREEN
05-06 18:01:34.923  2868  3223 E BtGatt.GattService: [GSIM LOG]: gsimLogHandler, msg: MESSAGE_SCAN_START, appName: com.google.uid.shared, scannerId: 2, reportDelayMillis=0
05-06 18:01:35.037  1365  1387 E WindowManager: win=Window{f5afa65 u0 NotificationShade} destroySurfaces: appStopped=true cleanupOnResume=false win.mWindowRemovalAllowed=false win.mRemoveOnExit=false win.mViewVisibility=4 caller=com.android.server.wm.WindowManagerService.tryStartExitingAnimation:2980 com.android.server.wm.WindowManagerService.relayoutWindow:2685 com.android.server.wm.Session.relayout:282 android.view.IWindowSession$Stub.onTransact:782 com.android.server.wm.Session.onTransact:204 android.os.Binder.execTransactInternal:1375 android.os.Binder.execTransact:1311 
05-06 18:01:37.816 27444 27444 E book.appmanager: Not starting debugger since process cannot load the jdwp agent.
05-06 18:01:37.883 27444 27444 E SQLiteLog: (14) cannot open file at line 43203 of [698edb7753]
05-06 18:01:37.883 27444 27444 E SQLiteLog: (14) os_unix.c:43203: (2) open(/data/data/com.facebook.appmanager/databases/androidx.work.workdb) - 
05-06 18:01:37.883 27444 27444 E SQLiteLog: (1) Process book.appmanager : Pid (27444) Uid (10160) Euid (10160) Gid (10160) Egid (10160) scontext(u:r:untrusted_app:s0:c160,c256,c512,c768)
05-06 18:01:37.883 27444 27444 E SQLiteLog: (1) osStat failed "/data/data/com.facebook.appmanager/databases/androidx.work.workdb" due to error (2)
05-06 18:01:37.883 27444 27444 E SQLiteLog: (1) Stat of /data/data/com.facebook.appmanager/databases : st_mode(40771) st_uid(10160) st_gid(10160) st_ino(10228) tcontext(u:object_r:app_data_file:s0:c160,c256,c512,c768)
05-06 18:01:37.883 27444 27444 E SQLiteLog: (1) Stat of /data/data/com.facebook.appmanager : st_mode(40700) st_uid(10160) st_gid(10160) st_ino(5932) tcontext(u:object_r:app_data_file:s0:c160,c256,c512,c768)
05-06 18:01:37.883 27444 27444 E SQLiteLog: (1) Stat of /data/data : st_mode(40751) st_uid(0) st_gid(0) st_ino(1) tcontext(u:object_r:system_data_file:s0)
05-06 18:01:37.883 27444 27444 E SQLiteLog: (1) Stat of /data : st_mode(40771) st_uid(1000) st_gid(1000) st_ino(3) tcontext(u:object_r:system_data_root_file:s0)
05-06 18:01:37.883 27444 27444 E SQLiteDatabase: Failed to open database '/data/user/0/com.facebook.appmanager/databases/androidx.work.workdb'.
05-06 18:01:37.883 27444 27444 E SQLiteDatabase: android.database.sqlite.SQLiteCantOpenDatabaseException: Cannot open database '/data/user/0/com.facebook.appmanager/databases/androidx.work.workdb' with flags 0x0: File /data/user/0/com.facebook.appmanager/databases/androidx.work.workdb doesn't exist
05-06 18:01:37.883 27444 27444 E SQLiteDatabase: 	at android.database.sqlite.SQLiteConnection.open(SQLiteConnection.java:397)
