--------- beginning of crash
05-05 14:53:28.786  7147  7147 E AndroidRuntime: FATAL EXCEPTION: main
05-05 14:53:28.786  7147  7147 E AndroidRuntime: Process: ai.x.grok, PID: 7147
05-05 14:53:28.786  7147  7147 E AndroidRuntime: java.lang.RuntimeException: Unable to instantiate application android.app.Application package ai.x.grok: java.lang.ClassCastException: android.app.Application cannot be cast to ai.x.grok.GrokApplication
05-05 14:53:28.786  7147  7147 E AndroidRuntime: 	at android.app.LoadedApk.makeApplicationInner(LoadedApk.java:1555)
05-05 14:53:28.786  7147  7147 E AndroidRuntime: 	at android.app.LoadedApk.makeApplicationInner(LoadedApk.java:1484)
05-05 14:53:28.786  7147  7147 E AndroidRuntime: 	at android.app.ActivityThread.handleBindApplication(ActivityThread.java:7651)
05-05 14:53:28.786  7147  7147 E AndroidRuntime: 	at android.app.ActivityThread.-$$Nest$mhandleBindApplication(Unknown Source:0)
05-05 14:53:28.786  7147  7147 E AndroidRuntime: 	at android.app.ActivityThread$H.handleMessage(ActivityThread.java:2478)
05-05 14:53:28.786  7147  7147 E AndroidRuntime: 	at android.os.Handler.dispatchMessage(Handler.java:106)
05-05 14:53:28.786  7147  7147 E AndroidRuntime: 	at android.os.Looper.loopOnce(Looper.java:230)
05-05 14:53:28.786  7147  7147 E AndroidRuntime: 	at android.os.Looper.loop(Looper.java:319)
05-05 14:53:28.786  7147  7147 E AndroidRuntime: 	at android.app.ActivityThread.main(ActivityThread.java:8919)
05-05 14:53:28.786  7147  7147 E AndroidRuntime: 	at java.lang.reflect.Method.invoke(Native Method)
05-05 14:53:28.786  7147  7147 E AndroidRuntime: 	at com.android.internal.os.RuntimeInit$MethodAndArgsCaller.run(RuntimeInit.java:578)
05-05 14:53:28.786  7147  7147 E AndroidRuntime: 	at com.android.internal.os.ZygoteInit.main(ZygoteInit.java:1103)
05-05 14:53:28.786  7147  7147 E AndroidRuntime: Caused by: java.lang.ClassCastException: android.app.Application cannot be cast to ai.x.grok.GrokApplication
05-05 14:53:28.786  7147  7147 E AndroidRuntime: 	at ai.x.grok.di.ComponentFactory.instantiateApplicationCompat(Unknown Source:38)
05-05 14:53:28.786  7147  7147 E AndroidRuntime: 	at Y1.h.instantiateApplication(Unknown Source:0)
05-05 14:53:28.786  7147  7147 E AndroidRuntime: 	at android.app.Instrumentation.newApplication(Instrumentation.java:1282)
05-05 14:53:28.786  7147  7147 E AndroidRuntime: 	at android.app.LoadedApk.makeApplicationInner(LoadedApk.java:1547)
05-05 14:53:28.786  7147  7147 E AndroidRuntime: 	... 11 more
--------- beginning of system
05-06 16:59:18.550  1365  1454 E Watchdog: !@Sync: 2091 heap: 83 / 104 FD: 1025 [2025-05-06 16:59:18.549]
05-06 17:00:13.022  1365  1454 E Watchdog: !@Sync: 2092 heap: 85 / 104 FD: 1025 [2025-05-06 17:00:13.021]
05-06 17:01:14.691  1365  1454 E Watchdog: !@Sync: 2093 heap: 101 / 104 FD: 1027 [2025-05-06 17:01:14.690]
05-06 17:01:59.247  1365  1454 E Watchdog: !@Sync: 2094 heap: 94 / 104 FD: 1026 [2025-05-06 17:01:59.246]
05-06 17:02:40.330  1365  1454 E Watchdog: !@Sync: 2095 heap: 95 / 104 FD: 1026 [2025-05-06 17:02:40.329]
05-06 17:03:13.672  1365  1454 E Watchdog: !@Sync: 2096 heap: 95 / 104 FD: 1026 [2025-05-06 17:03:13.671]
05-06 17:03:43.692  1365  1454 E Watchdog: !@Sync: 2097 heap: 97 / 104 FD: 1026 [2025-05-06 17:03:43.690]
05-06 17:04:13.709  1365  1454 E Watchdog: !@Sync: 2098 heap: 99 / 104 FD: 1026 [2025-05-06 17:04:13.708]
05-06 17:04:43.725  1365  1454 E Watchdog: !@Sync: 2099 heap: 100 / 104 FD: 1026 [2025-05-06 17:04:43.724]
05-06 17:05:05.328  1365  2333 E KernelCpuUidFullTimeReader: Negative delta from freq time for uid: 90000, delta: -291
05-06 17:05:05.330  1365  2333 E KernelCpuUidFullTimeReader: Negative delta from freq time for uid: 90001, delta: -5
05-06 17:05:05.330  1365  2333 E KernelCpuUidFullTimeReader: Negative delta from freq time for uid: 90002, delta: -2
05-06 17:05:13.746  1365  1454 E Watchdog: !@Sync: 2100 heap: 100 / 104 FD: 1026 WaitTime: 0.000 GCcnt: 2 FullGC: 0 [2025-05-06 17:05:13.742]
05-06 17:05:43.766  1365  1454 E Watchdog: !@Sync: 2101 heap: 101 / 104 FD: 1026 [2025-05-06 17:05:43.765]
05-06 17:06:22.692  1365  1454 E Watchdog: !@Sync: 2102 heap: 102 / 104 FD: 1026 [2025-05-06 17:06:22.691]
05-06 17:06:42.631  1365  1456 E AppWidgetXmlUtil: Label is empty in ComponentInfo{com.samsung.android.oneconnect/com.samsung.android.oneconnect.ui.widget.routines.glance.homescreen.routines.provider.SceneWidgetMultiProvider}
05-06 17:06:42.632  1365  1456 E AppWidgetXmlUtil: Label is empty in ComponentInfo{com.samsung.android.oneconnect/com.samsung.android.oneconnect.ui.widget.routines.homescreen.scene2x1.provider.SceneWidget2x1Provider}
05-06 17:06:42.633  1365  1456 E AppWidgetXmlUtil: Label is empty in ComponentInfo{com.samsung.android.oneconnect/com.samsung.android.oneconnect.ui.widget.routines.homescreen.scenes2x2.provider.ScenesWidget2x2Provider}
05-06 17:06:57.693  1365  1454 E Watchdog: !@Sync: 2103 heap: 116 / 116 FD: 1026 [2025-05-06 17:06:57.693]
05-06 17:07:27.710  1365  1454 E Watchdog: !@Sync: 2104 heap: 95 / 105 FD: 1026 [2025-05-06 17:07:27.709]
05-06 17:07:57.728  1365  1454 E Watchdog: !@Sync: 2105 heap: 98 / 105 FD: 1026 [2025-05-06 17:07:57.727]
05-06 17:08:27.748  1365  1454 E Watchdog: !@Sync: 2106 heap: 81 / 104 FD: 1026 [2025-05-06 17:08:27.747]
05-06 17:08:57.808  1365  1454 E Watchdog: !@Sync: 2107 heap: 98 / 104 FD: 1038 [2025-05-06 17:08:57.807]
05-06 17:09:19.060  1365  1456 E AppWidgetXmlUtil: Label is empty in ComponentInfo{com.samsung.android.oneconnect/com.samsung.android.oneconnect.ui.widget.routines.glance.homescreen.routines.provider.SceneWidgetMultiProvider}
05-06 17:09:19.061  1365  1456 E AppWidgetXmlUtil: Label is empty in ComponentInfo{com.samsung.android.oneconnect/com.samsung.android.oneconnect.ui.widget.routines.homescreen.scene2x1.provider.SceneWidget2x1Provider}
05-06 17:09:19.061  1365  1456 E AppWidgetXmlUtil: Label is empty in ComponentInfo{com.samsung.android.oneconnect/com.samsung.android.oneconnect.ui.widget.routines.homescreen.scenes2x2.provider.ScenesWidget2x2Provider}
05-06 17:09:29.259  1365  1454 E Watchdog: !@Sync: 2108 heap: 94 / 106 FD: 1026 [2025-05-06 17:09:29.258]
05-06 17:10:11.768  1365  1454 E Watchdog: !@Sync: 2109 heap: 101 / 106 FD: 1026 [2025-05-06 17:10:11.767]
05-06 17:10:48.450  1365  4918 E KernelCpuUidFullTimeReader: Negative delta from freq time for uid: 90000, delta: -291
05-06 17:10:48.450  1365  4918 E KernelCpuUidFullTimeReader: Negative delta from freq time for uid: 90001, delta: -5
05-06 17:10:48.450  1365  4918 E KernelCpuUidFullTimeReader: Negative delta from freq time for uid: 90002, delta: -2
05-06 17:10:56.729  1365  1454 E Watchdog: !@Sync: 2110 heap: 94 / 105 FD: 1031 [2025-05-06 17:10:56.728]
05-06 17:11:11.380  4347  4705 E SDHMS:i : e = /sys/class/rtc/rtc0/date: open failed: EACCES (Permission denied)
05-06 17:11:11.381  4347  4705 E SDHMS:i : e = /sys/class/rtc/rtc0/time: open failed: EACCES (Permission denied)
05-06 17:11:11.382  4347  4705 E SDHMS:i : e = /sys/class/rtc/rtc0/since_epoch: open failed: EACCES (Permission denied)
05-06 17:11:37.237  1365  1454 E Watchdog: !@Sync: 2111 heap: 98 / 105 FD: 1031 [2025-05-06 17:11:37.236]
05-06 17:12:11.930  1365  1456 E DiscreteRegistry: Deleting file 1745938653906tl
05-06 17:12:21.202  1365  1454 E Watchdog: !@Sync: 2112 heap: 102 / 105 FD: 1031 [2025-05-06 17:12:21.201]
05-06 17:13:27.247  1365  1454 E Watchdog: !@Sync: 2113 heap: 103 / 105 FD: 1031 [2025-05-06 17:13:27.246]
05-06 17:14:08.913  1365  1454 E Watchdog: !@Sync: 2114 heap: 104 / 105 FD: 1031 [2025-05-06 17:14:08.912]
05-06 17:14:57.250  1365  1454 E Watchdog: !@Sync: 2115 heap: 81 / 104 FD: 1026 [2025-05-06 17:14:57.249]
05-06 17:15:27.267  1365  1454 E Watchdog: !@Sync: 2116 heap: 93 / 104 FD: 1026 [2025-05-06 17:15:27.266]
05-06 17:15:57.287  1365  1454 E Watchdog: !@Sync: 2117 heap: 94 / 104 FD: 1026 [2025-05-06 17:15:57.286]
05-06 17:16:27.304  1365  1454 E Watchdog: !@Sync: 2118 heap: 97 / 104 FD: 1026 [2025-05-06 17:16:27.303]
05-06 17:16:57.324  1365  1454 E Watchdog: !@Sync: 2119 heap: 99 / 104 FD: 1026 [2025-05-06 17:16:57.323]
05-06 17:17:19.265  1365  1605 E KernelCpuUidFullTimeReader: Negative delta from freq time for uid: 90000, delta: -291
05-06 17:17:19.265  1365  1605 E KernelCpuUidFullTimeReader: Negative delta from freq time for uid: 90001, delta: -5
05-06 17:17:19.265  1365  1605 E KernelCpuUidFullTimeReader: Negative delta from freq time for uid: 90002, delta: -2
05-06 17:17:27.339  1365  1454 E Watchdog: !@Sync: 2120 heap: 87 / 105 FD: 1026 WaitTime: 0.000 GCcnt: 0 FullGC: 0 [2025-05-06 17:17:27.337]
05-06 17:17:57.359  1365  1454 E Watchdog: !@Sync: 2121 heap: 89 / 105 FD: 1026 [2025-05-06 17:17:57.358]
05-06 17:18:27.374  1365  1454 E Watchdog: !@Sync: 2122 heap: 90 / 105 FD: 1026 [2025-05-06 17:18:27.373]
05-06 17:18:48.082  5648  5648 E ActivityThread: Failed to find provider info for com.samsung.android.systemui.edgelighting.plus.provider
05-06 17:18:54.131  5648  5648 E ActivityThread: Failed to find provider info for com.samsung.android.systemui.edgelighting.plus.provider
05-06 17:18:57.395  1365  1454 E Watchdog: !@Sync: 2123 heap: 98 / 105 FD: 1048 [2025-05-06 17:18:57.394]
05-06 17:19:27.407  1365  1454 E Watchdog: !@Sync: 2124 heap: 82 / 105 FD: 1024 [2025-05-06 17:19:27.406]
05-06 17:19:30.957  5648  5648 E ActivityThread: Failed to find provider info for com.samsung.android.systemui.edgelighting.plus.provider
05-06 17:19:49.605  1365  1456 E AppWidgetXmlUtil: Label is empty in ComponentInfo{com.samsung.android.oneconnect/com.samsung.android.oneconnect.ui.widget.routines.glance.homescreen.routines.provider.SceneWidgetMultiProvider}
05-06 17:19:49.606  1365  1456 E AppWidgetXmlUtil: Label is empty in ComponentInfo{com.samsung.android.oneconnect/com.samsung.android.oneconnect.ui.widget.routines.homescreen.scene2x1.provider.SceneWidget2x1Provider}
05-06 17:19:49.606  1365  1456 E AppWidgetXmlUtil: Label is empty in ComponentInfo{com.samsung.android.oneconnect/com.samsung.android.oneconnect.ui.widget.routines.homescreen.scenes2x2.provider.ScenesWidget2x2Provider}
05-06 17:19:49.916  1365  1456 E AppWidgetXmlUtil: Label is empty in ComponentInfo{com.samsung.android.oneconnect/com.samsung.android.oneconnect.ui.widget.routines.glance.homescreen.routines.provider.SceneWidgetMultiProvider}
05-06 17:19:49.916  1365  1456 E AppWidgetXmlUtil: Label is empty in ComponentInfo{com.samsung.android.oneconnect/com.samsung.android.oneconnect.ui.widget.routines.homescreen.scene2x1.provider.SceneWidget2x1Provider}
05-06 17:19:49.916  1365  1456 E AppWidgetXmlUtil: Label is empty in ComponentInfo{com.samsung.android.oneconnect/com.samsung.android.oneconnect.ui.widget.routines.homescreen.scenes2x2.provider.ScenesWidget2x2Provider}
05-06 17:19:52.003  1365  1365 E JobScheduler.Component: Job exists for non-existent package: com.google.android.youtube
05-06 17:19:52.031  1365  1365 E JobScheduler.Component: Job exists for non-existent package: com.google.android.apps.magazines
05-06 17:19:52.685  1365  1456 E AppWidgetXmlUtil: Label is empty in ComponentInfo{com.samsung.android.oneconnect/com.samsung.android.oneconnect.ui.widget.routines.glance.homescreen.routines.provider.SceneWidgetMultiProvider}
05-06 17:19:52.685  1365  1456 E AppWidgetXmlUtil: Label is empty in ComponentInfo{com.samsung.android.oneconnect/com.samsung.android.oneconnect.ui.widget.routines.homescreen.scene2x1.provider.SceneWidget2x1Provider}
05-06 17:19:52.685  1365  1456 E AppWidgetXmlUtil: Label is empty in ComponentInfo{com.samsung.android.oneconnect/com.samsung.android.oneconnect.ui.widget.routines.homescreen.scenes2x2.provider.ScenesWidget2x2Provider}
05-06 17:19:52.896  1365  1456 E AppWidgetXmlUtil: Label is empty in ComponentInfo{com.samsung.android.oneconnect/com.samsung.android.oneconnect.ui.widget.routines.glance.homescreen.routines.provider.SceneWidgetMultiProvider}
05-06 17:19:52.896  1365  1456 E AppWidgetXmlUtil: Label is empty in ComponentInfo{com.samsung.android.oneconnect/com.samsung.android.oneconnect.ui.widget.routines.homescreen.scene2x1.provider.SceneWidget2x1Provider}
05-06 17:19:52.897  1365  1456 E AppWidgetXmlUtil: Label is empty in ComponentInfo{com.samsung.android.oneconnect/com.samsung.android.oneconnect.ui.widget.routines.homescreen.scenes2x2.provider.ScenesWidget2x2Provider}
05-06 17:19:54.078 18888 18925 E ActivityThread: Failed to find provider info for com.google.android.instantapps.supervisor.SupervisorArchiveProvider
05-06 17:19:55.906 21283 19034 E ActivityThread: Failed to find provider info for subscribedfeeds
05-06 17:19:55.919 21283 19034 E ActivityThread: Failed to find provider info for subscribedfeeds
05-06 17:19:57.411  1365  1454 E Watchdog: !@Sync: 2125 heap: 101 / 113 FD: 1116 [2025-05-06 17:19:57.411]
05-06 17:19:57.502  1365  1456 E AppWidgetXmlUtil: Label is empty in ComponentInfo{com.samsung.android.oneconnect/com.samsung.android.oneconnect.ui.widget.routines.glance.homescreen.routines.provider.SceneWidgetMultiProvider}
05-06 17:19:57.502  1365  1456 E AppWidgetXmlUtil: Label is empty in ComponentInfo{com.samsung.android.oneconnect/com.samsung.android.oneconnect.ui.widget.routines.homescreen.scene2x1.provider.SceneWidget2x1Provider}
05-06 17:19:57.502  1365  1456 E AppWidgetXmlUtil: Label is empty in ComponentInfo{com.samsung.android.oneconnect/com.samsung.android.oneconnect.ui.widget.routines.homescreen.scenes2x2.provider.ScenesWidget2x2Provider}
05-06 17:19:57.512  1365  1456 E AppWidgetXmlUtil: Label is empty in ComponentInfo{com.samsung.android.oneconnect/com.samsung.android.oneconnect.ui.widget.routines.glance.homescreen.routines.provider.SceneWidgetMultiProvider}
05-06 17:19:57.512  1365  1456 E AppWidgetXmlUtil: Label is empty in ComponentInfo{com.samsung.android.oneconnect/com.samsung.android.oneconnect.ui.widget.routines.homescreen.scene2x1.provider.SceneWidget2x1Provider}
05-06 17:19:57.513  1365  1456 E AppWidgetXmlUtil: Label is empty in ComponentInfo{com.samsung.android.oneconnect/com.samsung.android.oneconnect.ui.widget.routines.homescreen.scenes2x2.provider.ScenesWidget2x2Provider}
05-06 17:19:58.395   524 13544 E keystore2: system/security/keystore2/src/error.rs:182 - Rc(r#KEY_NOT_FOUND), "system/security/keystore2/src/service.rs:172: In get_key_entry, while trying to load key info. 10223, Some(\"unstable.c7202ece89390c490b1b94d5b71225e1.-6579943475837929236\")"
05-06 17:20:02.343  1365  1456 E AppWidgetXmlUtil: Label is empty in ComponentInfo{com.samsung.android.oneconnect/com.samsung.android.oneconnect.ui.widget.routines.glance.homescreen.routines.provider.SceneWidgetMultiProvider}
05-06 17:20:02.343  1365  1456 E AppWidgetXmlUtil: Label is empty in ComponentInfo{com.samsung.android.oneconnect/com.samsung.android.oneconnect.ui.widget.routines.homescreen.scene2x1.provider.SceneWidget2x1Provider}
05-06 17:20:02.343  1365  1456 E AppWidgetXmlUtil: Label is empty in ComponentInfo{com.samsung.android.oneconnect/com.samsung.android.oneconnect.ui.widget.routines.homescreen.scenes2x2.provider.ScenesWidget2x2Provider}
05-06 17:20:07.060  1365  1365 E JobScheduler.Component: Job exists for non-existent package: com.google.android.youtube
05-06 17:20:07.069  1365  1365 E JobScheduler.Component: Job exists for non-existent package: com.google.android.apps.magazines
05-06 17:20:07.873  1365  1456 E AppWidgetXmlUtil: Label is empty in ComponentInfo{com.samsung.android.oneconnect/com.samsung.android.oneconnect.ui.widget.routines.glance.homescreen.routines.provider.SceneWidgetMultiProvider}
05-06 17:20:07.873  1365  1456 E AppWidgetXmlUtil: Label is empty in ComponentInfo{com.samsung.android.oneconnect/com.samsung.android.oneconnect.ui.widget.routines.homescreen.scene2x1.provider.SceneWidget2x1Provider}
05-06 17:20:07.874  1365  1456 E AppWidgetXmlUtil: Label is empty in ComponentInfo{com.samsung.android.oneconnect/com.samsung.android.oneconnect.ui.widget.routines.homescreen.scenes2x2.provider.ScenesWidget2x2Provider}
05-06 17:20:08.068  1365  1456 E AppWidgetXmlUtil: Label is empty in ComponentInfo{com.samsung.android.oneconnect/com.samsung.android.oneconnect.ui.widget.routines.glance.homescreen.routines.provider.SceneWidgetMultiProvider}
05-06 17:20:08.069  1365  1456 E AppWidgetXmlUtil: Label is empty in ComponentInfo{com.samsung.android.oneconnect/com.samsung.android.oneconnect.ui.widget.routines.homescreen.scene2x1.provider.SceneWidget2x1Provider}
05-06 17:20:08.069  1365  1456 E AppWidgetXmlUtil: Label is empty in ComponentInfo{com.samsung.android.oneconnect/com.samsung.android.oneconnect.ui.widget.routines.homescreen.scenes2x2.provider.ScenesWidget2x2Provider}
05-06 17:20:13.811   524 13544 E keystore2: system/security/keystore2/src/error.rs:182 - Rc(r#KEY_NOT_FOUND), "system/security/keystore2/src/service.rs:172: In get_key_entry, while trying to load key info. 10223, Some(\"unstable.c7202ece89390c490b1b94d5b71225e1.2426923940138187966\")"
05-06 17:20:27.416  1365  1454 E Watchdog: !@Sync: 2126 heap: 90 / 105 FD: 1033 [2025-05-06 17:20:27.416]
05-06 17:20:57.422  1365  1454 E Watchdog: !@Sync: 2127 heap: 105 / 106 FD: 1035 [2025-05-06 17:20:57.422]
05-06 17:21:09.735  1365  2098 E AppOps  : attributionTag VCN not declared in manifest of android
05-06 17:21:09.746  1365  2098 E AppOps  : attributionTag VCN not declared in manifest of android
05-06 17:21:09.840  1365  2098 E AppOps  : attributionTag VCN not declared in manifest of android
05-06 17:21:11.045  1365  1456 E AppWidgetXmlUtil: Label is empty in ComponentInfo{com.samsung.android.oneconnect/com.samsung.android.oneconnect.ui.widget.routines.glance.homescreen.routines.provider.SceneWidgetMultiProvider}
05-06 17:21:11.045  1365  1456 E AppWidgetXmlUtil: Label is empty in ComponentInfo{com.samsung.android.oneconnect/com.samsung.android.oneconnect.ui.widget.routines.homescreen.scene2x1.provider.SceneWidget2x1Provider}
05-06 17:21:11.045  1365  1456 E AppWidgetXmlUtil: Label is empty in ComponentInfo{com.samsung.android.oneconnect/com.samsung.android.oneconnect.ui.widget.routines.homescreen.scenes2x2.provider.ScenesWidget2x2Provider}
05-06 17:21:11.397  1365  1456 E AppWidgetXmlUtil: Label is empty in ComponentInfo{com.samsung.android.oneconnect/com.samsung.android.oneconnect.ui.widget.routines.glance.homescreen.routines.provider.SceneWidgetMultiProvider}
05-06 17:21:11.397  1365  1456 E AppWidgetXmlUtil: Label is empty in ComponentInfo{com.samsung.android.oneconnect/com.samsung.android.oneconnect.ui.widget.routines.homescreen.scene2x1.provider.SceneWidget2x1Provider}
05-06 17:21:11.397  1365  1456 E AppWidgetXmlUtil: Label is empty in ComponentInfo{com.samsung.android.oneconnect/com.samsung.android.oneconnect.ui.widget.routines.homescreen.scenes2x2.provider.ScenesWidget2x2Provider}
05-06 17:21:12.056  1365  1456 E AppWidgetXmlUtil: Label is empty in ComponentInfo{com.samsung.android.oneconnect/com.samsung.android.oneconnect.ui.widget.routines.glance.homescreen.routines.provider.SceneWidgetMultiProvider}
05-06 17:21:12.056  1365  1456 E AppWidgetXmlUtil: Label is empty in ComponentInfo{com.samsung.android.oneconnect/com.samsung.android.oneconnect.ui.widget.routines.homescreen.scene2x1.provider.SceneWidget2x1Provider}
05-06 17:21:12.056  1365  1456 E AppWidgetXmlUtil: Label is empty in ComponentInfo{com.samsung.android.oneconnect/com.samsung.android.oneconnect.ui.widget.routines.homescreen.scenes2x2.provider.ScenesWidget2x2Provider}
05-06 17:21:19.723  1365  2333 E KernelCpuUidFullTimeReader: Negative delta from freq time for uid: 90000, delta: -291
05-06 17:21:19.723  1365  2333 E KernelCpuUidFullTimeReader: Negative delta from freq time for uid: 90001, delta: -5
05-06 17:21:19.723  1365  2333 E KernelCpuUidFullTimeReader: Negative delta from freq time for uid: 90002, delta: -2
05-06 17:21:27.447  1365  1454 E Watchdog: !@Sync: 2128 heap: 81 / 104 FD: 1031 [2025-05-06 17:21:27.445]
05-06 17:22:01.754  1365  1454 E Watchdog: !@Sync: 2129 heap: 108 / 112 FD: 1028 [2025-05-06 17:22:01.753]
05-06 17:23:02.313  1365  1454 E Watchdog: !@Sync: 2130 heap: 94 / 105 FD: 1028 [2025-05-06 17:23:02.312]
05-06 17:23:33.637 20309 20309 E ActivityThread: Failed to find provider info for com.samsung.android.systemui.edgelighting.plus.provider
05-06 17:23:42.757  1365  1454 E Watchdog: !@Sync: 2131 heap: 97 / 106 FD: 1030 [2025-05-06 17:23:42.755]
05-06 17:24:20.822  1365  1454 E Watchdog: !@Sync: 2132 heap: 91 / 105 FD: 1043 [2025-05-06 17:24:20.821]
05-06 17:24:59.783  1365  1454 E Watchdog: !@Sync: 2133 heap: 93 / 105 FD: 1043 [2025-05-06 17:24:59.781]
05-06 17:25:29.808  1365  1454 E Watchdog: !@Sync: 2134 heap: 97 / 105 FD: 1042 [2025-05-06 17:25:29.806]
05-06 17:25:59.824  1365  1454 E Watchdog: !@Sync: 2135 heap: 98 / 105 FD: 1042 [2025-05-06 17:25:59.823]
05-06 17:26:30.374  1365  1454 E Watchdog: !@Sync: 2136 heap: 99 / 105 FD: 1042 [2025-05-06 17:26:30.374]
05-06 17:27:38.374  1365  1454 E Watchdog: !@Sync: 2137 heap: 102 / 105 FD: 1042 [2025-05-06 17:27:38.373]
05-06 17:27:47.711  1365  1456 E DiscreteRegistry: Deleting file 1745939725116tl
05-06 17:28:00.924  1365  3628 E KernelCpuUidFullTimeReader: Negative delta from freq time for uid: 90000, delta: -291
05-06 17:28:00.924  1365  3628 E KernelCpuUidFullTimeReader: Negative delta from freq time for uid: 90001, delta: -5
05-06 17:28:00.924  1365  3628 E KernelCpuUidFullTimeReader: Negative delta from freq time for uid: 90002, delta: -2
05-06 17:28:08.391  1365  1454 E Watchdog: !@Sync: 2138 heap: 87 / 106 FD: 1030 [2025-05-06 17:28:08.390]
05-06 17:28:38.411  1365  1454 E Watchdog: !@Sync: 2139 heap: 88 / 106 FD: 1030 [2025-05-06 17:28:38.410]
05-06 17:29:08.429  1365  1454 E Watchdog: !@Sync: 2140 heap: 89 / 106 FD: 1030 WaitTime: 4.015 GCcnt: 0 FullGC: 0 [2025-05-06 17:29:08.427]
05-06 17:29:38.449  1365  1454 E Watchdog: !@Sync: 2141 heap: 90 / 106 FD: 1030 [2025-05-06 17:29:38.448]
05-06 17:30:08.466  1365  1454 E Watchdog: !@Sync: 2142 heap: 91 / 106 FD: 1030 [2025-05-06 17:30:08.465]
05-06 17:30:38.485  1365  1454 E Watchdog: !@Sync: 2143 heap: 92 / 106 FD: 1042 [2025-05-06 17:30:38.484]
05-06 17:31:08.501  1365  1454 E Watchdog: !@Sync: 2144 heap: 92 / 106 FD: 1042 [2025-05-06 17:31:08.500]
05-06 17:31:38.521  1365  1454 E Watchdog: !@Sync: 2145 heap: 93 / 106 FD: 1042 [2025-05-06 17:31:38.520]
05-06 17:32:16.187  1365  1454 E Watchdog: !@Sync: 2146 heap: 97 / 106 FD: 1041 [2025-05-06 17:32:16.186]
05-06 17:32:46.205  1365  1454 E Watchdog: !@Sync: 2147 heap: 99 / 106 FD: 1041 [2025-05-06 17:32:46.204]
05-06 17:33:08.990  1365  4474 E KernelCpuUidFullTimeReader: Negative delta from freq time for uid: 90000, delta: -291
05-06 17:33:08.990  1365  4474 E KernelCpuUidFullTimeReader: Negative delta from freq time for uid: 90001, delta: -5
05-06 17:33:08.990  1365  4474 E KernelCpuUidFullTimeReader: Negative delta from freq time for uid: 90002, delta: -2
05-06 17:33:16.223  1365  1454 E Watchdog: !@Sync: 2148 heap: 100 / 106 FD: 1041 [2025-05-06 17:33:16.222]
05-06 17:33:46.243  1365  1454 E Watchdog: !@Sync: 2149 heap: 101 / 106 FD: 1041 [2025-05-06 17:33:46.242]
05-06 17:34:16.260  1365  1454 E Watchdog: !@Sync: 2150 heap: 102 / 106 FD: 1041 [2025-05-06 17:34:16.259]
05-06 17:34:46.281  1365  1454 E Watchdog: !@Sync: 2151 heap: 103 / 106 FD: 1041 [2025-05-06 17:34:46.280]
05-06 17:35:16.298  1365  1454 E Watchdog: !@Sync: 2152 heap: 104 / 106 FD: 1041 [2025-05-06 17:35:16.296]
05-06 17:35:22.757 20309 20309 E ActivityThread: Failed to find provider info for com.samsung.android.systemui.edgelighting.plus.provider
05-06 17:35:46.318  1365  1454 E Watchdog: !@Sync: 2153 heap: 82 / 105 FD: 1022 [2025-05-06 17:35:46.317]
05-06 17:35:54.645 20309 20309 E ActivityThread: Failed to find provider info for com.samsung.android.systemui.edgelighting.plus.provider
05-06 17:36:00.840 20309 20309 E ActivityThread: Failed to find provider info for com.samsung.android.systemui.edgelighting.plus.provider
05-06 17:36:16.341  1365  1454 E Watchdog: !@Sync: 2154 heap: 103 / 106 FD: 1046 [2025-05-06 17:36:16.340]
05-06 17:36:46.364  1365  1454 E Watchdog: !@Sync: 2155 heap: 82 / 105 FD: 1018 [2025-05-06 17:36:46.363]
05-06 17:37:08.920 20309 20309 E ActivityThread: Failed to find provider info for com.samsung.android.systemui.edgelighting.plus.provider
05-06 17:37:16.389  1365  1454 E Watchdog: !@Sync: 2156 heap: 83 / 105 FD: 1022 [2025-05-06 17:37:16.387]
05-06 17:37:59.067  1365  1454 E Watchdog: !@Sync: 2157 heap: 89 / 105 FD: 1022 [2025-05-06 17:37:59.066]
05-06 17:38:26.546  1365  4328 E KernelCpuUidFullTimeReader: Negative delta from freq time for uid: 90000, delta: -291
05-06 17:38:26.546  1365  4328 E KernelCpuUidFullTimeReader: Negative delta from freq time for uid: 90001, delta: -5
05-06 17:38:26.546  1365  4328 E KernelCpuUidFullTimeReader: Negative delta from freq time for uid: 90002, delta: -2
05-06 17:38:33.439  1365  1454 E Watchdog: !@Sync: 2158 heap: 98 / 105 FD: 1022 [2025-05-06 17:38:33.438]
05-06 17:39:03.459  1365  1454 E Watchdog: !@Sync: 2159 heap: 97 / 105 FD: 1022 [2025-05-06 17:39:03.458]
05-06 17:39:33.481  1365  1454 E Watchdog: !@Sync: 2160 heap: 99 / 105 FD: 1022 WaitTime: 0.000 GCcnt: 0 FullGC: 0 [2025-05-06 17:39:33.476]
05-06 17:39:45.488 20309 20309 E ActivityThread: Failed to find provider info for com.samsung.android.systemui.edgelighting.plus.provider
05-06 17:39:57.375 20309 20309 E ActivityThread: Failed to find provider info for com.samsung.android.systemui.edgelighting.plus.provider
05-06 17:40:03.502  1365  1454 E Watchdog: !@Sync: 2161 heap: 94 / 105 FD: 1027 [2025-05-06 17:40:03.501]
05-06 17:40:33.527  1365  1454 E Watchdog: !@Sync: 2162 heap: 99 / 105 FD: 1028 [2025-05-06 17:40:33.526]
05-06 17:41:03.546  1365  1454 E Watchdog: !@Sync: 2163 heap: 101 / 105 FD: 1028 [2025-05-06 17:41:03.545]
05-06 17:41:33.562  1365  1454 E Watchdog: !@Sync: 2164 heap: 104 / 105 FD: 1028 [2025-05-06 17:41:33.561]
05-06 17:41:48.585  1365  1456 E AppWidgetXmlUtil: Label is empty in ComponentInfo{com.samsung.android.oneconnect/com.samsung.android.oneconnect.ui.widget.routines.glance.homescreen.routines.provider.SceneWidgetMultiProvider}
05-06 17:41:48.585  1365  1456 E AppWidgetXmlUtil: Label is empty in ComponentInfo{com.samsung.android.oneconnect/com.samsung.android.oneconnect.ui.widget.routines.homescreen.scene2x1.provider.SceneWidget2x1Provider}
05-06 17:41:48.635  1365  1456 E AppWidgetXmlUtil: Label is empty in ComponentInfo{com.samsung.android.oneconnect/com.samsung.android.oneconnect.ui.widget.routines.homescreen.scenes2x2.provider.ScenesWidget2x2Provider}
05-06 17:41:52.834 21541 21767 E ActivityThread: Failed to find provider info for com.facebook.katana.provider.AttributionIdProvider
05-06 17:41:57.844  1365  1456 E AppWidgetXmlUtil: Label is empty in ComponentInfo{com.samsung.android.oneconnect/com.samsung.android.oneconnect.ui.widget.routines.glance.homescreen.routines.provider.SceneWidgetMultiProvider}
05-06 17:41:57.845  1365  1456 E AppWidgetXmlUtil: Label is empty in ComponentInfo{com.samsung.android.oneconnect/com.samsung.android.oneconnect.ui.widget.routines.homescreen.scene2x1.provider.SceneWidget2x1Provider}
05-06 17:41:57.845  1365  1456 E AppWidgetXmlUtil: Label is empty in ComponentInfo{com.samsung.android.oneconnect/com.samsung.android.oneconnect.ui.widget.routines.homescreen.scenes2x2.provider.ScenesWidget2x2Provider}
05-06 17:41:57.858  1365  1456 E AppWidgetXmlUtil: Label is empty in ComponentInfo{com.samsung.android.oneconnect/com.samsung.android.oneconnect.ui.widget.routines.glance.homescreen.routines.provider.SceneWidgetMultiProvider}
05-06 17:41:57.859  1365  1456 E AppWidgetXmlUtil: Label is empty in ComponentInfo{com.samsung.android.oneconnect/com.samsung.android.oneconnect.ui.widget.routines.homescreen.scene2x1.provider.SceneWidget2x1Provider}
05-06 17:41:57.859  1365  1456 E AppWidgetXmlUtil: Label is empty in ComponentInfo{com.samsung.android.oneconnect/com.samsung.android.oneconnect.ui.widget.routines.homescreen.scenes2x2.provider.ScenesWidget2x2Provider}
05-06 17:41:57.868  1365  1456 E AppWidgetXmlUtil: Label is empty in ComponentInfo{com.samsung.android.oneconnect/com.samsung.android.oneconnect.ui.widget.routines.glance.homescreen.routines.provider.SceneWidgetMultiProvider}
05-06 17:41:57.868  1365  1456 E AppWidgetXmlUtil: Label is empty in ComponentInfo{com.samsung.android.oneconnect/com.samsung.android.oneconnect.ui.widget.routines.homescreen.scene2x1.provider.SceneWidget2x1Provider}
05-06 17:41:57.868  1365  1456 E AppWidgetXmlUtil: Label is empty in ComponentInfo{com.samsung.android.oneconnect/com.samsung.android.oneconnect.ui.widget.routines.homescreen.scenes2x2.provider.ScenesWidget2x2Provider}
05-06 17:41:57.875  1365  1456 E AppWidgetXmlUtil: Label is empty in ComponentInfo{com.samsung.android.oneconnect/com.samsung.android.oneconnect.ui.widget.routines.glance.homescreen.routines.provider.SceneWidgetMultiProvider}
05-06 17:41:57.875  1365  1456 E AppWidgetXmlUtil: Label is empty in ComponentInfo{com.samsung.android.oneconnect/com.samsung.android.oneconnect.ui.widget.routines.homescreen.scene2x1.provider.SceneWidget2x1Provider}
05-06 17:41:57.875  1365  1456 E AppWidgetXmlUtil: Label is empty in ComponentInfo{com.samsung.android.oneconnect/com.samsung.android.oneconnect.ui.widget.routines.homescreen.scenes2x2.provider.ScenesWidget2x2Provider}
05-06 17:41:57.890  1365  1456 E AppWidgetXmlUtil: Label is empty in ComponentInfo{com.samsung.android.oneconnect/com.samsung.android.oneconnect.ui.widget.routines.glance.homescreen.routines.provider.SceneWidgetMultiProvider}
05-06 17:41:57.890  1365  1456 E AppWidgetXmlUtil: Label is empty in ComponentInfo{com.samsung.android.oneconnect/com.samsung.android.oneconnect.ui.widget.routines.homescreen.scene2x1.provider.SceneWidget2x1Provider}
05-06 17:41:57.890  1365  1456 E AppWidgetXmlUtil: Label is empty in ComponentInfo{com.samsung.android.oneconnect/com.samsung.android.oneconnect.ui.widget.routines.homescreen.scenes2x2.provider.ScenesWidget2x2Provider}
05-06 17:41:57.997 22008 22075 E ActivityThread: Failed to find provider info for com.samsung.android.app.spage.provider
05-06 17:41:57.997 22008 22075 E ActivityThread: Failed to find provider info for com.samsung.android.app.spage.provider
05-06 17:42:03.578  1365  1454 E Watchdog: !@Sync: 2165 heap: 81 / 105 FD: 1018 [2025-05-06 17:42:03.577]
05-06 17:42:29.050 20309 20309 E ActivityThread: Failed to find provider info for com.samsung.android.systemui.edgelighting.plus.provider
05-06 17:42:33.591  1365  1454 E Watchdog: !@Sync: 2166 heap: 98 / 105 FD: 1029 [2025-05-06 17:42:33.590]
05-06 17:42:57.640  1365  1456 E DiscreteRegistry: Deleting file 1745940806519tl
05-06 17:43:03.615  1365  1454 E Watchdog: !@Sync: 2167 heap: 81 / 104 FD: 1015 [2025-05-06 17:43:03.614]
05-06 17:43:14.792  1365  1365 E ActivityManager: Cancel pending or running compactions as system is awake
05-06 17:43:15.026 14854 22253 E LoadedApk: Exception : java.lang.NullPointerException: Attempt to invoke virtual method 'boolean android.os.Looper.isPerfLogEnable()' on a null object reference
05-06 17:43:15.046 14854 21458 E LoadedApk: Exception : java.lang.NullPointerException: Attempt to invoke virtual method 'boolean android.os.Looper.isPerfLogEnable()' on a null object reference
05-06 17:43:15.054 14854 21458 E LoadedApk: Exception : java.lang.NullPointerException: Attempt to invoke virtual method 'boolean android.os.Looper.isPerfLogEnable()' on a null object reference
05-06 17:43:16.292  1365  3622 E WindowManager: win=Window{d5e5bb5 u0 com.sec.android.app.launcher/com.samsung.app.honeyspace.edge.CocktailBarService} destroySurfaces: appStopped=true cleanupOnResume=false win.mWindowRemovalAllowed=false win.mRemoveOnExit=false win.mViewVisibility=8 caller=com.android.server.wm.WindowManagerService.tryStartExitingAnimation:2980 com.android.server.wm.WindowManagerService.relayoutWindow:2685 com.android.server.wm.Session.relayout:282 android.view.IWindowSession$Stub.onTransact:782 com.android.server.wm.Session.onTransact:204 android.os.Binder.execTransactInternal:1375 android.os.Binder.execTransact:1311 
05-06 17:43:17.877  1365  3622 E WindowManager: win=Window{f5afa65 u0 NotificationShade} destroySurfaces: appStopped=true cleanupOnResume=false win.mWindowRemovalAllowed=false win.mRemoveOnExit=false win.mViewVisibility=4 caller=com.android.server.wm.WindowManagerService.tryStartExitingAnimation:2980 com.android.server.wm.WindowManagerService.relayoutWindow:2685 com.android.server.wm.Session.relayout:282 android.view.IWindowSession$Stub.onTransact:782 com.android.server.wm.Session.onTransact:204 android.os.Binder.execTransactInternal:1375 android.os.Binder.execTransact:1311 
05-06 17:43:18.350  1365  3622 E WindowManager: win=Window{d5e5bb5 u0 com.sec.android.app.launcher/com.samsung.app.honeyspace.edge.CocktailBarService} destroySurfaces: appStopped=true cleanupOnResume=false win.mWindowRemovalAllowed=false win.mRemoveOnExit=false win.mViewVisibility=8 caller=com.android.server.wm.WindowManagerService.tryStartExitingAnimation:2980 com.android.server.wm.WindowManagerService.relayoutWindow:2685 com.android.server.wm.Session.relayout:282 android.view.IWindowSession$Stub.onTransact:782 com.android.server.wm.Session.onTransact:204 android.os.Binder.execTransactInternal:1375 android.os.Binder.execTransact:1311 
05-06 17:43:21.217  1365  4179 E WindowManager: win=Window{f5afa65 u0 NotificationShade} destroySurfaces: appStopped=true cleanupOnResume=false win.mWindowRemovalAllowed=false win.mRemoveOnExit=false win.mViewVisibility=4 caller=com.android.server.wm.WindowManagerService.tryStartExitingAnimation:2980 com.android.server.wm.WindowManagerService.relayoutWindow:2685 com.android.server.wm.Session.relayout:282 android.view.IWindowSession$Stub.onTransact:782 com.android.server.wm.Session.onTransact:204 android.os.Binder.execTransactInternal:1375 android.os.Binder.execTransact:1311 
05-06 17:43:21.935  1365  4179 E WindowManager: win=Window{3369253 u0 com.sec.android.app.launcher/com.sec.android.app.launcher.activities.LauncherActivity} destroySurfaces: appStopped=true cleanupOnResume=false win.mWindowRemovalAllowed=false win.mRemoveOnExit=false win.mViewVisibility=8 caller=com.android.server.wm.ActivityRecord.destroySurfaces:6952 com.android.server.wm.ActivityRecord.destroySurfaces:6933 com.android.server.wm.ActivityRecord.activityStopped:7633 com.android.server.wm.ActivityClientController.activityStopped:321 android.app.IActivityClientController$Stub.onTransact:702 com.android.server.wm.ActivityClientController.onTransact:186 android.os.Binder.execTransactInternal:1380 
05-06 17:43:22.040 22408 22805 E ActivityThread: Failed to find provider info for com.facebook.katana.provider.AttributionIdProvider
05-06 17:43:23.142  1365  8698 E TaskPersister: File error accessing recents directory (directory doesn't exist?).
05-06 17:43:27.037  1365  4433 E KernelCpuUidFullTimeReader: Negative delta from freq time for uid: 90000, delta: -291
05-06 17:43:27.037  1365  4433 E KernelCpuUidFullTimeReader: Negative delta from freq time for uid: 90001, delta: -5
05-06 17:43:27.037  1365  4433 E KernelCpuUidFullTimeReader: Negative delta from freq time for uid: 90002, delta: -2
05-06 17:43:33.625  1365  1454 E Watchdog: !@Sync: 2168 heap: 84 / 103 FD: 1041 [2025-05-06 17:43:33.625]
05-06 17:43:40.234  1365  1605 E Transition: Trying to add a ready-group twice: Display{#0 state=ON size=2340x1080 ROTATION_90}
05-06 17:43:43.742  1365  8698 E TaskPersister: File error accessing recents directory (directory doesn't exist?).
05-06 17:44:03.641  1365  1454 E Watchdog: !@Sync: 2169 heap: 87 / 103 FD: 1042 [2025-05-06 17:44:03.640]
05-06 17:44:11.624  1365  4419 E Transition: Trying to add a ready-group twice: Display{#0 state=ON size=2340x1080 ROTATION_90}
05-06 17:44:15.145  1365  8698 E TaskPersister: File error accessing recents directory (directory doesn't exist?).
05-06 17:44:27.188  1365  1743 E KernelCpuUidFullTimeReader: Negative delta from freq time for uid: 90000, delta: -291
05-06 17:44:27.188  1365  1743 E KernelCpuUidFullTimeReader: Negative delta from freq time for uid: 90001, delta: -5
05-06 17:44:27.188  1365  1743 E KernelCpuUidFullTimeReader: Negative delta from freq time for uid: 90002, delta: -2
05-06 17:44:33.654  1365  1454 E Watchdog: !@Sync: 2170 heap: 89 / 104 FD: 1040 [2025-05-06 17:44:33.654]
05-06 17:45:03.669  1365  1454 E Watchdog: !@Sync: 2171 heap: 96 / 104 FD: 1040 [2025-05-06 17:45:03.668]
05-06 17:45:27.376  1365  3622 E KernelCpuUidFullTimeReader: Negative delta from freq time for uid: 90000, delta: -291
05-06 17:45:27.377  1365  3622 E KernelCpuUidFullTimeReader: Negative delta from freq time for uid: 90001, delta: -5
05-06 17:45:27.377  1365  3622 E KernelCpuUidFullTimeReader: Negative delta from freq time for uid: 90002, delta: -2
05-06 17:45:33.685  1365  1454 E Watchdog: !@Sync: 2172 heap: 93 / 103 FD: 1054 [2025-05-06 17:45:33.684]
05-06 17:46:03.698  1365  1454 E Watchdog: !@Sync: 2173 heap: 82 / 103 FD: 1041 [2025-05-06 17:46:03.697]
05-06 17:46:11.399 23793 23828 E ActivityThread: Failed to find provider info for com.facebook.appmanager.nekodirect
05-06 17:46:27.561  1365  2333 E KernelCpuUidFullTimeReader: Negative delta from freq time for uid: 90000, delta: -291
05-06 17:46:27.561  1365  2333 E KernelCpuUidFullTimeReader: Negative delta from freq time for uid: 90001, delta: -5
05-06 17:46:27.561  1365  2333 E KernelCpuUidFullTimeReader: Negative delta from freq time for uid: 90002, delta: -2
05-06 17:46:33.712  1365  1454 E Watchdog: !@Sync: 2174 heap: 96 / 103 FD: 1051 [2025-05-06 17:46:33.711]
05-06 17:47:03.725  1365  1454 E Watchdog: !@Sync: 2175 heap: 100 / 103 FD: 1056 [2025-05-06 17:47:03.725]
05-06 17:47:24.956  1365  2098 E AppOps  : attributionTag VCN not declared in manifest of android
05-06 17:47:25.049  1365  2098 E AppOps  : attributionTag VCN not declared in manifest of android
05-06 17:47:25.317  1365  2098 E AppOps  : attributionTag VCN not declared in manifest of android
05-06 17:47:26.572  1365  1456 E AppWidgetXmlUtil: Label is empty in ComponentInfo{com.samsung.android.oneconnect/com.samsung.android.oneconnect.ui.widget.routines.glance.homescreen.routines.provider.SceneWidgetMultiProvider}
05-06 17:47:26.573  1365  1456 E AppWidgetXmlUtil: Label is empty in ComponentInfo{com.samsung.android.oneconnect/com.samsung.android.oneconnect.ui.widget.routines.homescreen.scene2x1.provider.SceneWidget2x1Provider}
05-06 17:47:26.573  1365  1456 E AppWidgetXmlUtil: Label is empty in ComponentInfo{com.samsung.android.oneconnect/com.samsung.android.oneconnect.ui.widget.routines.homescreen.scenes2x2.provider.ScenesWidget2x2Provider}
05-06 17:47:26.590  1365  1456 E AppWidgetXmlUtil: Label is empty in ComponentInfo{com.samsung.android.oneconnect/com.samsung.android.oneconnect.ui.widget.routines.glance.homescreen.routines.provider.SceneWidgetMultiProvider}
05-06 17:47:26.590  1365  1456 E AppWidgetXmlUtil: Label is empty in ComponentInfo{com.samsung.android.oneconnect/com.samsung.android.oneconnect.ui.widget.routines.homescreen.scene2x1.provider.SceneWidget2x1Provider}
05-06 17:47:26.590  1365  1456 E AppWidgetXmlUtil: Label is empty in ComponentInfo{com.samsung.android.oneconnect/com.samsung.android.oneconnect.ui.widget.routines.homescreen.scenes2x2.provider.ScenesWidget2x2Provider}
05-06 17:47:27.699  1365  4460 E KernelCpuUidFullTimeReader: Negative delta from freq time for uid: 90000, delta: -291
05-06 17:47:27.699  1365  4460 E KernelCpuUidFullTimeReader: Negative delta from freq time for uid: 90001, delta: -5
05-06 17:47:27.700  1365  4460 E KernelCpuUidFullTimeReader: Negative delta from freq time for uid: 90002, delta: -2
05-06 17:47:33.736  1365  1454 E Watchdog: !@Sync: 2176 heap: 86 / 105 FD: 1031 [2025-05-06 17:47:33.735]
05-06 17:47:47.137  1365  1683 E SGM:SystemInfoCollector: KILL_YOURSELF
05-06 17:47:47.595  1365  4918 E WindowManager: win=Window{b572fe u0 PopupWindow:badb18} destroySurfaces: appStopped=true cleanupOnResume=false win.mWindowRemovalAllowed=false win.mRemoveOnExit=false win.mViewVisibility=8 caller=com.android.server.wm.WindowState.destroySurface:4147 com.android.server.wm.ActivityRecord.destroySurfaces:6952 com.android.server.wm.ActivityRecord.destroySurfaces:6933 com.android.server.wm.ActivityRecord.activityStopped:7633 com.android.server.wm.ActivityClientController.activityStopped:321 android.app.IActivityClientController$Stub.onTransact:702 com.android.server.wm.ActivityClientController.onTransact:186 
05-06 17:47:47.596  1365  4918 E WindowManager: win=Window{7c19095 u0 com.stove.epic7.google/kr.supercreative.epic7.AppActivity} destroySurfaces: appStopped=true cleanupOnResume=false win.mWindowRemovalAllowed=false win.mRemoveOnExit=false win.mViewVisibility=8 caller=com.android.server.wm.ActivityRecord.destroySurfaces:6952 com.android.server.wm.ActivityRecord.destroySurfaces:6933 com.android.server.wm.ActivityRecord.activityStopped:7633 com.android.server.wm.ActivityClientController.activityStopped:321 android.app.IActivityClientController$Stub.onTransact:702 com.android.server.wm.ActivityClientController.onTransact:186 android.os.Binder.execTransactInternal:1380 
05-06 17:47:56.120  1365  2237 E ActivityTaskManager: TouchDown intent received, starting ActiveLaunch
05-06 17:47:56.957  1365  4918 E WindowManager: win=Window{3369253 u0 com.sec.android.app.launcher/com.sec.android.app.launcher.activities.LauncherActivity} destroySurfaces: appStopped=true cleanupOnResume=false win.mWindowRemovalAllowed=false win.mRemoveOnExit=false win.mViewVisibility=8 caller=com.android.server.wm.ActivityRecord.destroySurfaces:6952 com.android.server.wm.ActivityRecord.destroySurfaces:6933 com.android.server.wm.ActivityRecord.activityStopped:7633 com.android.server.wm.ActivityClientController.activityStopped:321 android.app.IActivityClientController$Stub.onTransact:702 com.android.server.wm.ActivityClientController.onTransact:186 android.os.Binder.execTransactInternal:1380 
05-06 17:47:56.988  1365  4438 E WindowManager: win=Window{d5e5bb5 u0 com.sec.android.app.launcher/com.samsung.app.honeyspace.edge.CocktailBarService} destroySurfaces: appStopped=true cleanupOnResume=false win.mWindowRemovalAllowed=false win.mRemoveOnExit=false win.mViewVisibility=8 caller=com.android.server.wm.WindowManagerService.tryStartExitingAnimation:2980 com.android.server.wm.WindowManagerService.relayoutWindow:2685 com.android.server.wm.Session.relayout:282 android.view.IWindowSession$Stub.onTransact:782 com.android.server.wm.Session.onTransact:204 android.os.Binder.execTransactInternal:1375 android.os.Binder.execTransact:1311 
05-06 17:47:59.204  1365  8698 E TaskPersister: File error accessing recents directory (directory doesn't exist?).
05-06 17:48:03.752  1365  1454 E Watchdog: !@Sync: 2177 heap: 80 / 103 FD: 1033 [2025-05-06 17:48:03.751]
05-06 17:48:06.869 21391 24532 E LoadedApk: Exception : java.lang.NullPointerException: Attempt to invoke virtual method 'boolean android.os.Looper.isPerfLogEnable()' on a null object reference
05-06 17:48:06.875 21391 24532 E LoadedApk: Exception : java.lang.NullPointerException: Attempt to invoke virtual method 'boolean android.os.Looper.isPerfLogEnable()' on a null object reference
05-06 17:48:07.298  1365  3111 E Transition: Trying to add a ready-group twice: Display{#0 state=ON size=1080x2340 ROTATION_0}
05-06 17:48:07.334 21391 24545 E LoadedApk: Exception : java.lang.NullPointerException: Attempt to invoke virtual method 'boolean android.os.Looper.isPerfLogEnable()' on a null object reference
05-06 17:48:07.336 21391 24545 E LoadedApk: Exception : java.lang.NullPointerException: Attempt to invoke virtual method 'boolean android.os.Looper.isPerfLogEnable()' on a null object reference
05-06 17:48:07.562 21391 21956 E LoadedApk: Exception : java.lang.NullPointerException: Attempt to invoke virtual method 'boolean android.os.Looper.isPerfLogEnable()' on a null object reference
05-06 17:48:07.564 21391 21956 E LoadedApk: Exception : java.lang.NullPointerException: Attempt to invoke virtual method 'boolean android.os.Looper.isPerfLogEnable()' on a null object reference
05-06 17:48:07.867 21391 24533 E LoadedApk: Exception : java.lang.NullPointerException: Attempt to invoke virtual method 'boolean android.os.Looper.isPerfLogEnable()' on a null object reference
05-06 17:48:07.869 21391 24533 E LoadedApk: Exception : java.lang.NullPointerException: Attempt to invoke virtual method 'boolean android.os.Looper.isPerfLogEnable()' on a null object reference
05-06 17:48:08.126  1365  4328 E Transition: Trying to add a ready-group twice: Display{#0 state=ON size=1080x2340 ROTATION_0}
05-06 17:48:08.567  1365  4440 E WindowManager: win=Window{2ad24ea u0 com.google.android.gms/com.google.android.gms.auth.api.credentials.assistedsignin.ui.AssistedSignInActivity EXITING} destroySurfaces: appStopped=false cleanupOnResume=false win.mWindowRemovalAllowed=true win.mRemoveOnExit=true win.mViewVisibility=0 caller=com.android.server.wm.WindowState.onExitAnimationDone:5764 com.android.server.wm.WindowStateAnimator.onAnimationFinished:208 com.android.server.wm.WindowState.onAnimationFinished:5995 com.android.server.wm.WindowContainer$$ExternalSyntheticLambda4.onAnimationFinished:0 com.android.server.wm.SurfaceAnimator.cancelAnimation:400 com.android.server.wm.SurfaceAnimator.cancelAnimation:274 com.android.server.wm.WindowContainer.setParent:618 
05-06 17:48:11.668  1365  1452 E WindowManager: win=Window{61466a7 u0 com.google.android.gms/com.google.android.gms.auth.api.credentials.assistedsignin.ui.AssistedSignInActivity EXITING} destroySurfaces: appStopped=false cleanupOnResume=false win.mWindowRemovalAllowed=true win.mRemoveOnExit=true win.mViewVisibility=8 caller=com.android.server.wm.WindowState.onExitAnimationDone:5764 com.android.server.wm.WindowStateAnimator.onAnimationFinished:208 com.android.server.wm.WindowState.onAnimationFinished:5995 com.android.server.wm.WindowContainer$$ExternalSyntheticLambda4.onAnimationFinished:0 com.android.server.wm.SurfaceAnimator.cancelAnimation:400 com.android.server.wm.SurfaceAnimator.cancelAnimation:274 com.android.server.wm.WindowContainer.setParent:618 
05-06 17:48:14.256  1365  1452 E WindowManager: win=Window{8eaa6d2 u0 com.google.android.gms/com.google.android.gms.auth.api.credentials.assistedsignin.ui.AssistedSignInActivity EXITING} destroySurfaces: appStopped=false cleanupOnResume=false win.mWindowRemovalAllowed=true win.mRemoveOnExit=true win.mViewVisibility=8 caller=com.android.server.wm.WindowState.onExitAnimationDone:5764 com.android.server.wm.WindowStateAnimator.onAnimationFinished:208 com.android.server.wm.WindowState.onAnimationFinished:5995 com.android.server.wm.WindowContainer$$ExternalSyntheticLambda4.onAnimationFinished:0 com.android.server.wm.SurfaceAnimator.cancelAnimation:400 com.android.server.wm.SurfaceAnimator.cancelAnimation:274 com.android.server.wm.WindowContainer.setParent:618 
05-06 17:48:16.807  1365  1452 E WindowManager: win=Window{b762609 u0 com.google.android.gms/com.google.android.gms.auth.api.credentials.assistedsignin.ui.AssistedSignInActivity EXITING} destroySurfaces: appStopped=false cleanupOnResume=false win.mWindowRemovalAllowed=true win.mRemoveOnExit=true win.mViewVisibility=8 caller=com.android.server.wm.WindowState.onExitAnimationDone:5764 com.android.server.wm.WindowStateAnimator.onAnimationFinished:208 com.android.server.wm.WindowState.onAnimationFinished:5995 com.android.server.wm.WindowContainer$$ExternalSyntheticLambda4.onAnimationFinished:0 com.android.server.wm.SurfaceAnimator.cancelAnimation:400 com.android.server.wm.SurfaceAnimator.cancelAnimation:274 com.android.server.wm.WindowContainer.setParent:618 
05-06 17:48:19.381  1365  1452 E WindowManager: win=Window{cbd0557 u0 com.google.android.gms/com.google.android.gms.auth.api.credentials.assistedsignin.ui.AssistedSignInActivity EXITING} destroySurfaces: appStopped=false cleanupOnResume=false win.mWindowRemovalAllowed=true win.mRemoveOnExit=true win.mViewVisibility=0 caller=com.android.server.wm.WindowState.onExitAnimationDone:5764 com.android.server.wm.WindowStateAnimator.onAnimationFinished:208 com.android.server.wm.WindowState.onAnimationFinished:5995 com.android.server.wm.WindowContainer$$ExternalSyntheticLambda4.onAnimationFinished:0 com.android.server.wm.SurfaceAnimator.cancelAnimation:400 com.android.server.wm.SurfaceAnimator.cancelAnimation:274 com.android.server.wm.WindowContainer.setParent:618 
05-06 17:48:19.408  1365  3592 E WindowManager: win=Window{d5e5bb5 u0 com.sec.android.app.launcher/com.samsung.app.honeyspace.edge.CocktailBarService} destroySurfaces: appStopped=true cleanupOnResume=false win.mWindowRemovalAllowed=false win.mRemoveOnExit=false win.mViewVisibility=8 caller=com.android.server.wm.WindowManagerService.tryStartExitingAnimation:2980 com.android.server.wm.WindowManagerService.relayoutWindow:2685 com.android.server.wm.Session.relayout:282 android.view.IWindowSession$Stub.onTransact:782 com.android.server.wm.Session.onTransact:204 android.os.Binder.execTransactInternal:1375 android.os.Binder.execTransact:1311 
05-06 17:48:24.524  1365  4419 E WindowManager: win=Window{28f9210 u0 com.alejandroacg.choicebound/com.alejandroacg.choicebound.android.AndroidLauncher} destroySurfaces: appStopped=true cleanupOnResume=false win.mWindowRemovalAllowed=false win.mRemoveOnExit=false win.mViewVisibility=8 caller=com.android.server.wm.ActivityRecord.destroySurfaces:6952 com.android.server.wm.ActivityRecord.destroySurfaces:6933 com.android.server.wm.ActivityRecord.activityStopped:7633 com.android.server.wm.ActivityClientController.activityStopped:321 android.app.IActivityClientController$Stub.onTransact:702 com.android.server.wm.ActivityClientController.onTransact:186 android.os.Binder.execTransactInternal:1380 
