05-06 18:06:25.426  1040  1071 E BatteryDump: !@new_battery_dump : 4212,-187,100,100,87,300,303,300,0,0,304,300,0,Discharging,NO_CHARGING,None,Good,NONE,0,Normal,0,0,9420,0x40000000,0x10000,0x0,0,0000,0000,00000000,0,0,0,0,143,4214,8340,958,0,
05-06 18:06:27.059  1040  1071 E BatteryDump: !@new_battery_dump : 4204,-187,100,100,87,300,302,300,0,0,304,300,0,Discharging,NO_CHARGING,None,Good,NONE,0,Normal,0,0,9420,0x40000000,0x10000,0x0,0,0000,0000,00000000,0,0,0,0,143,4214,8340,958,0,
05-06 18:06:29.252  1040  1071 E BatteryDump: !@new_battery_dump : 4207,-187,100,100,87,300,303,300,0,0,304,300,0,Discharging,NO_CHARGING,None,Good,NONE,0,Normal,0,0,9420,0x40000000,0x10000,0x0,0,0000,0000,00000000,0,0,0,0,143,4214,8340,958,0,
05-06 18:06:31.153  1040  1071 E BatteryDump: !@new_battery_dump : 4208,-187,100,100,87,300,302,300,0,0,304,300,0,Discharging,NO_CHARGING,None,Good,NONE,0,Normal,0,0,9420,0x40000000,0x10000,0x0,0,0000,0000,00000000,0,0,0,0,143,4214,8340,958,0,
05-06 18:06:33.354  1040  1071 E BatteryDump: !@new_battery_dump : 4207,-187,100,100,87,300,302,300,0,0,304,300,0,Discharging,NO_CHARGING,None,Good,NONE,0,Normal,0,0,9420,0x40000000,0x10000,0x0,0,0000,0000,00000000,0,0,0,0,143,4214,8340,958,0,
05-06 18:06:35.149  1040  1071 E BatteryDump: !@new_battery_dump : 4214,-187,100,100,87,300,303,301,0,0,304,301,0,Discharging,NO_CHARGING,None,Good,NONE,0,Normal,0,0,9420,0x40000000,0x10000,0x0,0,0000,0000,00000000,0,0,0,0,143,4214,8340,958,0,
05-06 18:06:37.336  1040  1071 E BatteryDump: !@new_battery_dump : 4212,-187,100,100,87,300,302,301,0,0,304,301,0,Discharging,NO_CHARGING,None,Good,NONE,0,Normal,0,0,9420,0x40000000,0x10000,0x0,0,0000,0000,00000000,0,0,0,0,143,4214,8340,958,0,
05-06 18:06:37.532  1365  1454 E Watchdog: !@Sync: 2211 heap: 86 / 105 FD: 1031 [2025-05-06 18:06:37.530]
05-06 18:06:39.220  1040  1071 E BatteryDump: !@new_battery_dump : 4213,-187,100,100,87,300,302,301,0,0,304,301,0,Discharging,NO_CHARGING,None,Good,NONE,0,Normal,0,0,9420,0x40000000,0x10000,0x0,0,0000,0000,00000000,0,0,0,0,143,4214,8340,958,0,
05-06 18:06:41.460  1040  1071 E BatteryDump: !@new_battery_dump : 4211,-187,100,100,87,300,302,301,0,0,304,301,0,Discharging,NO_CHARGING,None,Good,NONE,0,Normal,0,0,9420,0x40000000,0x10000,0x0,0,0000,0000,00000000,0,0,0,0,143,4214,8340,958,0,
05-06 18:06:44.253  1040  1071 E BatteryDump: !@new_battery_dump : 4212,-187,100,100,87,300,303,300,0,0,304,300,0,Discharging,NO_CHARGING,None,Good,NONE,0,Normal,0,0,9420,0x40000000,0x10000,0x0,0,0000,0000,00000000,0,0,0,0,143,4214,8340,958,0,
05-06 18:06:44.265  1044  1044 E SehThermal-HAL: need_to_update: 15060
05-06 18:06:44.389  1044  1113 E SehThermal-HAL: skip_to_update: 123
05-06 18:06:46.419  1040  1071 E BatteryDump: !@new_battery_dump : 4210,-187,100,100,87,300,302,300,0,0,304,300,0,Discharging,NO_CHARGING,None,Good,NONE,0,Normal,0,0,9420,0x40000000,0x10000,0x0,0,0000,0000,00000000,0,0,0,0,143,4214,8340,958,0,
05-06 18:06:49.168  1040  1071 E BatteryDump: !@new_battery_dump : 4214,-187,100,100,87,300,302,300,0,0,304,300,0,Discharging,NO_CHARGING,None,Good,NONE,0,Normal,0,0,9420,0x40000000,0x10000,0x0,0,0000,0000,00000000,0,0,0,0,143,4214,8340,958,0,
05-06 18:06:52.025  1040  1071 E BatteryDump: !@new_battery_dump : 4213,-187,100,100,87,300,302,300,0,0,304,300,0,Discharging,NO_CHARGING,None,Good,NONE,0,Normal,0,0,9420,0x40000000,0x10000,0x0,0,0000,0000,00000000,0,0,0,0,143,4214,8340,958,0,
05-06 18:06:53.086  1040  1071 E BatteryDump: !@new_battery_dump : 4212,-187,100,100,87,300,302,300,0,0,304,300,0,Discharging,NO_CHARGING,None,Good,NONE,0,Normal,0,0,9420,0x40000000,0x10000,0x0,0,0000,0000,00000000,0,0,0,0,143,4214,8340,958,0,
05-06 18:06:54.914  1040  1071 E BatteryDump: !@new_battery_dump : 4211,-187,100,100,87,300,302,300,0,0,304,300,0,Discharging,NO_CHARGING,None,Good,NONE,0,Normal,0,0,9420,0x40000000,0x10000,0x0,0,0000,0000,00000000,0,0,0,0,143,4214,8340,958,0,
05-06 18:06:56.082  1040  1071 E BatteryDump: !@new_battery_dump : 4211,-187,100,100,87,300,302,300,0,0,304,300,0,Discharging,NO_CHARGING,None,Good,NONE,0,Normal,0,0,9420,0x40000000,0x10000,0x0,0,0000,0000,00000000,0,0,0,0,143,4214,8340,958,0,
05-06 18:06:57.205  1040  1071 E BatteryDump: !@new_battery_dump : 4208,-187,100,100,87,300,302,300,0,0,304,300,0,Discharging,NO_CHARGING,None,Good,NONE,0,Normal,0,0,9420,0x40000000,0x10000,0x0,0,0000,0000,00000000,0,0,0,0,143,4214,8340,958,0,
05-06 18:06:59.077  1040  1071 E BatteryDump: !@new_battery_dump : 4203,-187,100,100,87,300,302,300,0,0,304,300,0,Discharging,NO_CHARGING,None,Good,NONE,0,Normal,0,0,9420,0x40000000,0x10000,0x0,0,0000,0000,00000000,0,0,0,0,143,4214,8340,958,0,
05-06 18:07:01.234  1040  1071 E BatteryDump: !@new_battery_dump : 4212,-187,100,100,87,300,302,301,0,0,304,301,0,Discharging,NO_CHARGING,None,Good,NONE,0,Normal,0,0,9420,0x40000000,0x10000,0x0,0,0000,0000,00000000,0,0,0,0,143,4214,8340,958,0,
05-06 18:07:03.027  1040  1071 E BatteryDump: !@new_battery_dump : 4210,-187,100,100,87,300,302,300,0,0,304,300,0,Discharging,NO_CHARGING,None,Good,NONE,0,Normal,0,0,9420,0x40000000,0x10000,0x0,0,0000,0000,00000000,0,0,0,0,143,4214,8340,958,0,
05-06 18:07:08.044  1040  1071 E BatteryDump: !@new_battery_dump : 4212,-187,100,100,87,300,302,300,0,0,304,300,0,Discharging,NO_CHARGING,None,Good,NONE,0,Normal,0,0,9420,0x40000000,0x10000,0x0,0,0000,0000,00000000,0,0,0,0,143,4214,8340,958,0,
05-06 18:07:09.134  1040  1071 E BatteryDump: !@new_battery_dump : 4206,-187,100,100,87,300,302,300,0,0,304,300,0,Discharging,NO_CHARGING,None,Good,NONE,0,Normal,0,0,9420,0x40000000,0x10000,0x0,0,0000,0000,00000000,0,0,0,0,143,4214,8340,958,0,
05-06 18:07:10.294  1040  1071 E BatteryDump: !@new_battery_dump : 4212,-187,100,100,87,300,302,300,0,0,304,300,0,Discharging,NO_CHARGING,None,Good,NONE,0,Normal,0,0,9420,0x40000000,0x10000,0x0,0,0000,0000,00000000,0,0,0,0,143,4214,8340,958,0,
05-06 18:07:12.209  1040  1071 E BatteryDump: !@new_battery_dump : 4214,-187,100,100,87,300,302,300,0,0,304,300,0,Discharging,NO_CHARGING,None,Good,NONE,0,Normal,0,0,9420,0x40000000,0x10000,0x0,0,0000,0000,00000000,0,0,0,0,143,4214,8340,958,0,
05-06 18:07:13.552  1040  1071 E BatteryDump: !@new_battery_dump : 4202,-187,100,100,87,300,302,301,0,0,304,301,0,Discharging,NO_CHARGING,None,Good,NONE,0,Normal,0,0,9420,0x40000000,0x10000,0x0,0,0000,0000,00000000,0,0,0,0,143,4214,8340,958,0,
05-06 18:07:15.558  1040  1071 E BatteryDump: !@new_battery_dump : 4213,-187,100,100,87,300,302,301,0,0,304,301,0,Discharging,NO_CHARGING,None,Good,NONE,0,Normal,0,0,9420,0x40000000,0x10000,0x0,0,0000,0000,00000000,0,0,0,0,143,4214,8340,958,0,
05-06 18:07:17.133  1040  1071 E BatteryDump: !@new_battery_dump : 4213,-187,100,100,87,300,302,301,0,0,304,301,0,Discharging,NO_CHARGING,None,Good,NONE,0,Normal,0,0,9420,0x40000000,0x10000,0x0,0,0000,0000,00000000,0,0,0,0,143,4214,8340,958,0,
05-06 18:07:18.762  1040  1071 E BatteryDump: !@new_battery_dump : 4214,-187,100,100,87,300,302,301,0,0,304,301,0,Discharging,NO_CHARGING,None,Good,NONE,0,Normal,0,0,9420,0x40000000,0x10000,0x0,0,0000,0000,00000000,0,0,0,0,143,4214,8340,958,0,
05-06 18:07:21.337  1040  1071 E BatteryDump: !@new_battery_dump : 4210,-187,100,100,87,300,302,301,0,0,304,301,0,Discharging,NO_CHARGING,None,Good,NONE,0,Normal,0,0,9420,0x40000000,0x10000,0x0,0,0000,0000,00000000,0,0,0,0,143,4214,8340,958,0,
05-06 18:07:23.884  1040  1071 E BatteryDump: !@new_battery_dump : 4214,-187,100,100,87,300,302,301,0,0,304,301,0,Discharging,NO_CHARGING,None,Good,NONE,0,Normal,0,0,9420,0x40000000,0x10000,0x0,0,0000,0000,00000000,0,0,0,0,143,4214,8340,958,0,
05-06 18:07:26.452  1040  1071 E BatteryDump: !@new_battery_dump : 4203,-187,100,100,87,300,302,300,0,0,304,300,0,Discharging,NO_CHARGING,None,Good,NONE,0,Normal,0,0,9420,0x40000000,0x10000,0x0,0,0000,0000,00000000,0,0,0,0,143,4214,8340,958,0,
05-06 18:07:27.719  1040  1071 E BatteryDump: !@new_battery_dump : 4208,-187,100,100,87,300,302,300,0,0,304,300,0,Discharging,NO_CHARGING,None,Good,NONE,0,Normal,0,0,9420,0x40000000,0x10000,0x0,0,0000,0000,00000000,0,0,0,0,143,4214,8340,958,0,
05-06 18:07:28.799  1040  1071 E BatteryDump: !@new_battery_dump : 4213,-187,100,100,87,300,302,301,0,0,304,301,0,Discharging,NO_CHARGING,None,Good,NONE,0,Normal,0,0,9420,0x40000000,0x10000,0x0,0,0000,0000,00000000,0,0,0,0,143,4214,8340,958,0,
05-06 18:07:29.003  1365  1454 E Watchdog: !@Sync: 2212 heap: 87 / 105 FD: 1031 [2025-05-06 18:07:29.002]
05-06 18:07:31.571  1044  1044 E SehThermal-HAL: need_to_update: 16261
05-06 18:07:31.575  1040  1071 E BatteryDump: !@new_battery_dump : 4211,-187,100,100,87,300,302,300,0,0,304,300,0,Discharging,NO_CHARGING,None,Good,NONE,0,Normal,0,0,9420,0x40000000,0x10000,0x0,0,0000,0000,00000000,0,0,0,0,143,4214,8340,958,0,
05-06 18:07:34.329  1040  1071 E BatteryDump: !@new_battery_dump : 4207,-187,100,100,87,300,302,300,0,0,304,300,0,Discharging,NO_CHARGING,None,Good,NONE,0,Normal,0,0,9420,0x40000000,0x10000,0x0,0,0000,0000,00000000,0,0,0,0,143,4214,8340,958,0,
05-06 18:07:36.377  1040  1071 E BatteryDump: !@new_battery_dump : 4213,-187,100,100,87,300,302,301,0,0,304,301,0,Discharging,NO_CHARGING,None,Good,NONE,0,Normal,0,0,9420,0x40000000,0x10000,0x0,0,0000,0000,00000000,0,0,0,0,143,4214,8340,958,0,
05-06 18:07:39.937  1040  1071 E BatteryDump: !@new_battery_dump : 4213,-187,100,100,87,300,302,301,0,0,304,301,0,Discharging,NO_CHARGING,None,Good,NONE,0,Normal,0,0,9420,0x40000000,0x10000,0x0,0,0000,0000,00000000,0,0,0,0,143,4214,8340,958,0,
05-06 18:07:41.594  1040  1071 E BatteryDump: !@new_battery_dump : 4209,-187,100,100,87,300,302,301,0,0,304,301,0,Discharging,NO_CHARGING,None,Good,NONE,0,Normal,0,0,9420,0x40000000,0x10000,0x0,0,0000,0000,00000000,0,0,0,0,143,4214,8340,958,0,
05-06 18:07:42.765  1040  1071 E BatteryDump: !@new_battery_dump : 4213,-187,100,100,87,300,302,301,0,0,304,301,0,Discharging,NO_CHARGING,None,Good,NONE,0,Normal,0,0,9420,0x40000000,0x10000,0x0,0,0000,0000,00000000,0,0,0,0,143,4214,8340,958,0,
05-06 18:07:44.475  1040  1071 E BatteryDump: !@new_battery_dump : 4212,-187,100,100,87,300,302,301,0,0,304,301,0,Discharging,NO_CHARGING,None,Good,NONE,0,Normal,0,0,9420,0x40000000,0x10000,0x0,0,0000,0000,00000000,0,0,0,0,143,4214,8340,958,0,
05-06 18:07:46.113  1040  1071 E BatteryDump: !@new_battery_dump : 4214,-187,100,100,87,300,302,301,0,0,304,301,0,Discharging,NO_CHARGING,None,Good,NONE,0,Normal,0,0,9420,0x40000000,0x10000,0x0,0,0000,0000,00000000,0,0,0,0,143,4214,8340,958,0,
05-06 18:07:47.964  1040  1071 E BatteryDump: !@new_battery_dump : 4214,-187,100,100,87,300,302,301,0,0,304,301,0,Discharging,NO_CHARGING,None,Good,NONE,0,Normal,0,0,9420,0x40000000,0x10000,0x0,0,0000,0000,00000000,0,0,0,0,143,4214,8340,958,0,
05-06 18:07:50.148  1040  1071 E BatteryDump: !@new_battery_dump : 4211,-187,100,100,87,300,302,301,0,0,304,301,0,Discharging,NO_CHARGING,None,Good,NONE,0,Normal,0,0,9420,0x40000000,0x10000,0x0,0,0000,0000,00000000,0,0,0,0,143,4214,8340,958,0,
05-06 18:07:51.946  1044  1044 E SehThermal-HAL: need_to_update: 15160
05-06 18:07:51.952  1040  1071 E BatteryDump: !@new_battery_dump : 4207,-187,100,100,87,300,302,301,0,0,304,301,0,Discharging,NO_CHARGING,None,Good,NONE,0,Normal,0,0,9420,0x40000000,0x10000,0x0,0,0000,0000,00000000,0,0,0,0,143,4214,8340,958,0,
05-06 18:07:52.837  1044  1113 E SehThermal-HAL: skip_to_update: 891
05-06 18:07:55.840  1040  1071 E BatteryDump: !@new_battery_dump : 4213,-187,100,100,87,300,302,301,0,0,304,301,0,Discharging,NO_CHARGING,None,Good,NONE,0,Normal,0,0,9420,0x40000000,0x10000,0x0,0,0000,0000,00000000,0,0,0,0,143,4214,8340,958,0,
05-06 18:07:59.411  1040  1071 E BatteryDump: !@new_battery_dump : 4214,-187,100,100,87,300,302,301,0,0,304,301,0,Discharging,NO_CHARGING,None,Good,NONE,0,Normal,0,0,9420,0x40000000,0x10000,0x0,0,0000,0000,00000000,0,0,0,0,143,4214,8340,958,0,
05-06 18:08:01.141  1040  1071 E BatteryDump: !@new_battery_dump : 4214,-187,100,100,87,300,303,302,0,0,304,302,0,Discharging,NO_CHARGING,None,Good,NONE,0,Normal,0,0,9420,0x40000000,0x10000,0x0,0,0000,0000,00000000,0,0,0,0,143,4214,8340,958,0,
05-06 18:08:02.306 28653 28653 E .provider.badge: Not starting debugger since process cannot load the jdwp agent.
05-06 18:08:13.338  1365  1454 E Watchdog: !@Sync: 2213 heap: 86 / 105 FD: 1030 [2025-05-06 18:08:13.337]
05-06 18:08:31.191  1040  1071 E BatteryDump: !@new_battery_dump : 4211,-26,100,100,87,300,302,304,0,0,304,304,0,Discharging,NO_CHARGING,None,Good,NONE,0,Normal,0,0,9420,0x40000000,0x10000,0x0,0,0000,0000,00000000,0,0,0,0,143,4214,8340,958,0,
05-06 18:08:32.579  1040  1071 E BatteryDump: !@new_battery_dump : 4212,-26,100,100,87,300,302,304,0,0,306,304,0,Discharging,NO_CHARGING,None,Good,NONE,0,Normal,0,0,9420,0x40000000,0x10000,0x0,0,0000,0000,00000000,0,0,0,0,143,4214,8340,958,0,
05-06 18:08:34.223  1040  1071 E BatteryDump: !@new_battery_dump : 4210,-26,100,100,87,300,302,304,0,0,306,304,0,Discharging,NO_CHARGING,None,Good,NONE,0,Normal,0,0,9420,0x40000000,0x10000,0x0,0,0000,0000,00000000,0,0,0,0,143,4214,8340,958,0,
05-06 18:08:36.788  1040  1071 E BatteryDump: !@new_battery_dump : 4214,-26,100,100,87,300,302,303,0,0,306,303,0,Discharging,NO_CHARGING,None,Good,NONE,0,Normal,0,0,9420,0x40000000,0x10000,0x0,0,0000,0000,00000000,0,0,0,0,143,4214,8340,958,0,
05-06 18:08:38.338  1040  1071 E BatteryDump: !@new_battery_dump : 4214,-26,100,100,87,300,302,303,0,0,306,303,0,Discharging,NO_CHARGING,None,Good,NONE,0,Normal,0,0,9420,0x40000000,0x10000,0x0,0,0000,0000,00000000,0,0,0,0,143,4214,8340,958,0,
05-06 18:08:39.952  1040  1071 E BatteryDump: !@new_battery_dump : 4214,-26,100,100,87,300,302,303,0,0,306,303,0,Discharging,NO_CHARGING,None,Good,NONE,0,Normal,0,0,9420,0x40000000,0x10000,0x0,0,0000,0000,00000000,0,0,0,0,143,4214,8340,958,0,
05-06 18:08:42.422  1044  1044 E SehThermal-HAL: need_to_update: 15347
05-06 18:08:42.426  1040  1071 E BatteryDump: !@new_battery_dump : 4213,-26,100,100,87,300,302,303,0,0,306,303,0,Discharging,NO_CHARGING,None,Good,NONE,0,Normal,0,0,9420,0x40000000,0x10000,0x0,0,0000,0000,00000000,0,0,0,0,143,4214,8340,958,0,
05-06 18:08:44.481  1040  1071 E BatteryDump: !@new_battery_dump : 4205,-26,100,100,87,300,302,302,0,0,305,302,0,Discharging,NO_CHARGING,None,Good,NONE,0,Normal,0,0,9420,0x40000000,0x10000,0x0,0,0000,0000,00000000,0,0,0,0,143,4214,8340,958,0,
05-06 18:08:48.055  1040  1071 E BatteryDump: !@new_battery_dump : 4214,-26,100,100,87,300,302,302,0,0,305,302,0,Discharging,NO_CHARGING,None,Good,NONE,0,Normal,0,0,9420,0x40000000,0x10000,0x0,0,0000,0000,00000000,0,0,0,0,143,4214,8340,958,0,
05-06 18:08:50.616  1040  1071 E BatteryDump: !@new_battery_dump : 4214,-26,100,100,87,300,302,301,0,0,305,301,0,Discharging,NO_CHARGING,None,Good,NONE,0,Normal,0,0,9420,0x40000000,0x10000,0x0,0,0000,0000,00000000,0,0,0,0,143,4214,8340,958,0,
05-06 18:08:52.752  1040  1071 E BatteryDump: !@new_battery_dump : 4210,-26,100,100,87,300,302,302,0,0,305,302,0,Discharging,NO_CHARGING,None,Good,NONE,0,Normal,0,0,9420,0x40000000,0x10000,0x0,0,0000,0000,00000000,0,0,0,0,143,4214,8340,958,0,
05-06 18:08:54.607  1040  1071 E BatteryDump: !@new_battery_dump : 4212,-26,100,100,87,300,302,302,0,0,305,302,0,Discharging,NO_CHARGING,None,Good,NONE,0,Normal,0,0,9420,0x40000000,0x10000,0x0,0,0000,0000,00000000,0,0,0,0,143,4214,8340,958,0,
05-06 18:08:55.612  1040  1071 E BatteryDump: !@new_battery_dump : 4213,-26,100,100,87,300,302,302,0,0,305,302,0,Discharging,NO_CHARGING,None,Good,NONE,0,Normal,0,0,9420,0x40000000,0x10000,0x0,0,0000,0000,00000000,0,0,0,0,143,4214,8340,958,0,
05-06 18:08:58.188  1040  1071 E BatteryDump: !@new_battery_dump : 4214,-26,100,100,87,300,302,302,0,0,305,302,0,Discharging,NO_CHARGING,None,Good,NONE,0,Normal,0,0,9420,0x40000000,0x10000,0x0,0,0000,0000,00000000,0,0,0,0,143,4214,8340,958,0,
05-06 18:08:58.747  1365  1454 E Watchdog: !@Sync: 2214 heap: 96 / 105 FD: 1035 [2025-05-06 18:08:58.746]
05-06 18:09:00.923  1044  1044 E SehThermal-HAL: need_to_update: 15614
05-06 18:09:00.925  1040  1071 E BatteryDump: !@new_battery_dump : 4210,-26,100,100,87,300,302,302,0,0,305,302,0,Discharging,NO_CHARGING,None,Good,NONE,0,Normal,0,0,9420,0x40000000,0x10000,0x0,0,0000,0000,00000000,0,0,0,0,143,4214,8340,958,0,
05-06 18:09:03.428  1040  1071 E BatteryDump: !@new_battery_dump : 4212,-26,100,100,87,300,302,302,0,0,305,302,0,Discharging,NO_CHARGING,None,Good,NONE,0,Normal,0,0,9420,0x40000000,0x10000,0x0,0,0000,0000,00000000,0,0,0,0,143,4214,8340,958,0,
05-06 18:09:04.520  1040  1071 E BatteryDump: !@new_battery_dump : 4211,-26,100,100,87,300,302,302,0,0,305,302,0,Discharging,NO_CHARGING,None,Good,NONE,0,Normal,0,0,9420,0x40000000,0x10000,0x0,0,0000,0000,00000000,0,0,0,0,143,4214,8340,958,0,
05-06 18:09:05.632  1040  1071 E BatteryDump: !@new_battery_dump : 4211,-26,100,100,87,300,302,302,0,0,305,302,0,Discharging,NO_CHARGING,None,Good,NONE,0,Normal,0,0,9420,0x40000000,0x10000,0x0,0,0000,0000,00000000,0,0,0,0,143,4214,8340,958,0,
05-06 18:09:06.692  1040  1071 E BatteryDump: !@new_battery_dump : 4212,-26,100,100,87,300,302,302,0,0,305,302,0,Discharging,NO_CHARGING,None,Good,NONE,0,Normal,0,0,9420,0x40000000,0x10000,0x0,0,0000,0000,00000000,0,0,0,0,143,4214,8340,958,0,
05-06 18:09:09.762  1040  1071 E BatteryDump: !@new_battery_dump : 4213,-26,100,100,87,300,302,302,0,0,305,302,0,Discharging,NO_CHARGING,None,Good,NONE,0,Normal,0,0,9420,0x40000000,0x10000,0x0,0,0000,0000,00000000,0,0,0,0,143,4214,8340,958,0,
05-06 18:09:33.015  1365  1454 E Watchdog: !@Sync: 2215 heap: 87 / 105 FD: 1030 [2025-05-06 18:09:33.014]
05-06 18:09:39.805  1040  1071 E BatteryDump: !@new_battery_dump : 4212,-25,100,100,87,300,302,302,0,0,305,302,0,Discharging,NO_CHARGING,None,Good,NONE,0,Normal,0,0,9420,0x40000000,0x10000,0x0,0,0000,0000,00000000,0,0,0,0,143,4214,8340,958,0,
05-06 18:09:44.289  1040  1071 E BatteryDump: !@new_battery_dump : 4209,-25,100,100,87,300,302,303,0,0,305,303,0,Discharging,NO_CHARGING,None,Good,NONE,0,Normal,0,0,9420,0x40000000,0x10000,0x0,0,0000,0000,00000000,0,0,0,0,143,4214,8340,958,0,
05-06 18:09:46.839  1040  1071 E BatteryDump: !@new_battery_dump : 4210,-25,100,100,87,300,303,303,0,0,305,303,0,Discharging,NO_CHARGING,None,Good,NONE,0,Normal,0,0,9420,0x40000000,0x10000,0x0,0,0000,0000,00000000,0,0,0,0,143,4214,8340,958,0,
05-06 18:09:48.452  1040  1071 E BatteryDump: !@new_battery_dump : 4211,-25,100,100,87,300,302,303,0,0,305,303,0,Discharging,NO_CHARGING,None,Good,NONE,0,Normal,0,0,9420,0x40000000,0x10000,0x0,0,0000,0000,00000000,0,0,0,0,143,4214,8340,958,0,
05-06 18:09:50.532  1040  1071 E BatteryDump: !@new_battery_dump : 4207,-25,100,100,87,300,302,303,0,0,305,303,0,Discharging,NO_CHARGING,None,Good,NONE,0,Normal,0,0,9420,0x40000000,0x10000,0x0,0,0000,0000,00000000,0,0,0,0,143,4214,8340,958,0,
05-06 18:09:52.740  1040  1071 E BatteryDump: !@new_battery_dump : 4208,-25,100,100,87,300,302,303,0,0,305,303,0,Discharging,NO_CHARGING,None,Good,NONE,0,Normal,0,0,9420,0x40000000,0x10000,0x0,0,0000,0000,00000000,0,0,0,0,143,4214,8340,958,0,
05-06 18:09:56.359  1040  1071 E BatteryDump: !@new_battery_dump : 4214,-25,100,100,87,300,302,303,0,0,305,303,0,Discharging,NO_CHARGING,None,Good,NONE,0,Normal,0,0,9420,0x40000000,0x10000,0x0,0,0000,0000,00000000,0,0,0,0,143,4214,8340,958,0,
05-06 18:09:59.646  1040  1071 E BatteryDump: !@new_battery_dump : 4208,-25,100,100,87,300,302,302,0,0,305,302,0,Discharging,NO_CHARGING,None,Good,NONE,0,Normal,0,0,9420,0x40000000,0x10000,0x0,0,0000,0000,00000000,0,0,0,0,143,4214,8340,958,0,
05-06 18:10:02.179  1040  1071 E BatteryDump: !@new_battery_dump : 4207,-25,100,100,87,300,302,303,0,0,305,303,0,Discharging,NO_CHARGING,None,Good,NONE,0,Normal,0,0,9420,0x40000000,0x10000,0x0,0,0000,0000,00000000,0,0,0,0,143,4214,8340,958,0,
05-06 18:10:03.844  1040  1071 E BatteryDump: !@new_battery_dump : 4213,-25,100,100,87,300,302,303,0,0,305,303,0,Discharging,NO_CHARGING,None,Good,NONE,0,Normal,0,0,9420,0x40000000,0x10000,0x0,0,0000,0000,00000000,0,0,0,0,143,4214,8340,958,0,
05-06 18:10:05.890  1040  1071 E BatteryDump: !@new_battery_dump : 4210,-25,100,100,87,300,303,303,0,0,305,303,0,Discharging,NO_CHARGING,None,Good,NONE,0,Normal,0,0,9420,0x40000000,0x10000,0x0,0,0000,0000,00000000,0,0,0,0,143,4214,8340,958,0,
05-06 18:10:08.024  1040  1071 E BatteryDump: !@new_battery_dump : 4213,-25,100,100,87,300,302,303,0,0,305,303,0,Discharging,NO_CHARGING,None,Good,NONE,0,Normal,0,0,9420,0x40000000,0x10000,0x0,0,0000,0000,00000000,0,0,0,0,143,4214,8340,958,0,
05-06 18:10:09.950  1040  1071 E BatteryDump: !@new_battery_dump : 4214,-25,100,100,87,300,302,303,0,0,305,303,0,Discharging,NO_CHARGING,None,Good,NONE,0,Normal,0,0,9420,0x40000000,0x10000,0x0,0,0000,0000,00000000,0,0,0,0,143,4214,8340,958,0,
05-06 18:10:10.962  1040  1071 E BatteryDump: !@new_battery_dump : 4213,-25,100,100,87,301,302,303,0,0,305,303,0,Discharging,NO_CHARGING,None,Good,NONE,0,Normal,0,0,9420,0x40000000,0x10000,0x0,0,0000,0000,00000000,0,0,0,0,143,4214,8340,958,0,
05-06 18:10:12.747  1040  1071 E BatteryDump: !@new_battery_dump : 4213,-25,100,100,87,300,302,303,0,0,305,303,0,Discharging,NO_CHARGING,None,Good,NONE,0,Normal,0,0,9420,0x40000000,0x10000,0x0,0,0000,0000,00000000,0,0,0,0,143,4214,8340,958,0,
05-06 18:10:14.095  1040  1071 E BatteryDump: !@new_battery_dump : 4202,-25,100,100,87,300,303,303,0,0,305,303,0,Discharging,NO_CHARGING,None,Good,NONE,0,Normal,0,0,9420,0x40000000,0x10000,0x0,0,0000,0000,00000000,0,0,0,0,143,4214,8340,958,0,
05-06 18:10:16.130  1040  1071 E BatteryDump: !@new_battery_dump : 4214,-25,100,100,87,300,303,303,0,0,305,303,0,Discharging,NO_CHARGING,None,Good,NONE,0,Normal,0,0,9420,0x40000000,0x10000,0x0,0,0000,0000,00000000,0,0,0,0,143,4214,8340,958,0,
05-06 18:10:17.758  1040  1071 E BatteryDump: !@new_battery_dump : 4213,-25,100,100,87,301,302,303,0,0,305,303,0,Discharging,NO_CHARGING,None,Good,NONE,0,Normal,0,0,9420,0x40000000,0x10000,0x0,0,0000,0000,00000000,0,0,0,0,143,4214,8340,958,0,
05-06 18:10:18.889  1365  1454 E Watchdog: !@Sync: 2216 heap: 89 / 105 FD: 1031 [2025-05-06 18:10:18.888]
05-06 18:10:19.877  1040  1071 E BatteryDump: !@new_battery_dump : 4212,-25,100,100,87,300,302,303,0,0,305,303,0,Discharging,NO_CHARGING,None,Good,NONE,0,Normal,0,0,9420,0x40000000,0x10000,0x0,0,0000,0000,00000000,0,0,0,0,143,4214,8340,958,0,
05-06 18:10:21.768  1040  1071 E BatteryDump: !@new_battery_dump : 4211,-25,100,100,87,300,303,303,0,0,305,303,0,Discharging,NO_CHARGING,None,Good,NONE,0,Normal,0,0,9420,0x40000000,0x10000,0x0,0,0000,0000,00000000,0,0,0,0,143,4214,8340,958,0,
05-06 18:10:23.805  1044  1044 E SehThermal-HAL: need_to_update: 16562
05-06 18:10:23.817  1040  1071 E BatteryDump: !@new_battery_dump : 4200,-25,100,100,87,301,303,303,0,0,305,303,0,Discharging,NO_CHARGING,None,Good,NONE,0,Normal,0,0,9420,0x40000000,0x10000,0x0,0,0000,0000,00000000,0,0,0,0,143,4214,8340,958,0,
05-06 18:10:25.430  1040  1071 E BatteryDump: !@new_battery_dump : 4207,-25,100,100,87,300,302,303,0,0,306,303,0,Discharging,NO_CHARGING,None,Good,NONE,0,Normal,0,0,9420,0x40000000,0x10000,0x0,0,0000,0000,00000000,0,0,0,0,143,4214,8340,958,0,
05-06 18:10:26.510  1040  1071 E BatteryDump: !@new_battery_dump : 4203,-25,100,100,87,301,303,303,0,0,306,303,0,Discharging,NO_CHARGING,None,Good,NONE,0,Normal,0,0,9420,0x40000000,0x10000,0x0,0,0000,0000,00000000,0,0,0,0,143,4214,8340,958,0,
05-06 18:10:30.639  1040  1071 E BatteryDump: !@new_battery_dump : 4214,-25,100,100,87,301,303,303,0,0,306,303,0,Discharging,NO_CHARGING,None,Good,NONE,0,Normal,0,0,9420,0x40000000,0x10000,0x0,0,0000,0000,00000000,0,0,0,0,143,4214,8340,958,0,
05-06 18:10:32.317  1040  1071 E BatteryDump: !@new_battery_dump : 4203,-25,100,100,87,301,303,303,0,0,306,303,0,Discharging,NO_CHARGING,None,Good,NONE,0,Normal,0,0,9420,0x40000000,0x10000,0x0,0,0000,0000,00000000,0,0,0,0,143,4214,8340,958,0,
05-06 18:10:34.522  1040  1071 E BatteryDump: !@new_battery_dump : 4204,-25,100,100,87,301,303,303,0,0,306,303,0,Discharging,NO_CHARGING,None,Good,NONE,0,Normal,0,0,9420,0x40000000,0x10000,0x0,0,0000,0000,00000000,0,0,0,0,143,4214,8340,958,0,
05-06 18:10:36.404  1040  1071 E BatteryDump: !@new_battery_dump : 4203,-25,100,100,87,301,303,303,0,0,306,303,0,Discharging,NO_CHARGING,None,Good,NONE,0,Normal,0,0,9420,0x40000000,0x10000,0x0,0,0000,0000,00000000,0,0,0,0,143,4214,8340,958,0,
05-06 18:10:39.954  1040  1071 E BatteryDump: !@new_battery_dump : 4209,-25,100,100,87,301,302,303,0,0,306,303,0,Discharging,NO_CHARGING,None,Good,NONE,0,Normal,0,0,9420,0x40000000,0x10000,0x0,0,0000,0000,00000000,0,0,0,0,143,4214,8340,958,0,
05-06 18:10:40.959  1040  1071 E BatteryDump: !@new_battery_dump : 4209,-25,100,100,87,300,302,303,0,0,306,303,0,Discharging,NO_CHARGING,None,Good,NONE,0,Normal,0,0,9420,0x40000000,0x10000,0x0,0,0000,0000,00000000,0,0,0,0,143,4214,8340,958,0,
05-06 18:10:43.572  1040  1071 E BatteryDump: !@new_battery_dump : 4213,-25,100,100,87,301,303,303,0,0,306,303,0,Discharging,NO_CHARGING,None,Good,NONE,0,Normal,0,0,9420,0x40000000,0x10000,0x0,0,0000,0000,00000000,0,0,0,0,143,4214,8340,958,0,
05-06 18:10:46.145  1040  1071 E BatteryDump: !@new_battery_dump : 4214,-25,100,100,87,301,302,303,0,0,306,303,0,Discharging,NO_CHARGING,None,Good,NONE,0,Normal,0,0,9420,0x40000000,0x10000,0x0,0,0000,0000,00000000,0,0,0,0,143,4214,8340,958,0,
05-06 18:10:48.176  1040  1071 E BatteryDump: !@new_battery_dump : 4214,-25,100,100,87,301,303,303,0,0,306,303,0,Discharging,NO_CHARGING,None,Good,NONE,0,Normal,0,0,9420,0x40000000,0x10000,0x0,0,0000,0000,00000000,0,0,0,0,143,4214,8340,958,0,
05-06 18:10:48.463  1040  1071 E BatteryDump: !@new_battery_dump : 4208,-25,100,100,87,301,303,303,0,0,306,303,0,Discharging,NO_CHARGING,None,Good,NONE,0,Normal,0,0,9420,0x40000000,0x10000,0x0,0,0000,0000,00000000,0,0,0,0,143,4214,8340,958,0,
05-06 18:10:50.215  1040  1071 E BatteryDump: !@new_battery_dump : 4203,-25,100,100,87,300,303,303,0,0,306,303,0,Discharging,NO_CHARGING,None,Good,NONE,0,Normal,0,0,9420,0x40000000,0x10000,0x0,0,0000,0000,00000000,0,0,0,0,143,4214,8340,958,0,
05-06 18:10:51.765  1040  1071 E BatteryDump: !@new_battery_dump : 4213,-25,100,100,87,301,303,303,0,0,306,303,0,Discharging,NO_CHARGING,None,Good,NONE,0,Normal,0,0,9420,0x40000000,0x10000,0x0,0,0000,0000,00000000,0,0,0,0,143,4214,8340,958,0,
05-06 18:10:54.310  1040  1071 E BatteryDump: !@new_battery_dump : 4213,-25,100,100,87,300,303,303,0,0,306,303,0,Discharging,NO_CHARGING,None,Good,NONE,0,Normal,0,0,9420,0x40000000,0x10000,0x0,0,0000,0000,00000000,0,0,0,0,143,4214,8340,958,0,
05-06 18:10:56.446  1040  1071 E BatteryDump: !@new_battery_dump : 4213,-25,100,100,87,301,303,303,0,0,306,303,0,Discharging,NO_CHARGING,None,Good,NONE,0,Normal,0,0,9420,0x40000000,0x10000,0x0,0,0000,0000,00000000,0,0,0,0,143,4214,8340,958,0,
05-06 18:10:56.451  1044  1044 E SehThermal-HAL: need_to_update: 16506
05-06 18:10:57.148  1040  1071 E BatteryDump: !@new_battery_dump : 4207,-25,100,100,87,301,303,303,0,0,306,303,0,Discharging,NO_CHARGING,None,Good,NONE,0,Normal,0,0,9420,0x40000000,0x10000,0x0,0,0000,0000,00000000,0,0,0,0,143,4214,8340,958,0,
05-06 18:10:59.433  1040  1071 E BatteryDump: !@new_battery_dump : 4208,-25,100,100,87,301,303,303,0,0,306,303,0,Discharging,NO_CHARGING,None,Good,NONE,0,Normal,0,0,9420,0x40000000,0x10000,0x0,0,0000,0000,00000000,0,0,0,0,143,4214,8340,958,0,
05-06 18:11:02.511  1040  1071 E BatteryDump: !@new_battery_dump : 4203,-25,100,100,87,301,303,303,0,0,306,303,0,Discharging,NO_CHARGING,None,Good,NONE,0,Normal,0,0,9420,0x40000000,0x10000,0x0,0,0000,0000,00000000,0,0,0,0,143,4214,8340,958,0,
05-06 18:11:04.659  1040  1071 E BatteryDump: !@new_battery_dump : 4212,-25,100,100,87,301,303,303,0,0,306,303,0,Discharging,NO_CHARGING,None,Good,NONE,0,Normal,0,0,9420,0x40000000,0x10000,0x0,0,0000,0000,00000000,0,0,0,0,143,4214,8340,958,0,
05-06 18:11:06.513  1040  1071 E BatteryDump: !@new_battery_dump : 4214,-25,100,100,87,301,302,303,0,0,306,303,0,Discharging,NO_CHARGING,None,Good,NONE,0,Normal,0,0,9420,0x40000000,0x10000,0x0,0,0000,0000,00000000,0,0,0,0,143,4214,8340,958,0,
05-06 18:11:07.746  1365  1454 E Watchdog: !@Sync: 2217 heap: 92 / 105 FD: 1031 [2025-05-06 18:11:07.745]
05-06 18:11:08.749  1040  1071 E BatteryDump: !@new_battery_dump : 4212,-25,100,100,87,301,303,303,0,0,306,303,0,Discharging,NO_CHARGING,None,Good,NONE,0,Normal,0,0,9420,0x40000000,0x10000,0x0,0,0000,0000,00000000,0,0,0,0,143,4214,8340,958,0,
05-06 18:11:09.920  1040  1071 E BatteryDump: !@new_battery_dump : 4213,-25,100,100,87,301,303,304,0,0,306,304,0,Discharging,NO_CHARGING,None,Good,NONE,0,Normal,0,0,9420,0x40000000,0x10000,0x0,0,0000,0000,00000000,0,0,0,0,143,4214,8340,958,0,
05-06 18:11:11.532  1040  1071 E BatteryDump: !@new_battery_dump : 4214,-25,100,100,87,301,303,304,0,0,306,304,0,Discharging,NO_CHARGING,None,Good,NONE,0,Normal,0,0,9420,0x40000000,0x10000,0x0,0,0000,0000,00000000,0,0,0,0,143,4214,8340,958,0,
05-06 18:11:13.040  1040  1071 E BatteryDump: !@new_battery_dump : 4211,-25,100,100,87,301,303,304,0,0,306,304,0,Discharging,NO_CHARGING,None,Good,NONE,0,Normal,0,0,9420,0x40000000,0x10000,0x0,0,0000,0000,00000000,0,0,0,0,143,4214,8340,958,0,
05-06 18:11:14.298  1040  1071 E BatteryDump: !@new_battery_dump : 4213,-25,100,100,86,301,302,304,0,0,306,304,0,Discharging,NO_CHARGING,None,Good,NONE,0,Normal,0,0,9420,0x40000000,0x10000,0x0,0,0000,0000,00000000,0,0,0,0,143,4214,8330,958,0,
05-06 18:11:14.347 29060 29060 E roid.apps.turbo: Not starting debugger since process cannot load the jdwp agent.
05-06 18:11:16.311  1040  1071 E BatteryDump: !@new_battery_dump : 4213,-25,100,100,86,301,303,305,0,0,306,305,0,Discharging,NO_CHARGING,None,Good,NONE,0,Normal,0,0,9420,0x40000000,0x10000,0x0,0,0000,0000,00000000,0,0,0,0,143,4214,8330,958,0,
05-06 18:11:17.959  1040  1071 E BatteryDump: !@new_battery_dump : 4206,-25,100,100,86,300,303,305,0,0,306,305,0,Discharging,NO_CHARGING,None,Good,NONE,0,Normal,0,0,9420,0x40000000,0x10000,0x0,0,0000,0000,00000000,0,0,0,0,143,4214,8330,958,0,
05-06 18:11:19.617  1040  1071 E BatteryDump: !@new_battery_dump : 4209,-25,100,100,86,301,303,305,0,0,306,305,0,Discharging,NO_CHARGING,None,Good,NONE,0,Normal,0,0,9420,0x40000000,0x10000,0x0,0,0000,0000,00000000,0,0,0,0,143,4214,8330,958,0,
05-06 18:11:19.667  1365  1466 E system_server: updateValue is called with a value 110412, which is lower than the previous value 110417
05-06 18:11:19.667  1365  1466 E system_server: updateValue is called with a value 135459, which is lower than the previous value 135462
05-06 18:11:22.481  1040  1071 E BatteryDump: !@new_battery_dump : 4214,-25,100,100,86,301,303,304,0,0,306,304,0,Discharging,NO_CHARGING,None,Good,NONE,0,Normal,0,0,9420,0x40000000,0x10000,0x0,0,0000,0000,00000000,0,0,0,0,143,4214,8330,958,0,
05-06 18:11:24.635  1040  1071 E BatteryDump: !@new_battery_dump : 4211,-25,100,100,86,301,303,304,0,0,306,304,0,Discharging,NO_CHARGING,None,Good,NONE,0,Normal,0,0,9420,0x40000000,0x10000,0x0,0,0000,0000,00000000,0,0,0,0,143,4214,8330,958,0,
05-06 18:11:26.773  1040  1071 E BatteryDump: !@new_battery_dump : 4210,-25,100,100,86,301,303,304,0,0,306,304,0,Discharging,NO_CHARGING,None,Good,NONE,0,Normal,0,0,9420,0x40000000,0x10000,0x0,0,0000,0000,00000000,0,0,0,0,143,4214,8330,958,0,
05-06 18:11:28.998  1040  1071 E BatteryDump: !@new_battery_dump : 4209,-25,100,100,86,301,303,304,0,0,306,304,0,Discharging,NO_CHARGING,None,Good,NONE,0,Normal,0,0,9420,0x40000000,0x10000,0x0,0,0000,0000,00000000,0,0,0,0,143,4214,8330,958,0,
05-06 18:11:29.004  1044  1044 E SehThermal-HAL: need_to_update: 16020
05-06 18:11:30.316  1044  1113 E SehThermal-HAL: skip_to_update: 1311
05-06 18:11:32.106  1040  1071 E BatteryDump: !@new_battery_dump : 4208,-25,100,100,86,301,303,304,0,0,306,304,0,Discharging,NO_CHARGING,None,Good,NONE,0,Normal,0,0,9420,0x40000000,0x10000,0x0,0,0000,0000,00000000,0,0,0,0,143,4214,8330,958,0,
05-06 18:11:35.701  1040  1071 E BatteryDump: !@new_battery_dump : 4214,-25,100,100,86,301,303,303,0,0,306,303,0,Discharging,NO_CHARGING,None,Good,NONE,0,Normal,0,0,9420,0x40000000,0x10000,0x0,0,0000,0000,00000000,0,0,0,0,143,4214,8330,958,0,
05-06 18:11:37.236  1040  1071 E BatteryDump: !@new_battery_dump : 4211,-25,100,100,86,301,303,303,0,0,306,303,0,Discharging,NO_CHARGING,None,Good,NONE,0,Normal,0,0,9420,0x40000000,0x10000,0x0,0,0000,0000,00000000,0,0,0,0,143,4214,8330,958,0,
05-06 18:11:38.870  1040  1071 E BatteryDump: !@new_battery_dump : 4212,-25,100,100,86,301,303,303,0,0,306,303,0,Discharging,NO_CHARGING,None,Good,NONE,0,Normal,0,0,9420,0x40000000,0x10000,0x0,0,0000,0000,00000000,0,0,0,0,143,4214,8330,958,0,
05-06 18:11:42.070  1040  1071 E BatteryDump: !@new_battery_dump : 4211,-25,100,100,86,301,303,303,0,0,306,303,0,Discharging,NO_CHARGING,None,Good,NONE,0,Normal,0,0,9420,0x40000000,0x10000,0x0,0,0000,0000,00000000,0,0,0,0,143,4214,8330,958,0,
05-06 18:11:47.061  1044  1044 E SehThermal-HAL: need_to_update: 18056
05-06 18:11:47.066  1040  1071 E BatteryDump: !@new_battery_dump : 4214,-25,100,100,86,301,303,303,0,0,306,303,0,Discharging,NO_CHARGING,None,Good,NONE,0,Normal,0,0,9420,0x40000000,0x10000,0x0,0,0000,0000,00000000,0,0,0,0,143,4214,8330,958,0,
05-06 18:11:47.607  1044  1113 E SehThermal-HAL: skip_to_update: 546
05-06 18:11:49.355  1365  4438 E KernelCpuUidFullTimeReader: Negative delta from freq time for uid: 90000, delta: -291
05-06 18:11:49.356  1365  4438 E KernelCpuUidFullTimeReader: Negative delta from freq time for uid: 90001, delta: -5
05-06 18:11:49.356  1365  4438 E KernelCpuUidFullTimeReader: Negative delta from freq time for uid: 90002, delta: -2
05-06 18:11:51.760  1040  1071 E BatteryDump: !@new_battery_dump : 4213,-25,100,100,86,301,303,303,0,0,306,303,0,Discharging,NO_CHARGING,None,Good,NONE,0,Normal,0,0,9420,0x40000000,0x10000,0x0,0,0000,0000,00000000,0,0,0,0,143,4214,8330,958,0,
05-06 18:11:52.902  1040  1071 E BatteryDump: !@new_battery_dump : 4206,-25,100,100,86,301,303,305,0,0,306,305,0,Discharging,NO_CHARGING,None,Good,NONE,0,Normal,0,0,9420,0x40000000,0x10000,0x0,0,0000,0000,00000000,0,0,0,0,143,4214,8330,958,0,
05-06 18:11:53.894  1040  1071 E BatteryDump: !@new_battery_dump : 4209,-25,100,100,86,301,303,305,0,0,306,305,0,Discharging,NO_CHARGING,None,Good,NONE,0,Normal,0,0,9420,0x40000000,0x10000,0x0,0,0000,0000,00000000,0,0,0,0,143,4214,8330,958,0,
05-06 18:11:54.927  1040  1071 E BatteryDump: !@new_battery_dump : 4211,-25,100,100,86,301,303,305,0,0,306,305,0,Discharging,NO_CHARGING,None,Good,NONE,0,Normal,0,0,9420,0x40000000,0x10000,0x0,0,0000,0000,00000000,0,0,0,0,143,4214,8330,958,0,
05-06 18:11:57.685  1040  1071 E BatteryDump: !@new_battery_dump : 4213,-25,100,100,86,301,303,305,0,0,306,305,0,Discharging,NO_CHARGING,None,Good,NONE,0,Normal,0,0,9420,0x40000000,0x10000,0x0,0,0000,0000,00000000,0,0,0,0,143,4214,8330,958,0,
05-06 18:11:57.755  1365  1454 E Watchdog: !@Sync: 2218 heap: 87 / 109 FD: 1030 [2025-05-06 18:11:57.754]
05-06 18:11:59.848  1040  1071 E BatteryDump: !@new_battery_dump : 4209,-25,100,100,86,301,303,304,0,0,306,304,0,Discharging,NO_CHARGING,None,Good,NONE,0,Normal,0,0,9420,0x40000000,0x10000,0x0,0,0000,0000,00000000,0,0,0,0,143,4214,8330,958,0,
05-06 18:12:00.284  1040  1071 E BatteryDump: !@new_battery_dump : 4211,-25,100,100,86,301,303,304,0,0,306,304,0,Discharging,NO_CHARGING,None,Good,NONE,0,Normal,0,0,9420,0x40000000,0x10000,0x0,0,0000,0000,00000000,0,0,0,0,143,4214,8330,958,0,
05-06 18:12:03.036  1044  1044 E SehThermal-HAL: need_to_update: 15974
05-06 18:12:03.039  1040  1071 E BatteryDump: !@new_battery_dump : 4213,-25,100,100,86,301,303,304,0,0,306,304,0,Discharging,NO_CHARGING,None,Good,NONE,0,Normal,0,0,9420,0x40000000,0x10000,0x0,0,0000,0000,00000000,0,0,0,0,143,4214,8330,958,0,
05-06 18:12:04.761  1040  1071 E BatteryDump: !@new_battery_dump : 4213,-25,100,100,86,300,303,304,0,0,306,304,0,Discharging,NO_CHARGING,None,Good,NONE,0,Normal,0,0,9420,0x40000000,0x10000,0x0,0,0000,0000,00000000,0,0,0,0,143,4214,8330,958,0,
05-06 18:12:04.848  1044  1113 E SehThermal-HAL: skip_to_update: 1812
05-06 18:12:06.414  1040  1071 E BatteryDump: !@new_battery_dump : 4206,-25,100,100,86,301,303,304,0,0,306,304,0,Discharging,NO_CHARGING,None,Good,NONE,0,Normal,0,0,9420,0x40000000,0x10000,0x0,0,0000,0000,00000000,0,0,0,0,143,4214,8330,958,0,
05-06 18:12:07.955  1040  1071 E BatteryDump: !@new_battery_dump : 4202,-25,100,100,86,301,303,303,0,0,306,303,0,Discharging,NO_CHARGING,None,Good,NONE,0,Normal,0,0,9420,0x40000000,0x10000,0x0,0,0000,0000,00000000,0,0,0,0,143,4214,8330,958,0,
05-06 18:12:08.311  1040  1071 E BatteryDump: !@new_battery_dump : 4209,-25,100,100,86,301,303,304,0,0,306,304,0,Discharging,NO_CHARGING,None,Good,NONE,0,Normal,0,0,9420,0x40000000,0x10000,0x0,0,0000,0000,00000000,0,0,0,0,143,4214,8330,958,0,
05-06 18:12:09.955  1040  1071 E BatteryDump: !@new_battery_dump : 4213,-25,100,100,86,301,303,304,0,0,306,304,0,Discharging,NO_CHARGING,None,Good,NONE,0,Normal,0,0,9420,0x40000000,0x10000,0x0,0,0000,0000,00000000,0,0,0,0,143,4214,8330,958,0,
05-06 18:12:11.005  1040  1071 E BatteryDump: !@new_battery_dump : 4212,-25,100,100,86,301,303,304,0,0,306,304,0,Discharging,NO_CHARGING,None,Good,NONE,0,Normal,0,0,9420,0x40000000,0x10000,0x0,0,0000,0000,00000000,0,0,0,0,143,4214,8330,958,0,
05-06 18:12:13.581  1040  1071 E BatteryDump: !@new_battery_dump : 4213,-25,100,100,86,300,303,303,0,0,306,303,0,Discharging,NO_CHARGING,None,Good,NONE,0,Normal,0,0,9420,0x40000000,0x10000,0x0,0,0000,0000,00000000,0,0,0,0,143,4214,8330,958,0,
05-06 18:12:14.925  1040  1071 E BatteryDump: !@new_battery_dump : 4204,-25,100,100,86,301,303,304,0,0,306,304,0,Discharging,NO_CHARGING,None,Good,NONE,0,Normal,0,0,9420,0x40000000,0x10000,0x0,0,0000,0000,00000000,0,0,0,0,143,4214,8330,958,0,
05-06 18:12:16.965  1040  1071 E BatteryDump: !@new_battery_dump : 4213,-25,100,100,86,301,303,304,0,0,306,304,0,Discharging,NO_CHARGING,None,Good,NONE,0,Normal,0,0,9420,0x40000000,0x10000,0x0,0,0000,0000,00000000,0,0,0,0,143,4214,8330,958,0,
05-06 18:12:19.521  1044  1044 E SehThermal-HAL: need_to_update: 16485
05-06 18:12:19.527  1040  1071 E BatteryDump: !@new_battery_dump : 4213,-25,100,100,86,301,303,304,0,0,306,304,0,Discharging,NO_CHARGING,None,Good,NONE,0,Normal,0,0,9420,0x40000000,0x10000,0x0,0,0000,0000,00000000,0,0,0,0,143,4214,8330,958,0,
05-06 18:12:23.090  1040  1071 E BatteryDump: !@new_battery_dump : 4207,-25,100,100,86,301,303,303,0,0,306,303,0,Discharging,NO_CHARGING,None,Good,NONE,0,Normal,0,0,9420,0x40000000,0x10000,0x0,0,0000,0000,00000000,0,0,0,0,143,4214,8330,958,0,
05-06 18:12:27.092  1040  1071 E BatteryDump: !@new_battery_dump : 4213,-25,100,100,86,301,303,303,0,0,306,303,0,Discharging,NO_CHARGING,None,Good,NONE,0,Normal,0,0,9420,0x40000000,0x10000,0x0,0,0000,0000,00000000,0,0,0,0,143,4214,8330,958,0,
05-06 18:12:30.692  1040  1071 E BatteryDump: !@new_battery_dump : 4209,-25,100,100,86,301,303,303,0,0,306,303,0,Discharging,NO_CHARGING,None,Good,NONE,0,Normal,0,0,9420,0x40000000,0x10000,0x0,0,0000,0000,00000000,0,0,0,0,143,4214,8330,958,0,
05-06 18:12:32.322  1040  1071 E BatteryDump: !@new_battery_dump : 4210,-25,100,100,86,301,303,303,0,0,306,303,0,Discharging,NO_CHARGING,None,Good,NONE,0,Normal,0,0,9420,0x40000000,0x10000,0x0,0,0000,0000,00000000,0,0,0,0,143,4214,8330,958,0,
05-06 18:12:33.861  1040  1071 E BatteryDump: !@new_battery_dump : 4209,-25,100,100,86,301,303,303,0,0,306,303,0,Discharging,NO_CHARGING,None,Good,NONE,0,Normal,0,0,9420,0x40000000,0x10000,0x0,0,0000,0000,00000000,0,0,0,0,143,4214,8330,958,0,
05-06 18:12:35.483  1040  1071 E BatteryDump: !@new_battery_dump : 4214,-25,100,100,86,301,303,303,0,0,306,303,0,Discharging,NO_CHARGING,None,Good,NONE,0,Normal,0,0,9420,0x40000000,0x10000,0x0,0,0000,0000,00000000,0,0,0,0,143,4214,8330,958,0,
05-06 18:12:37.130  1040  1071 E BatteryDump: !@new_battery_dump : 4214,-25,100,100,86,301,303,303,0,0,306,303,0,Discharging,NO_CHARGING,None,Good,NONE,0,Normal,0,0,9420,0x40000000,0x10000,0x0,0,0000,0000,00000000,0,0,0,0,143,4214,8330,958,0,
05-06 18:12:40.384  1040  1071 E BatteryDump: !@new_battery_dump : 4211,-25,100,100,86,301,303,303,0,0,306,303,0,Discharging,NO_CHARGING,None,Good,NONE,0,Normal,0,0,9420,0x40000000,0x10000,0x0,0,0000,0000,00000000,0,0,0,0,143,4214,8330,958,0,
05-06 18:12:40.391  1044  1044 E SehThermal-HAL: need_to_update: 15114
05-06 18:12:42.664  1040  1071 E BatteryDump: !@new_battery_dump : 4213,-25,100,100,86,301,303,303,0,0,306,303,0,Discharging,NO_CHARGING,None,Good,NONE,0,Normal,0,0,9420,0x40000000,0x10000,0x0,0,0000,0000,00000000,0,0,0,0,143,4214,8330,958,0,
05-06 18:12:44.312  1040  1071 E BatteryDump: !@new_battery_dump : 4213,-25,100,100,86,301,303,303,0,0,306,303,0,Discharging,NO_CHARGING,None,Good,NONE,0,Normal,0,0,9420,0x40000000,0x10000,0x0,0,0000,0000,00000000,0,0,0,0,143,4214,8330,958,0,
05-06 18:12:46.032  1040  1071 E BatteryDump: !@new_battery_dump : 4207,-25,100,100,86,301,303,303,0,0,306,303,0,Discharging,NO_CHARGING,None,Good,NONE,0,Normal,0,0,9420,0x40000000,0x10000,0x0,0,0000,0000,00000000,0,0,0,0,143,4214,8330,958,0,
05-06 18:12:49.734  1040  1071 E BatteryDump: !@new_battery_dump : 4210,-25,100,100,86,301,303,303,0,0,306,303,0,Discharging,NO_CHARGING,None,Good,NONE,0,Normal,0,0,9420,0x40000000,0x10000,0x0,0,0000,0000,00000000,0,0,0,0,143,4214,8330,958,0,
05-06 18:12:51.367  1040  1071 E BatteryDump: !@new_battery_dump : 4200,-25,100,100,86,301,303,303,0,0,306,303,0,Discharging,NO_CHARGING,None,Good,NONE,0,Normal,0,0,9420,0x40000000,0x10000,0x0,0,0000,0000,00000000,0,0,0,0,143,4214,8330,958,0,
05-06 18:12:53.004  1040  1071 E BatteryDump: !@new_battery_dump : 4207,-25,100,100,86,301,303,303,0,0,306,303,0,Discharging,NO_CHARGING,None,Good,NONE,0,Normal,0,0,9420,0x40000000,0x10000,0x0,0,0000,0000,00000000,0,0,0,0,143,4214,8330,958,0,
05-06 18:12:54.753  1040  1071 E BatteryDump: !@new_battery_dump : 4213,-25,100,100,86,301,303,303,0,0,306,303,0,Discharging,NO_CHARGING,None,Good,NONE,0,Normal,0,0,9420,0x40000000,0x10000,0x0,0,0000,0000,00000000,0,0,0,0,143,4214,8330,958,0,
05-06 18:12:58.321  1040  1071 E BatteryDump: !@new_battery_dump : 4207,-25,100,100,86,301,303,303,0,0,306,303,0,Discharging,NO_CHARGING,None,Good,NONE,0,Normal,0,0,9420,0x40000000,0x10000,0x0,0,0000,0000,00000000,0,0,0,0,143,4214,8330,958,0,
05-06 18:12:59.970  1040  1071 E BatteryDump: !@new_battery_dump : 4213,-25,100,100,86,301,303,303,0,0,306,303,0,Discharging,NO_CHARGING,None,Good,NONE,0,Normal,0,0,9420,0x40000000,0x10000,0x0,0,0000,0000,00000000,0,0,0,0,143,4214,8330,958,0,
05-06 18:13:00.342  1040  1071 E BatteryDump: !@new_battery_dump : 4206,-25,100,100,86,301,303,303,0,0,306,303,0,Discharging,NO_CHARGING,None,Good,NONE,0,Normal,0,0,9420,0x40000000,0x10000,0x0,0,0000,0000,00000000,0,0,0,0,143,4214,8330,958,0,
05-06 18:13:02.024  1044  1044 E SehThermal-HAL: need_to_update: 15940
05-06 18:13:02.025  1040  1071 E BatteryDump: !@new_battery_dump : 4213,-25,100,100,86,301,303,303,0,0,306,303,0,Discharging,NO_CHARGING,None,Good,NONE,0,Normal,0,0,9420,0x40000000,0x10000,0x0,0,0000,0000,00000000,0,0,0,0,143,4214,8330,958,0,
05-06 18:13:02.081  1365  1454 E Watchdog: !@Sync: 2219 heap: 93 / 109 FD: 1030 [2025-05-06 18:13:02.080]
05-06 18:13:03.659  1040  1071 E BatteryDump: !@new_battery_dump : 4207,-25,100,100,86,301,303,303,0,0,306,303,0,Discharging,NO_CHARGING,None,Good,NONE,0,Normal,0,0,9420,0x40000000,0x10000,0x0,0,0000,0000,00000000,0,0,0,0,143,4214,8330,958,0,
05-06 18:13:05.171  1040  1071 E BatteryDump: !@new_battery_dump : 4202,-25,100,100,86,301,303,303,0,0,306,303,0,Discharging,NO_CHARGING,None,Good,NONE,0,Normal,0,0,9420,0x40000000,0x10000,0x0,0,0000,0000,00000000,0,0,0,0,143,4214,8330,958,0,
05-06 18:13:06.824  1040  1071 E BatteryDump: !@new_battery_dump : 4206,-25,100,100,86,301,303,303,0,0,306,303,0,Discharging,NO_CHARGING,None,Good,NONE,0,Normal,0,0,9420,0x40000000,0x10000,0x0,0,0000,0000,00000000,0,0,0,0,143,4214,8330,958,0,
05-06 18:13:08.363  1040  1071 E BatteryDump: !@new_battery_dump : 4207,-25,100,100,86,301,303,303,0,0,306,303,0,Discharging,NO_CHARGING,None,Good,NONE,0,Normal,0,0,9420,0x40000000,0x10000,0x0,0,0000,0000,00000000,0,0,0,0,143,4214,8330,958,0,
05-06 18:13:09.964  1040  1071 E BatteryDump: !@new_battery_dump : 4205,-25,100,100,86,301,303,303,0,0,306,303,0,Discharging,NO_CHARGING,None,Good,NONE,0,Normal,0,0,9420,0x40000000,0x10000,0x0,0,0000,0000,00000000,0,0,0,0,143,4214,8330,958,0,
05-06 18:13:12.470  1040  1071 E BatteryDump: !@new_battery_dump : 4208,-25,100,100,86,301,303,303,0,0,306,303,0,Discharging,NO_CHARGING,None,Good,NONE,0,Normal,0,0,9420,0x40000000,0x10000,0x0,0,0000,0000,00000000,0,0,0,0,143,4214,8330,958,0,
05-06 18:13:14.072  1040  1071 E BatteryDump: !@new_battery_dump : 4211,-25,100,100,86,301,303,303,0,0,306,303,0,Discharging,NO_CHARGING,None,Good,NONE,0,Normal,0,0,9420,0x40000000,0x10000,0x0,0,0000,0000,00000000,0,0,0,0,143,4214,8330,958,0,
05-06 18:13:15.440  1040  1071 E BatteryDump: !@new_battery_dump : 4213,-25,100,100,86,301,303,303,0,0,306,303,0,Discharging,NO_CHARGING,None,Good,NONE,0,Normal,0,0,9420,0x40000000,0x10000,0x0,0,0000,0000,00000000,0,0,0,0,143,4214,8330,958,0,
05-06 18:13:19.111  1040  1071 E BatteryDump: !@new_battery_dump : 4209,-25,100,100,86,301,303,303,0,0,306,303,0,Discharging,NO_CHARGING,None,Good,NONE,0,Normal,0,0,9420,0x40000000,0x10000,0x0,0,0000,0000,00000000,0,0,0,0,143,4214,8330,958,0,
05-06 18:13:19.835  1040  1071 E BatteryDump: !@new_battery_dump : 4213,-25,100,100,86,301,303,303,0,0,306,303,0,Discharging,NO_CHARGING,None,Good,NONE,0,Normal,0,0,9420,0x40000000,0x10000,0x0,0,0000,0000,00000000,0,0,0,0,143,4214,8330,958,0,
05-06 18:13:20.010  2245  2245 E AbsSettings: refreshInner: refreshedSettingsDBItem key SELECTED_PALETTE_INDEX val = 0
05-06 18:13:20.012  2245  2245 E AbsSettings: refreshInner: refreshedSettingsDBItem key lock_theme_clock_package val = com.needwin.Eclipse2
05-06 18:13:20.014  2245  2245 E AbsSettings: refreshInner: refreshedSettingsDBItem key lock_theme_clock_package_settings val = com.needwin.Eclipse2
05-06 18:13:20.015  2245  2245 E AbsSettings: refreshInner: refreshedSettingsDBItem key CLOCK_VERSION val = 300000
05-06 18:13:20.016  2245  2245 E AbsSettings: refreshInner: refreshedSettingsDBItem key PALETTE_VERSION val = 400000
05-06 18:13:20.017  2245  2245 E AbsSettings: refreshInner: refreshedSettingsDBItem key lock_clock_scale_rate val = 1.0
05-06 18:13:20.018  2245  2245 E AbsSettings: refreshInner: refreshedSettingsDBItem key lock_clock_font_type val = 0
05-06 18:13:20.020  2245  2245 E AbsSettings: refreshInner: refreshedSettingsDBItem key lock_clock_visibility val = 0
05-06 18:13:20.021  2245  2245 E AbsSettings: refreshInner: refreshedSettingsDBItem key profile_id val = 0
05-06 18:13:20.028  2245  2245 E AbsSettings: refreshInner: refreshedSettingsDBItem key SELECTED_THEME_CLOCK_TYPE val = 50004
05-06 18:13:20.029  2245  2245 E AbsSettings: refreshInner: refreshedSettingsDBItem key SELECTED_THEME_CLOCK_TYPE val = 50004
05-06 18:13:20.030  2245  2245 E AbsSettings: refreshInner: refreshedSettingsDBItem key SELECTED_THEME_CLOCK_TYPE val = 50004
05-06 18:13:20.058  2245  2245 E AbsSettings: refreshInner: refreshedSettingsDBItem key SELECTED_THEME_CLOCK_TYPE val = 50004
05-06 18:13:20.059  2245  2245 E AbsSettings: refreshInner: refreshedSettingsDBItem key aod_content_type val = -1
05-06 18:13:20.067  2245  2245 E AbsSettings: refreshInner: refreshedSettingsDBItem key SELECTED_THEME_CLOCK_TYPE val = 50004
05-06 18:13:20.121  2245  2245 E MODManager: hideSubUIChargingInfo skip because mAODChargingInfoSubUiPresenter is null
05-06 18:13:20.123  2245  2245 E AOD_CONFIG@AODConfigurationController: Skipping initialize MONITOR_FOLD_STATE - no registered monitor
05-06 18:13:20.130  2245  2245 E AbsSettings: refreshInner: refreshedSettingsDBItem key APPLIED_THEME_GRAY_LEVEL val = 115.0
05-06 18:13:20.131  2245  2245 E AbsSettings: refreshInner: refreshedSettingsDBItem key SELECTED_THEME_CLOCK_TYPE val = 50004
05-06 18:13:20.155  2245  2245 E AbsSettings: refreshInner: refreshedSettingsDBItem key SELECTED_THEME_CLOCK_TYPE val = 50004
05-06 18:13:20.156  2245  2245 E AbsSettings: refreshInner: refreshedSettingsDBItem key aod_content_type val = -1
05-06 18:13:20.161  2245  2245 E ThemeUtils: View class com.samsung.android.uniform.widget.CropGifImageView is an AppCompat widget that can only be used with a Theme.AppCompat theme (or descendant).
05-06 18:13:20.201  2245  2245 E AbsSettings: refreshInner: refreshedSettingsDBItem key SELECTED_THEME_CLOCK_TYPE val = 50004
05-06 18:13:20.249  2245  2245 E AbsSettings: refreshInner: refreshedSettingsDBItem key SELECTED_THEME_CLOCK_TYPE val = 50004
05-06 18:13:20.335 29474 29474 E .app.aodservice: Not starting debugger since process cannot load the jdwp agent.
05-06 18:13:20.584 29474 29474 E DBManager: query: mDBAdapter is null. please init first.
05-06 18:13:20.584 29474 29474 E DBManager: query: mDBAdapter is null. please init first.
05-06 18:13:20.585 29474 29474 E DBManager: query: mDBAdapter is null. please init first.
05-06 18:13:20.585 29474 29474 E DBManager: query: mDBAdapter is null. please init first.
05-06 18:13:20.585 29474 29474 E DBManager: query: mDBAdapter is null. please init first.
05-06 18:13:20.585 29474 29474 E DBManager: query: mDBAdapter is null. please init first.
05-06 18:13:20.585 29474 29474 E DBManager: query: mDBAdapter is null. please init first.
05-06 18:13:20.585 29474 29474 E DBManager: query: mDBAdapter is null. please init first.
05-06 18:13:20.585 29474 29474 E DBManager: query: mDBAdapter is null. please init first.
05-06 18:13:20.586 29474 29474 E DBManager: query: mDBAdapter is null. please init first.
05-06 18:13:20.586 29474 29474 E DBManager: query: mDBAdapter is null. please init first.
05-06 18:13:20.586 29474 29474 E DBManager: query: mDBAdapter is null. please init first.
05-06 18:13:20.586 29474 29474 E DBManager: query: mDBAdapter is null. please init first.
05-06 18:13:20.586 29474 29474 E DBManager: query: mDBAdapter is null. please init first.
05-06 18:13:20.586 29474 29474 E DBManager: query: mDBAdapter is null. please init first.
